FILE/ACTION/Swing/M0000_Eren.swg
FILE/ACTION/Swing/M0001_Mikasa.swg
FILE/ACTION/Swing/M0002_Armin.swg
FILE/ACTION/Swing/M0003_Reiner.swg
FILE/ACTION/Swing/M0004_Bertolt.swg
FILE/ACTION/Swing/M0005_Annie.swg
FILE/ACTION/Swing/M0006_Jean.swg
FILE/ACTION/Swing/M0007_Connie.swg
FILE/ACTION/Swing/M0008_Sasha.swg
FILE/ACTION/Swing/M0009_Krista.swg
FILE/ACTION/Swing/M0010_Ymir.swg
FILE/ACTION/Swing/M0011_Levi.swg
FILE/ACTION/Swing/M0012_Hans.swg
FILE/ACTION/Swing/M0013_Elvin.swg
FILE/ACTION/Swing/M0100_Marco.swg
FILE/ACTION/Swing/M0101_Thomas.swg
FILE/ACTION/Swing/M0102_Mina.swg
FILE/ACTION/Swing/M0103_Mike.swg
FILE/ACTION/Swing/M0104_Oluo.swg
FILE/ACTION/Swing/M0105_Petra.swg
FILE/ACTION/Swing/M0106_Gunther.swg
FILE/ACTION/Swing/M0107_Eld.swg
FILE/ACTION/Swing/M0108_Moblit.swg
FILE/ACTION/Swing/M0109_Ian.swg
FILE/ACTION/Swing/M0110_Rico.swg
FILE/ACTION/Swing/M0111_Nile.swg
FILE/ACTION/Swing/M0112_Mitabi.swg
FILE/ACTION/Swing/M0113_Marlowe.swg
FILE/ACTION/Swing/M0114_Hitch.swg
FILE/ACTION/Swing/M0115_Hannes.swg
FILE/ACTION/Swing/M0200_Pixis.swg
FILE/ACTION/Swing/M0201_Keith.swg
FILE/ACTION/Swing/M0202_Kitz.swg
FILE/ACTION/Swing/M0203_Zackly.swg
FILE/ACTION/Swing/M0204_Nick.swg
FILE/ACTION/Swing/M0205_Reeves.swg
FILE/ACTION/Swing/M0300_Soldier_M_Normal.swg
FILE/ACTION/Swing/M0301_Soldier_M_Muscle.swg
FILE/ACTION/Swing/M0302_Soldier_M_Small.swg
FILE/ACTION/Swing/M0303_Soldier_F_Normal.swg
FILE/ACTION/Swing/M0304_Soldier_F_Glamor.swg
FILE/ACTION/Swing/M0305_Soldier_F_Small.swg
FILE/ACTION/Swing/M0400_Noble_M.swg
FILE/ACTION/Swing/M0401_Noble_F.swg
FILE/ACTION/Swing/M0402_Citizen_M.swg
FILE/ACTION/Swing/M0403_Citizen_F.swg
FILE/ACTION/Swing/M0404_Worker_M.swg
FILE/ACTION/Swing/M0405_Worker_F.swg
FILE/ACTION/Swing/M0406_Child_M.swg
FILE/ACTION/Swing/M0407_Child_F.swg
FILE/ACTION/Swing/M1002_Female_Titan.swg
FILE/ACTION/Swing/M1004_Eren_Titan.swg
FILE/ACTION/Swing/M1007_Female_Titan_Sub_00.swg
FILE/ACTION/Swing/M1012_Female_Titan_Sub_01.swg
FILE/ACTION/Swing/M1017_Female_Titan_Sub_02.swg
FILE/ACTION/Swing/M1022_Female_Titan_Sub_03.swg
FILE/ACTION/Swing/M1027_Female_Titan_Sub_04.swg
FILE/ACTION/Swing/M1030_Kalura_Titan.swg
FILE/ACTION/Swing/M3401_TitanFace_Hair_01.swg
FILE/ACTION/Swing/M3402_TitanFace_Hair_02.swg
FILE/ACTION/Swing/M3403_TitanFace_Hair_03.swg
FILE/ACTION/Swing/M3408_TitanFace_Hair_08.swg
FILE/ACTION/Swing/M3411_TitanFace_Hair_11.swg
FILE/ACTION/Swing/M3412_TitanFace_Hair_12.swg
FILE/EVENT/COMMON_RESOURCE/SWING/H5006_EV_Mantle_Hood_Sleeves.swg
FILE/SCENE/EnvironmentTexture/CloudParticleNormalMap.g1t
FILE/SCENE/EnvironmentTexture/st00_00_L01_AmbientDiffuse.g1t
FILE/SCENE/EnvironmentTexture/st00_00_L01_AmbientSpecular.g1t
FILE/SCENE/EnvironmentTexture/st00_00_L02_AmbientDiffuse.g1t
FILE/SCENE/EnvironmentTexture/st00_00_L02_AmbientSpecular.g1t
FILE/SCENE/EnvironmentTexture/st00_00_L03_AmbientDiffuse.g1t
FILE/SCENE/EnvironmentTexture/st00_00_L03_AmbientSpecular.g1t
FILE/SCENE/EnvironmentTexture/st00_00_L04_AmbientDiffuse.g1t
FILE/SCENE/EnvironmentTexture/st00_00_L04_AmbientSpecular.g1t
FILE/SCENE/EnvironmentTexture/st00_00_L05_AmbientDiffuse.g1t
FILE/SCENE/EnvironmentTexture/st00_00_L05_AmbientSpecular.g1t
FILE/SCENE/EnvironmentTexture/st00_00_L06_AmbientDiffuse.g1t
FILE/SCENE/EnvironmentTexture/st00_00_L06_AmbientSpecular.g1t
FILE/SCENE/EnvironmentTexture/st01_00_L01_AmbientDiffuse.g1t
FILE/SCENE/EnvironmentTexture/st01_00_L01_AmbientSpecular.g1t
FILE/SCENE/EnvironmentTexture/st01_00_L02_AmbientDiffuse.g1t
FILE/SCENE/EnvironmentTexture/st01_00_L02_AmbientSpecular.g1t
FILE/SCENE/EnvironmentTexture/st01_00_L03_AmbientDiffuse.g1t
FILE/SCENE/EnvironmentTexture/st01_00_L03_AmbientSpecular.g1t
FILE/SCENE/EnvironmentTexture/st01_00_L04_AmbientDiffuse.g1t
FILE/SCENE/EnvironmentTexture/st01_00_L04_AmbientSpecular.g1t
FILE/SCENE/EnvironmentTexture/st01_00_L05_AmbientDiffuse.g1t
FILE/SCENE/EnvironmentTexture/st01_00_L05_AmbientSpecular.g1t
FILE/SCENE/EnvironmentTexture/st01_00_L06_AmbientDiffuse.g1t
FILE/SCENE/EnvironmentTexture/st01_00_L06_AmbientSpecular.g1t
FILE/SCENE/EnvironmentTexture/st02_00_L01_AmbientDiffuse.g1t
FILE/SCENE/EnvironmentTexture/st02_00_L01_AmbientSpecular.g1t
FILE/SCENE/EnvironmentTexture/st02_00_L02_AmbientDiffuse.g1t
FILE/SCENE/EnvironmentTexture/st02_00_L02_AmbientSpecular.g1t
FILE/SCENE/EnvironmentTexture/st02_00_L03_AmbientDiffuse.g1t
FILE/SCENE/EnvironmentTexture/st02_00_L03_AmbientSpecular.g1t
FILE/SCENE/EnvironmentTexture/st02_00_L04_AmbientDiffuse.g1t
FILE/SCENE/EnvironmentTexture/st02_00_L04_AmbientSpecular.g1t
FILE/SCENE/EnvironmentTexture/st02_00_L05_AmbientDiffuse.g1t
FILE/SCENE/EnvironmentTexture/st02_00_L05_AmbientSpecular.g1t
FILE/SCENE/EnvironmentTexture/st02_00_L06_AmbientDiffuse.g1t
FILE/SCENE/EnvironmentTexture/st02_00_L06_AmbientSpecular.g1t
FILE/SCENE/EnvironmentTexture/st03_00_L01_AmbientDiffuse.g1t
FILE/SCENE/EnvironmentTexture/st03_00_L01_AmbientSpecular.g1t
FILE/SCENE/EnvironmentTexture/st03_00_L02_AmbientDiffuse.g1t
FILE/SCENE/EnvironmentTexture/st03_00_L02_AmbientSpecular.g1t
FILE/SCENE/EnvironmentTexture/st03_00_L03_AmbientDiffuse.g1t
FILE/SCENE/EnvironmentTexture/st03_00_L03_AmbientSpecular.g1t
FILE/SCENE/EnvironmentTexture/st03_00_L04_AmbientDiffuse.g1t
FILE/SCENE/EnvironmentTexture/st03_00_L04_AmbientSpecular.g1t
FILE/SCENE/EnvironmentTexture/st03_00_L05_AmbientDiffuse.g1t
FILE/SCENE/EnvironmentTexture/st03_00_L05_AmbientSpecular.g1t
FILE/SCENE/EnvironmentTexture/st03_00_L06_AmbientDiffuse.g1t
FILE/SCENE/EnvironmentTexture/st03_00_L06_AmbientSpecular.g1t
FILE/SCENE/EnvironmentTexture/st04_00_L01_AmbientDiffuse.g1t
FILE/SCENE/EnvironmentTexture/st04_00_L01_AmbientSpecular.g1t
FILE/SCENE/EnvironmentTexture/st04_00_L02_AmbientDiffuse.g1t
FILE/SCENE/EnvironmentTexture/st04_00_L02_AmbientSpecular.g1t
FILE/SCENE/EnvironmentTexture/st04_00_L03_AmbientDiffuse.g1t
FILE/SCENE/EnvironmentTexture/st04_00_L03_AmbientSpecular.g1t
FILE/SCENE/EnvironmentTexture/st04_00_L04_AmbientDiffuse.g1t
FILE/SCENE/EnvironmentTexture/st04_00_L04_AmbientSpecular.g1t
FILE/SCENE/EnvironmentTexture/st04_00_L05_AmbientDiffuse.g1t
FILE/SCENE/EnvironmentTexture/st04_00_L05_AmbientSpecular.g1t
FILE/SCENE/EnvironmentTexture/st04_00_L06_AmbientDiffuse.g1t
FILE/SCENE/EnvironmentTexture/st04_00_L06_AmbientSpecular.g1t
FILE/SCENE/EnvironmentTexture/st05_00_L01_AmbientDiffuse.g1t
FILE/SCENE/EnvironmentTexture/st05_00_L01_AmbientSpecular.g1t
FILE/SCENE/EnvironmentTexture/st05_00_L02_AmbientDiffuse.g1t
FILE/SCENE/EnvironmentTexture/st05_00_L02_AmbientSpecular.g1t
FILE/SCENE/EnvironmentTexture/st05_00_L03_AmbientDiffuse.g1t
FILE/SCENE/EnvironmentTexture/st05_00_L03_AmbientSpecular.g1t
FILE/SCENE/EnvironmentTexture/st05_00_L04_AmbientDiffuse.g1t
FILE/SCENE/EnvironmentTexture/st05_00_L04_AmbientSpecular.g1t
FILE/SCENE/EnvironmentTexture/st05_00_L05_AmbientDiffuse.g1t
FILE/SCENE/EnvironmentTexture/st05_00_L05_AmbientSpecular.g1t
FILE/SCENE/EnvironmentTexture/st05_00_L06_AmbientDiffuse.g1t
FILE/SCENE/EnvironmentTexture/st05_00_L06_AmbientSpecular.g1t
FILE/SCENE/EnvironmentTexture/st06_00_L01_AmbientDiffuse.g1t
FILE/SCENE/EnvironmentTexture/st06_00_L01_AmbientSpecular.g1t
FILE/SCENE/EnvironmentTexture/st06_00_L02_AmbientDiffuse.g1t
FILE/SCENE/EnvironmentTexture/st06_00_L02_AmbientSpecular.g1t
FILE/SCENE/EnvironmentTexture/st06_00_L03_AmbientDiffuse.g1t
FILE/SCENE/EnvironmentTexture/st06_00_L03_AmbientSpecular.g1t
FILE/SCENE/EnvironmentTexture/st06_00_L04_AmbientDiffuse.g1t
FILE/SCENE/EnvironmentTexture/st06_00_L04_AmbientSpecular.g1t
FILE/SCENE/EnvironmentTexture/st06_00_L05_AmbientDiffuse.g1t
FILE/SCENE/EnvironmentTexture/st06_00_L05_AmbientSpecular.g1t
FILE/SCENE/EnvironmentTexture/st06_00_L06_AmbientDiffuse.g1t
FILE/SCENE/EnvironmentTexture/st06_00_L06_AmbientSpecular.g1t
FILE/SCENE/EnvironmentTexture/st07_00_L01_AmbientDiffuse.g1t
FILE/SCENE/EnvironmentTexture/st07_00_L01_AmbientSpecular.g1t
FILE/SCENE/EnvironmentTexture/st07_00_L02_AmbientDiffuse.g1t
FILE/SCENE/EnvironmentTexture/st07_00_L02_AmbientSpecular.g1t
FILE/SCENE/EnvironmentTexture/st07_00_L03_AmbientDiffuse.g1t
FILE/SCENE/EnvironmentTexture/st07_00_L03_AmbientSpecular.g1t
FILE/SCENE/EnvironmentTexture/st07_00_L04_AmbientDiffuse.g1t
FILE/SCENE/EnvironmentTexture/st07_00_L04_AmbientSpecular.g1t
FILE/SCENE/EnvironmentTexture/st07_00_L05_AmbientDiffuse.g1t
FILE/SCENE/EnvironmentTexture/st07_00_L05_AmbientSpecular.g1t
FILE/SCENE/EnvironmentTexture/st07_00_L06_AmbientDiffuse.g1t
FILE/SCENE/EnvironmentTexture/st07_00_L06_AmbientSpecular.g1t
FILE/SCENE/EnvironmentTexture/st08_00_L01_AmbientDiffuse.g1t
FILE/SCENE/EnvironmentTexture/st08_00_L01_AmbientSpecular.g1t
FILE/SCENE/EnvironmentTexture/st08_00_L02_AmbientDiffuse.g1t
FILE/SCENE/EnvironmentTexture/st08_00_L02_AmbientSpecular.g1t
FILE/SCENE/EnvironmentTexture/st08_00_L03_AmbientDiffuse.g1t
FILE/SCENE/EnvironmentTexture/st08_00_L03_AmbientSpecular.g1t
FILE/SCENE/EnvironmentTexture/st08_00_L04_AmbientDiffuse.g1t
FILE/SCENE/EnvironmentTexture/st08_00_L04_AmbientSpecular.g1t
FILE/SCENE/EnvironmentTexture/st08_00_L05_AmbientDiffuse.g1t
FILE/SCENE/EnvironmentTexture/st08_00_L05_AmbientSpecular.g1t
FILE/SCENE/EnvironmentTexture/st08_00_L06_AmbientDiffuse.g1t
FILE/SCENE/EnvironmentTexture/st08_00_L06_AmbientSpecular.g1t
FILE/SCENE/EnvironmentTexture/st09_00_L01_AmbientDiffuse.g1t
FILE/SCENE/EnvironmentTexture/st09_00_L01_AmbientSpecular.g1t
FILE/SCENE/EnvironmentTexture/st09_00_L02_AmbientDiffuse.g1t
FILE/SCENE/EnvironmentTexture/st09_00_L02_AmbientSpecular.g1t
FILE/SCENE/EnvironmentTexture/st09_00_L03_AmbientDiffuse.g1t
FILE/SCENE/EnvironmentTexture/st09_00_L03_AmbientSpecular.g1t
FILE/SCENE/EnvironmentTexture/st09_00_L04_AmbientDiffuse.g1t
FILE/SCENE/EnvironmentTexture/st09_00_L04_AmbientSpecular.g1t
FILE/SCENE/EnvironmentTexture/st09_00_L05_AmbientDiffuse.g1t
FILE/SCENE/EnvironmentTexture/st09_00_L05_AmbientSpecular.g1t
FILE/SCENE/EnvironmentTexture/st09_00_L06_AmbientDiffuse.g1t
FILE/SCENE/EnvironmentTexture/st09_00_L06_AmbientSpecular.g1t
FILE/SCENE/EnvironmentTexture/st10_00_L01_AmbientDiffuse.g1t
FILE/SCENE/EnvironmentTexture/st10_00_L01_AmbientSpecular.g1t
FILE/SCENE/EnvironmentTexture/st10_00_L02_AmbientDiffuse.g1t
FILE/SCENE/EnvironmentTexture/st10_00_L02_AmbientSpecular.g1t
FILE/SCENE/EnvironmentTexture/st10_00_L03_AmbientDiffuse.g1t
FILE/SCENE/EnvironmentTexture/st10_00_L03_AmbientSpecular.g1t
FILE/SCENE/EnvironmentTexture/st10_00_L04_AmbientDiffuse.g1t
FILE/SCENE/EnvironmentTexture/st10_00_L04_AmbientSpecular.g1t
FILE/SCENE/EnvironmentTexture/st10_00_L05_AmbientDiffuse.g1t
FILE/SCENE/EnvironmentTexture/st10_00_L05_AmbientSpecular.g1t
FILE/SCENE/EnvironmentTexture/st10_00_L06_AmbientDiffuse.g1t
FILE/SCENE/EnvironmentTexture/st10_00_L06_AmbientSpecular.g1t
FILE/SCENE/EnvironmentTexture/st11_00_L01_AmbientDiffuse.g1t
FILE/SCENE/EnvironmentTexture/st11_00_L01_AmbientSpecular.g1t
FILE/SCENE/EnvironmentTexture/st11_00_L02_AmbientDiffuse.g1t
FILE/SCENE/EnvironmentTexture/st11_00_L02_AmbientSpecular.g1t
FILE/SCENE/EnvironmentTexture/st11_00_L03_AmbientDiffuse.g1t
FILE/SCENE/EnvironmentTexture/st11_00_L03_AmbientSpecular.g1t
FILE/SCENE/EnvironmentTexture/st11_00_L04_AmbientDiffuse.g1t
FILE/SCENE/EnvironmentTexture/st11_00_L04_AmbientSpecular.g1t
FILE/SCENE/EnvironmentTexture/st11_00_L05_AmbientDiffuse.g1t
FILE/SCENE/EnvironmentTexture/st11_00_L05_AmbientSpecular.g1t
FILE/SCENE/EnvironmentTexture/st11_00_L06_AmbientDiffuse.g1t
FILE/SCENE/EnvironmentTexture/st11_00_L06_AmbientSpecular.g1t
FILE/SCENE/EnvironmentTexture/st12_00_L01_AmbientDiffuse.g1t
FILE/SCENE/EnvironmentTexture/st12_00_L01_AmbientSpecular.g1t
FILE/SCENE/EnvironmentTexture/st12_00_L02_AmbientDiffuse.g1t
FILE/SCENE/EnvironmentTexture/st12_00_L02_AmbientSpecular.g1t
FILE/SCENE/EnvironmentTexture/st12_00_L03_AmbientDiffuse.g1t
FILE/SCENE/EnvironmentTexture/st12_00_L03_AmbientSpecular.g1t
FILE/SCENE/EnvironmentTexture/st12_00_L04_AmbientDiffuse.g1t
FILE/SCENE/EnvironmentTexture/st12_00_L04_AmbientSpecular.g1t
FILE/SCENE/EnvironmentTexture/st12_00_L05_AmbientDiffuse.g1t
FILE/SCENE/EnvironmentTexture/st12_00_L05_AmbientSpecular.g1t
FILE/SCENE/EnvironmentTexture/st12_00_L06_AmbientDiffuse.g1t
FILE/SCENE/EnvironmentTexture/st12_00_L06_AmbientSpecular.g1t
FILE/SCENE/EnvironmentTexture/st13_00_L01_AmbientDiffuse.g1t
FILE/SCENE/EnvironmentTexture/st13_00_L01_AmbientSpecular.g1t
FILE/SCENE/EnvironmentTexture/st13_00_L02_AmbientDiffuse.g1t
FILE/SCENE/EnvironmentTexture/st13_00_L02_AmbientSpecular.g1t
FILE/SCENE/EnvironmentTexture/st13_00_L03_AmbientDiffuse.g1t
FILE/SCENE/EnvironmentTexture/st13_00_L03_AmbientSpecular.g1t
FILE/SCENE/EnvironmentTexture/st13_00_L04_AmbientDiffuse.g1t
FILE/SCENE/EnvironmentTexture/st13_00_L04_AmbientSpecular.g1t
FILE/SCENE/EnvironmentTexture/st13_00_L05_AmbientDiffuse.g1t
FILE/SCENE/EnvironmentTexture/st13_00_L05_AmbientSpecular.g1t
FILE/SCENE/EnvironmentTexture/st13_00_L06_AmbientDiffuse.g1t
FILE/SCENE/EnvironmentTexture/st13_00_L06_AmbientSpecular.g1t
FILE/SCENE/EnvironmentTexture/st14_00_L01_AmbientDiffuse.g1t
FILE/SCENE/EnvironmentTexture/st14_00_L01_AmbientSpecular.g1t
FILE/SCENE/EnvironmentTexture/st14_00_L02_AmbientDiffuse.g1t
FILE/SCENE/EnvironmentTexture/st14_00_L02_AmbientSpecular.g1t
FILE/SCENE/EnvironmentTexture/st14_00_L03_AmbientDiffuse.g1t
FILE/SCENE/EnvironmentTexture/st14_00_L03_AmbientSpecular.g1t
FILE/SCENE/EnvironmentTexture/st14_00_L04_AmbientDiffuse.g1t
FILE/SCENE/EnvironmentTexture/st14_00_L04_AmbientSpecular.g1t
FILE/SCENE/EnvironmentTexture/st14_00_L05_AmbientDiffuse.g1t
FILE/SCENE/EnvironmentTexture/st14_00_L05_AmbientSpecular.g1t
FILE/SCENE/EnvironmentTexture/st14_00_L06_AmbientDiffuse.g1t
FILE/SCENE/EnvironmentTexture/st14_00_L06_AmbientSpecular.g1t
FILE/SCENE/EnvironmentTexture/ui00_00_L01_AmbientDiffuse.g1t
FILE/SCENE/EnvironmentTexture/ui00_00_L01_AmbientSpecular.g1t
FILE/SCENE/EnvironmentTexture/ui00_00_L02_AmbientDiffuse.g1t
FILE/SCENE/EnvironmentTexture/ui00_00_L02_AmbientSpecular.g1t
FILE/SHADER/CLUSTEREDDECAL/ClusterDecalCullingCS.cso
FILE/SHADER/CLUSTEREDDECAL/ClusterDecalCullingRefinedCS.cso
FILE/SHADER/CLUSTEREDDECAL/ClusterDecalFrustumCullingCS.cso
FILE/SHADER/CLUSTEREDDECAL/PBDECAL_Cdl.g1s
FILE/SHADER/CLUSTEREDDEFERRED/ClearCountBufferCS.cso
FILE/SHADER/CLUSTEREDDEFERRED/ClusterLightCullingCS.cso
FILE/SHADER/CLUSTEREDDEFERRED/ClusterLightCullingRefinedCS.cso
FILE/SHADER/CLUSTEREDDEFERRED/PBDS.g1s
FILE/SHADER/CLUSTEREDDEFERRED/PBDS_Cll.g1s
FILE/SHADER/CLUSTEREDDEFERRED/PBDS_CllIra3.g1s
FILE/SHADER/CLUSTEREDDEFERRED/PBDS_Ira3.g1s
FILE/SHADER/CLUSTEREDDEFERRED/PBDS_CllRr.g1s
FILE/SHADER/CLUSTEREDDEFERRED/PBDS_Rr.g1s
FILE/SHADER/CLUSTEREDDEFERRED/WFS.g1s
FILE/SHADER/CLUSTEREDDEFERRED/WID.g1s
FILE/SHADER/CLUSTEREDDEFERRED/WID_Lpv.g1s
FILE/SHADER/HBAO/HBAO.g1s
FILE/SHADER/LPV/LPVInjection.g1s
FILE/SHADER/LPV/LPVPropagation.g1s
FILE/SHADER/MODEL/OUTLINE.g1s
FILE/SHADER/MODEL/OUTLINE_Wtd.g1s
FILE/SHADER/MODEL/OUTLINE_Wtp.g1s
FILE/SHADER/MODEL/PBB.g1s
FILE/SHADER/MODEL/PBB_ADsmGfPm.g1s
FILE/SHADER/MODEL/PBB_ADsmGfPmWtd.g1s
FILE/SHADER/MODEL/PBB_ADsmGfPmWtdh.g1s
FILE/SHADER/MODEL/PBB_ADsmGfPmWtp.g1s
FILE/SHADER/MODEL/PBB_ADsmGfPmWtph.g1s
FILE/SHADER/MODEL/PBB_ADsmIra3hM3NWtp.g1s
FILE/SHADER/MODEL/PBB_ADsmIra3hM3NWtph.g1s
FILE/SHADER/MODEL/PBB_ADsmIra3hN.g1s
FILE/SHADER/MODEL/PBB_ADsmIra3hNSm.g1s
FILE/SHADER/MODEL/PBB_ADsmIra3hNWtp.g1s
FILE/SHADER/MODEL/PBB_ADsmIra3hNWtph.g1s
FILE/SHADER/MODEL/PBB_ADsmIra3hpNWtp.g1s
FILE/SHADER/MODEL/PBB_ADsmIra3hpNWtph.g1s
FILE/SHADER/MODEL/PBB_AIra3M3NWtp.g1s
FILE/SHADER/MODEL/PBB_AIra3M3NWtph.g1s
FILE/SHADER/MODEL/PBB_AIra3N.g1s
FILE/SHADER/MODEL/PBB_AIra3NSm.g1s
FILE/SHADER/MODEL/PBB_AIra3NWtp.g1s
FILE/SHADER/MODEL/PBB_AIra3NWtph.g1s
FILE/SHADER/MODEL/PBB_AIra3Wtp.g1s
FILE/SHADER/MODEL/PBB_AIra3Wtph.g1s
FILE/SHADER/MODEL/PBB_AIriN.g1s
FILE/SHADER/MODEL/PBB_AIriNT.g1s
FILE/SHADER/MODEL/PBB_AIriNT0Tn.g1s
FILE/SHADER/MODEL/PBB_AIriNT0TnWtp.g1s
FILE/SHADER/MODEL/PBB_AIriNT0TnWtph.g1s
FILE/SHADER/MODEL/PBB_AIriNTn.g1s
FILE/SHADER/MODEL/PBB_AIriNTnWtp.g1s
FILE/SHADER/MODEL/PBB_AIriNTnWtph.g1s
FILE/SHADER/MODEL/PBB_AIriNTWtp.g1s
FILE/SHADER/MODEL/PBB_AIriNTWtph.g1s
FILE/SHADER/MODEL/PBB_AIriNWtp.g1s
FILE/SHADER/MODEL/PBB_AIriNWtph.g1s
FILE/SHADER/MODEL/PBB_AN.g1s
FILE/SHADER/MODEL/PBB_M3N.g1s
FILE/SHADER/MODEL/PBB_N.g1s
FILE/SHADER/MODEL/PBB_Pm.g1s
FILE/SHADER/MODEL/gbuffer/DUMMY_Gb.g1s
FILE/SHADER/MODEL/gbuffer/PBB_ADsmGbGfPm.g1s
FILE/SHADER/MODEL/gbuffer/PBB_ADsmGbGfPmWtd.g1s
FILE/SHADER/MODEL/gbuffer/PBB_ADsmGbGfPmWtdh.g1s
FILE/SHADER/MODEL/gbuffer/PBB_ADsmGbGfPmWtp.g1s
FILE/SHADER/MODEL/gbuffer/PBB_ADsmGbGfPmWtph.g1s
FILE/SHADER/MODEL/gbuffer/PBB_ADsmGbIra3hM3NWtp.g1s
FILE/SHADER/MODEL/gbuffer/PBB_ADsmGbIra3hM3NWtph.g1s
FILE/SHADER/MODEL/gbuffer/PBB_ADsmGbIra3hN.g1s
FILE/SHADER/MODEL/gbuffer/PBB_ADsmGbIra3hNSm.g1s
FILE/SHADER/MODEL/gbuffer/PBB_ADsmGbIra3hNWtp.g1s
FILE/SHADER/MODEL/gbuffer/PBB_ADsmGbIra3hNWtph.g1s
FILE/SHADER/MODEL/gbuffer/PBB_ADsmGbIra3hpNWtp.g1s
FILE/SHADER/MODEL/gbuffer/PBB_ADsmGbIra3hpNWtph.g1s
FILE/SHADER/MODEL/gbuffer/PBB_AGbIra3M3NWtp.g1s
FILE/SHADER/MODEL/gbuffer/PBB_AGbIra3M3NWtph.g1s
FILE/SHADER/MODEL/gbuffer/PBB_AGbIra3N.g1s
FILE/SHADER/MODEL/gbuffer/PBB_AGbIra3NSm.g1s
FILE/SHADER/MODEL/gbuffer/PBB_AGbIra3NWtp.g1s
FILE/SHADER/MODEL/gbuffer/PBB_AGbIra3NWtph.g1s
FILE/SHADER/MODEL/gbuffer/PBB_AGbIra3Wtp.g1s
FILE/SHADER/MODEL/gbuffer/PBB_AGbIra3Wtph.g1s
FILE/SHADER/MODEL/gbuffer/PBB_AGbIriN.g1s
FILE/SHADER/MODEL/gbuffer/PBB_AGbIriNT.g1s
FILE/SHADER/MODEL/gbuffer/PBB_AGbIriNT0Tn.g1s
FILE/SHADER/MODEL/gbuffer/PBB_AGbIriNT0TnWtp.g1s
FILE/SHADER/MODEL/gbuffer/PBB_AGbIriNT0TnWtph.g1s
FILE/SHADER/MODEL/gbuffer/PBB_AGbIriNTn.g1s
FILE/SHADER/MODEL/gbuffer/PBB_AGbIriNTnWtp.g1s
FILE/SHADER/MODEL/gbuffer/PBB_AGbIriNTnWtph.g1s
FILE/SHADER/MODEL/gbuffer/PBB_AGbIriNTWtp.g1s
FILE/SHADER/MODEL/gbuffer/PBB_AGbIriNTWtph.g1s
FILE/SHADER/MODEL/gbuffer/PBB_AGbIriNWtp.g1s
FILE/SHADER/MODEL/gbuffer/PBB_AGbIriNWtph.g1s
FILE/SHADER/MODEL/gbuffer/PBB_AGbN.g1s
FILE/SHADER/MODEL/gbuffer/PBB_Gb.g1s
FILE/SHADER/MODEL/gbuffer/PBB_GbM3N.g1s
FILE/SHADER/MODEL/gbuffer/PBB_GbN.g1s
FILE/SHADER/MODEL/gbuffer/PBB_GbPm.g1s
FILE/SHADER/POSTEFFECT/PostEffectBattle.kps3
FILE/SHADER/POSTEFFECT/PostEffectBattleEx.kps3
FILE/SHADER/RIPPLE/PBRIPPLE.g1s
FILE/SHADER/RLR/MRLR.g1s
FILE/SHADER/RLR/RLR.g1s
FILE/SHADER/STAGE/CloudCircle.g1s
FILE/SHADER/STAGE/CloudHeight.g1s
FILE/SHADER/STAGE/CloudParticle.g1s
FILE/SHADER/STAGE/CloudPlane.g1s
FILE/SHADER/STAGE/CloudPlane_Pt.g1s
FILE/SHADER/STAGE/Height2Normal.g1s
FILE/SHADER/STAGE/Noise.g1s
FILE/SHADER/STAGE/ObjectPBB.g1s
FILE/SHADER/STAGE/ObjectPBB_APm.g1s
FILE/SHADER/STAGE/ObjectPBB_DtN.g1s
FILE/SHADER/STAGE/ObjectPBB_M0N.g1s
FILE/SHADER/STAGE/ObjectPBB_M0Pm.g1s
FILE/SHADER/STAGE/ObjectPBB_M3N.g1s
FILE/SHADER/STAGE/ObjectPBB_N.g1s
FILE/SHADER/STAGE/ObjectPBB_Pm.g1s
FILE/SHADER/STAGE/PBSGRASS2_InstModel_N.g1s
FILE/SHADER/STAGE/PBSTRBR_N.g1s
FILE/SHADER/STAGE/PBSTRCP_N.g1s
FILE/SHADER/STAGE/PBSTRFR_N.g1s
FILE/SHADER/STAGE/PBSTRLC_B0N.g1s
FILE/SHADER/STAGE/SkyPlane.g1s
FILE/SHADER/STAGE/SkySimple.g1s
FILE/SHADER/STAGE/gbuffer/ObjectPBB_AGbPm.g1s
FILE/SHADER/STAGE/gbuffer/ObjectPBB_DtGbN.g1s
FILE/SHADER/STAGE/gbuffer/ObjectPBB_Gb.g1s
FILE/SHADER/STAGE/gbuffer/ObjectPBB_GbM0N.g1s
FILE/SHADER/STAGE/gbuffer/ObjectPBB_GbM0Pm.g1s
FILE/SHADER/STAGE/gbuffer/ObjectPBB_GbM3N.g1s
FILE/SHADER/STAGE/gbuffer/ObjectPBB_GbN.g1s
FILE/SHADER/STAGE/gbuffer/ObjectPBB_GbPm.g1s
FILE/SHADER/STAGE/gbuffer/PBSGRASS2_InstModel_GbN.g1s
FILE/SHADER/STAGE/gbuffer/PBRIVER_Gb.g1s
FILE/SHADER/STAGE/gbuffer/PBSTRBR_GbN.g1s
FILE/SHADER/STAGE/gbuffer/PBSTRCP_GbN.g1s
FILE/SHADER/STAGE/gbuffer/PBSTRFR_GbN.g1s
FILE/SHADER/STAGE/gbuffer/PBSTRLC_B0GbN.g1s
FILE/SHADER/STAGE/RSM/ObjectPBB_RSM.g1s
FILE/SHADER/STAGE/RSM/ObjectPBB_RSM_APm.g1s
FILE/SHADER/STAGE/RSM/ObjectPBB_RSM_DtN.g1s
FILE/SHADER/STAGE/RSM/ObjectPBB_RSM_M0N.g1s
FILE/SHADER/STAGE/RSM/ObjectPBB_RSM_M0Pm.g1s
FILE/SHADER/STAGE/RSM/ObjectPBB_RSM_M3N.g1s
FILE/SHADER/STAGE/RSM/ObjectPBB_RSM_N.g1s
FILE/SHADER/STAGE/RSM/ObjectPBB_RSM_Pm.g1s
FILE/SHADER/STAGE/RSM/PBSGRASS2_InstModel_RSM_N.g1s
FILE/SHADER/STAGE/RSM/PBSTRBR_RSM_N.g1s
FILE/SHADER/STAGE/RSM/PBSTRCP_RSM_N.g1s
FILE/SHADER/STAGE/RSM/PBSTRFR_RSM_N.g1s
FILE/SHADER/STAGE/RSM/PBSTRLC_RSM_B0N.g1s
FILE/SHADER/TEXTURE/AmbDifMapDefault.g1t
FILE/SHADER/TEXTURE/AmbSpcMapDefault.g1t
FILE/SHADER/TEXTURE/IndexedRamp.g1t
FILE/SHADER/TEXTURE/IndexedRampAdditionalMask.g1t
FILE/SHADER/TEXTURE/IndexedRampHairHighlight.g1t
FILE/SHADER/TEXTURE/RippleNormalMap.g1t
FILE/SHADER/UTIL/DownsampleDepth.pso
FILE/SHADER/UTIL/DownsampleViewDepth.pso
FILE/DATA/DataWinKeyboardPad.bin
FILE/STEAM/SteamDLCInfo.bin
FILE/STEAM/SteamDLCInfoString.bin
FILE/MOVIE/INMEMORY/UM000A.wmv
FILE/MOVIE/INMEMORY/UM000B.wmv
FILE/MOVIE/INMEMORY/UM001A.wmv
FILE/MOVIE/INMEMORY/UM001B.wmv
FILE/MOVIE/INMEMORY/UM002A.wmv
FILE/MOVIE/INMEMORY/UM002B.wmv
FILE/MOVIE/INMEMORY/UM003A.wmv
FILE/MOVIE/INMEMORY/UM003B.wmv
FILE/MOVIE/INMEMORY/UM004A.wmv
FILE/MOVIE/INMEMORY/UM004B.wmv
FILE/MOVIE/INMEMORY/UM005A.wmv
FILE/MOVIE/INMEMORY/UM005B.wmv
FILE/UI/ENG/HeaderText/UIOptionSteamHeader.g1t.ZL_
FILE/UI/ENG/MenuText/UIOptionSteamMenuOff.g1t.ZL_
FILE/UI/ENG/MenuText/UIOptionSteamMenuOn.g1t.ZL_
FILE/UI/FRA/HeaderText/UIOptionSteamHeader.g1t.ZL_
FILE/UI/FRA/MenuText/UIOptionSteamMenuOff.g1t.ZL_
FILE/UI/FRA/MenuText/UIOptionSteamMenuOn.g1t.ZL_
FILE/UI/GER/HeaderText/UIOptionSteamHeader.g1t.ZL_
FILE/UI/GER/MenuText/UIOptionSteamMenuOff.g1t.ZL_
FILE/UI/GER/MenuText/UIOptionSteamMenuOn.g1t.ZL_
