FILE/ACTION/ACTDATA/0011_Levi_act.bin
FILE/ACTION/ACTDATA/0012_Hans_act.bin
FILE/ACTION/ACTDATA/0013_Elvin_act.bin
FILE/ACTION/ACTDATA/0103_Mike_act.bin
FILE/ACTION/ACTDATA/0104_Oluo_act.bin
FILE/ACTION/ACTDATA/0105_Petra_act.bin
FILE/ACTION/ACTDATA/0106_Gunther_act.bin
FILE/ACTION/ACTDATA/0107_Eld_act.bin
FILE/ACTION/ACTDATA/0108_Moblit_act.bin
FILE/ACTION/ACTDATA/0109_Ian_act.bin
FILE/ACTION/ACTDATA/0110_Rico_act.bin
FILE/ACTION/ACTDATA/0111_Nile_act.bin
FILE/ACTION/ACTDATA/0112_Mitabi_act.bin
FILE/ACTION/ACTDATA/0113_Marlowe_act.bin
FILE/ACTION/ACTDATA/0114_Hitch_act.bin
FILE/ACTION/ACTDATA/0200_Pixis_act.bin
FILE/ACTION/ACTDATA/0202_Kitz_act.bin
FILE/ACTION/ACTDATA/0203_Zackly_act.bin
FILE/ACTION/ACTDATA/0204_Nick_act.bin
FILE/ACTION/ACTDATA/0205_Reeves_act.bin
FILE/ACTION/ACTDATA/0400_Noble_M_act.bin
FILE/ACTION/ACTDATA/0401_Noble_F_act.bin
FILE/ACTION/ACTDATA/0402_Citizen_M_act.bin
FILE/ACTION/ACTDATA/0403_Citizen_F_act.bin
FILE/ACTION/ACTDATA/0404_Worker_M_act.bin
FILE/ACTION/ACTDATA/0405_Worker_F_act.bin
FILE/ACTION/ACTDATA/0406_Child_M_act.bin
FILE/ACTION/ACTDATA/0407_Child_F_act.bin
FILE/ACTION/ACTDATA/0600_Horse_act.bin
FILE/ACTION/ACTDATA/1000_Colossus_Titan_act.bin
FILE/ACTION/ACTDATA/1001_Armored_Titan_act.bin
FILE/ACTION/ACTDATA/1002_Female_Titan_act.bin
FILE/ACTION/ACTDATA/1003_Beastly_Titan_act.bin
FILE/ACTION/ACTDATA/1004_Eren_Titan_act.bin
FILE/ACTION/ACTDATA/1005_Colossus_Titan_Sub_00_act.bin
FILE/ACTION/ACTDATA/1006_Armored_Titan_Sub_00_act.bin
FILE/ACTION/ACTDATA/1007_Female_Titan_Sub_00_act.bin
FILE/ACTION/ACTDATA/1008_Beastly_Titan_Sub_00_act.bin
FILE/ACTION/ACTDATA/1009_Eren_Titan_Sub_00_act.bin
FILE/ACTION/ACTDATA/1010_Colossus_Titan_Sub_01_act.bin
FILE/ACTION/ACTDATA/1011_Armored_Titan_Sub_01_act.bin
FILE/ACTION/ACTDATA/1012_Female_Titan_Sub_01_act.bin
FILE/ACTION/ACTDATA/1013_Beastly_Titan_Sub_01_act.bin
FILE/ACTION/ACTDATA/1014_Eren_Titan_Sub_01_act.bin
FILE/ACTION/ACTDATA/1015_Colossus_Titan_Sub_02_act.bin
FILE/ACTION/ACTDATA/1016_Armored_Titan_Sub_02_act.bin
FILE/ACTION/ACTDATA/1017_Female_Titan_Sub_02_act.bin
FILE/ACTION/ACTDATA/1018_Beastly_Titan_Sub_02_act.bin
FILE/ACTION/ACTDATA/1019_Eren_Titan_Sub_02_act.bin
FILE/ACTION/ACTDATA/1020_Colossus_Titan_Sub_03_act.bin
FILE/ACTION/ACTDATA/1021_Armored_Titan_Sub_03_act.bin
FILE/ACTION/ACTDATA/1022_Female_Titan_Sub_03_act.bin
FILE/ACTION/ACTDATA/1023_Beastly_Titan_Sub_03_act.bin
FILE/ACTION/ACTDATA/1024_Eren_Titan_Sub_03_act.bin
FILE/ACTION/ACTDATA/1025_Colossus_Titan_Sub_04_act.bin
FILE/ACTION/ACTDATA/1026_Armored_Titan_Sub_04_act.bin
FILE/ACTION/ACTDATA/1027_Female_Titan_Sub_04_act.bin
FILE/ACTION/ACTDATA/1028_Beastly_Titan_Sub_04_act.bin
FILE/ACTION/ACTDATA/1029_Eren_Titan_Sub_04_act.bin
FILE/ACTION/ACTDATA/1100_Titan_15m_Normal_act.bin
FILE/ACTION/ACTDATA/1101_Titan_15m_Muscle_act.bin
FILE/ACTION/ACTDATA/1102_Titan_15m_Fat_act.bin
FILE/ACTION/ACTDATA/1103_Titan_15m_Thin_act.bin
FILE/ACTION/ACTDATA/1104_Titan_07m_act.bin
FILE/ACTION/ACTDATA/1105_Titan_03m_act.bin
FILE/ACTION/ACTDATA/3500_Titan_15m_Normal_R_Arm_act.bin
FILE/ACTION/ACTDATA/3501_Titan_15m_Normal_L_Arm_act.bin
FILE/ACTION/ACTDATA/3502_Titan_15m_Normal_R_Leg_act.bin
FILE/ACTION/ACTDATA/3503_Titan_15m_Normal_L_Leg_act.bin
FILE/ACTION/ACTDATA/3510_Titan_15m_Muscle_R_Arm_act.bin
FILE/ACTION/ACTDATA/3511_Titan_15m_Muscle_L_Arm_act.bin
FILE/ACTION/ACTDATA/3512_Titan_15m_Muscle_R_Leg_act.bin
FILE/ACTION/ACTDATA/3513_Titan_15m_Muscle_L_Leg_act.bin
FILE/ACTION/ACTDATA/3520_Titan_15m_Fat_R_Arm_act.bin
FILE/ACTION/ACTDATA/3521_Titan_15m_Fat_L_Arm_act.bin
FILE/ACTION/ACTDATA/3522_Titan_15m_Fat_R_Leg_act.bin
FILE/ACTION/ACTDATA/3523_Titan_15m_Fat_L_Leg_act.bin
FILE/ACTION/ACTDATA/3530_Titan_15m_Thin_R_Arm_act.bin
FILE/ACTION/ACTDATA/3531_Titan_15m_Thin_L_Arm_act.bin
FILE/ACTION/ACTDATA/3532_Titan_15m_Thin_R_Leg_act.bin
FILE/ACTION/ACTDATA/3533_Titan_15m_Thin_L_Leg_act.bin
FILE/ACTION/ACTDATA/3540_Titan_7m_R_Arm_act.bin
FILE/ACTION/ACTDATA/3541_Titan_7m_L_Arm_act.bin
FILE/ACTION/ACTDATA/3542_Titan_7m_R_Leg_act.bin
FILE/ACTION/ACTDATA/3543_Titan_7m_L_Leg_act.bin
FILE/ACTION/ACTDATA/Action_Figure_act.bin
FILE/ACTION/ACTDATA/0011_Levi_actset.bin
FILE/ACTION/ACTDATA/0012_Hans_actset.bin
FILE/ACTION/ACTDATA/0013_Elvin_actset.bin
FILE/ACTION/ACTDATA/0103_Mike_actset.bin
FILE/ACTION/ACTDATA/0104_Oluo_actset.bin
FILE/ACTION/ACTDATA/0105_Petra_actset.bin
FILE/ACTION/ACTDATA/0106_Gunther_actset.bin
FILE/ACTION/ACTDATA/0107_Eld_actset.bin
FILE/ACTION/ACTDATA/0108_Moblit_actset.bin
FILE/ACTION/ACTDATA/0109_Ian_actset.bin
FILE/ACTION/ACTDATA/0110_Rico_actset.bin
FILE/ACTION/ACTDATA/0111_Nile_actset.bin
FILE/ACTION/ACTDATA/0112_Mitabi_actset.bin
FILE/ACTION/ACTDATA/0113_Marlowe_actset.bin
FILE/ACTION/ACTDATA/0114_Hitch_actset.bin
FILE/ACTION/ACTDATA/0200_Pixis_actset.bin
FILE/ACTION/ACTDATA/0202_Kitz_actset.bin
FILE/ACTION/ACTDATA/0203_Zackly_actset.bin
FILE/ACTION/ACTDATA/0204_Nick_actset.bin
FILE/ACTION/ACTDATA/0205_Reeves_actset.bin
FILE/ACTION/ACTDATA/0400_Noble_M_actset.bin
FILE/ACTION/ACTDATA/0401_Noble_F_actset.bin
FILE/ACTION/ACTDATA/0402_Citizen_M_actset.bin
FILE/ACTION/ACTDATA/0403_Citizen_F_actset.bin
FILE/ACTION/ACTDATA/0404_Worker_M_actset.bin
FILE/ACTION/ACTDATA/0405_Worker_F_actset.bin
FILE/ACTION/ACTDATA/0406_Child_M_actset.bin
FILE/ACTION/ACTDATA/0407_Child_F_actset.bin
FILE/ACTION/ACTDATA/0600_Horse_actset.bin
FILE/ACTION/ACTDATA/1000_Colossus_Titan_actset.bin
FILE/ACTION/ACTDATA/1001_Armored_Titan_actset.bin
FILE/ACTION/ACTDATA/1002_Female_Titan_actset.bin
FILE/ACTION/ACTDATA/1003_Beastly_Titan_actset.bin
FILE/ACTION/ACTDATA/1004_Eren_Titan_actset.bin
FILE/ACTION/ACTDATA/1005_Colossus_Titan_Sub_00_actset.bin
FILE/ACTION/ACTDATA/1006_Armored_Titan_Sub_00_actset.bin
FILE/ACTION/ACTDATA/1007_Female_Titan_Sub_00_actset.bin
FILE/ACTION/ACTDATA/1008_Beastly_Titan_Sub_00_actset.bin
FILE/ACTION/ACTDATA/1009_Eren_Titan_Sub_00_actset.bin
FILE/ACTION/ACTDATA/1010_Colossus_Titan_Sub_01_actset.bin
FILE/ACTION/ACTDATA/1011_Armored_Titan_Sub_01_actset.bin
FILE/ACTION/ACTDATA/1012_Female_Titan_Sub_01_actset.bin
FILE/ACTION/ACTDATA/1013_Beastly_Titan_Sub_01_actset.bin
FILE/ACTION/ACTDATA/1014_Eren_Titan_Sub_01_actset.bin
FILE/ACTION/ACTDATA/1015_Colossus_Titan_Sub_02_actset.bin
FILE/ACTION/ACTDATA/1016_Armored_Titan_Sub_02_actset.bin
FILE/ACTION/ACTDATA/1017_Female_Titan_Sub_02_actset.bin
FILE/ACTION/ACTDATA/1018_Beastly_Titan_Sub_02_actset.bin
FILE/ACTION/ACTDATA/1019_Eren_Titan_Sub_02_actset.bin
FILE/ACTION/ACTDATA/1020_Colossus_Titan_Sub_03_actset.bin
FILE/ACTION/ACTDATA/1021_Armored_Titan_Sub_03_actset.bin
FILE/ACTION/ACTDATA/1022_Female_Titan_Sub_03_actset.bin
FILE/ACTION/ACTDATA/1023_Beastly_Titan_Sub_03_actset.bin
FILE/ACTION/ACTDATA/1024_Eren_Titan_Sub_03_actset.bin
FILE/ACTION/ACTDATA/1025_Colossus_Titan_Sub_04_actset.bin
FILE/ACTION/ACTDATA/1026_Armored_Titan_Sub_04_actset.bin
FILE/ACTION/ACTDATA/1027_Female_Titan_Sub_04_actset.bin
FILE/ACTION/ACTDATA/1028_Beastly_Titan_Sub_04_actset.bin
FILE/ACTION/ACTDATA/1029_Eren_Titan_Sub_04_actset.bin
FILE/ACTION/ACTDATA/1100_Titan_15m_Normal_actset.bin
FILE/ACTION/ACTDATA/1101_Titan_15m_Muscle_actset.bin
FILE/ACTION/ACTDATA/1102_Titan_15m_Fat_actset.bin
FILE/ACTION/ACTDATA/1103_Titan_15m_Thin_actset.bin
FILE/ACTION/ACTDATA/1104_Titan_07m_actset.bin
FILE/ACTION/ACTDATA/1105_Titan_03m_actset.bin
FILE/ACTION/ACTDATA/3500_Titan_15m_Normal_R_Arm_actset.bin
FILE/ACTION/ACTDATA/3501_Titan_15m_Normal_L_Arm_actset.bin
FILE/ACTION/ACTDATA/3502_Titan_15m_Normal_R_Leg_actset.bin
FILE/ACTION/ACTDATA/3503_Titan_15m_Normal_L_Leg_actset.bin
FILE/ACTION/ACTDATA/3510_Titan_15m_Muscle_R_Arm_actset.bin
FILE/ACTION/ACTDATA/3511_Titan_15m_Muscle_L_Arm_actset.bin
FILE/ACTION/ACTDATA/3512_Titan_15m_Muscle_R_Leg_actset.bin
FILE/ACTION/ACTDATA/3513_Titan_15m_Muscle_L_Leg_actset.bin
FILE/ACTION/ACTDATA/3520_Titan_15m_Fat_R_Arm_actset.bin
FILE/ACTION/ACTDATA/3521_Titan_15m_Fat_L_Arm_actset.bin
FILE/ACTION/ACTDATA/3522_Titan_15m_Fat_R_Leg_actset.bin
FILE/ACTION/ACTDATA/3523_Titan_15m_Fat_L_Leg_actset.bin
FILE/ACTION/ACTDATA/3530_Titan_15m_Thin_R_Arm_actset.bin
FILE/ACTION/ACTDATA/3531_Titan_15m_Thin_L_Arm_actset.bin
FILE/ACTION/ACTDATA/3532_Titan_15m_Thin_R_Leg_actset.bin
FILE/ACTION/ACTDATA/3533_Titan_15m_Thin_L_Leg_actset.bin
FILE/ACTION/ACTDATA/3540_Titan_7m_R_Arm_actset.bin
FILE/ACTION/ACTDATA/3541_Titan_7m_L_Arm_actset.bin
FILE/ACTION/ACTDATA/3542_Titan_7m_R_Leg_actset.bin
FILE/ACTION/ACTDATA/3543_Titan_7m_L_Leg_actset.bin
FILE/ACTION/ACTDATA/Action_Figure_actset.bin
FILE/ACTION/ACTDATA/0011_Levi_link.bin
FILE/ACTION/ACTDATA/0012_Hans_link.bin
FILE/ACTION/ACTDATA/0013_Elvin_link.bin
FILE/ACTION/ACTDATA/0103_Mike_link.bin
FILE/ACTION/ACTDATA/0104_Oluo_link.bin
FILE/ACTION/ACTDATA/0105_Petra_link.bin
FILE/ACTION/ACTDATA/0106_Gunther_link.bin
FILE/ACTION/ACTDATA/0107_Eld_link.bin
FILE/ACTION/ACTDATA/0108_Moblit_link.bin
FILE/ACTION/ACTDATA/0109_Ian_link.bin
FILE/ACTION/ACTDATA/0110_Rico_link.bin
FILE/ACTION/ACTDATA/0111_Nile_link.bin
FILE/ACTION/ACTDATA/0112_Mitabi_link.bin
FILE/ACTION/ACTDATA/0113_Marlowe_link.bin
FILE/ACTION/ACTDATA/0114_Hitch_link.bin
FILE/ACTION/ACTDATA/0200_Pixis_link.bin
FILE/ACTION/ACTDATA/0202_Kitz_link.bin
FILE/ACTION/ACTDATA/0203_Zackly_link.bin
FILE/ACTION/ACTDATA/0204_Nick_link.bin
FILE/ACTION/ACTDATA/0205_Reeves_link.bin
FILE/ACTION/ACTDATA/0400_Noble_M_link.bin
FILE/ACTION/ACTDATA/0401_Noble_F_link.bin
FILE/ACTION/ACTDATA/0402_Citizen_M_link.bin
FILE/ACTION/ACTDATA/0403_Citizen_F_link.bin
FILE/ACTION/ACTDATA/0404_Worker_M_link.bin
FILE/ACTION/ACTDATA/0405_Worker_F_link.bin
FILE/ACTION/ACTDATA/0406_Child_M_link.bin
FILE/ACTION/ACTDATA/0407_Child_F_link.bin
FILE/ACTION/ACTDATA/0600_Horse_link.bin
FILE/ACTION/ACTDATA/1000_Colossus_Titan_link.bin
FILE/ACTION/ACTDATA/1001_Armored_Titan_link.bin
FILE/ACTION/ACTDATA/1002_Female_Titan_link.bin
FILE/ACTION/ACTDATA/1003_Beastly_Titan_link.bin
FILE/ACTION/ACTDATA/1004_Eren_Titan_link.bin
FILE/ACTION/ACTDATA/1005_Colossus_Titan_Sub_00_link.bin
FILE/ACTION/ACTDATA/1006_Armored_Titan_Sub_00_link.bin
FILE/ACTION/ACTDATA/1007_Female_Titan_Sub_00_link.bin
FILE/ACTION/ACTDATA/1008_Beastly_Titan_Sub_00_link.bin
FILE/ACTION/ACTDATA/1009_Eren_Titan_Sub_00_link.bin
FILE/ACTION/ACTDATA/1010_Colossus_Titan_Sub_01_link.bin
FILE/ACTION/ACTDATA/1011_Armored_Titan_Sub_01_link.bin
FILE/ACTION/ACTDATA/1012_Female_Titan_Sub_01_link.bin
FILE/ACTION/ACTDATA/1013_Beastly_Titan_Sub_01_link.bin
FILE/ACTION/ACTDATA/1014_Eren_Titan_Sub_01_link.bin
FILE/ACTION/ACTDATA/1015_Colossus_Titan_Sub_02_link.bin
FILE/ACTION/ACTDATA/1016_Armored_Titan_Sub_02_link.bin
FILE/ACTION/ACTDATA/1017_Female_Titan_Sub_02_link.bin
FILE/ACTION/ACTDATA/1018_Beastly_Titan_Sub_02_link.bin
FILE/ACTION/ACTDATA/1019_Eren_Titan_Sub_02_link.bin
FILE/ACTION/ACTDATA/1020_Colossus_Titan_Sub_03_link.bin
FILE/ACTION/ACTDATA/1021_Armored_Titan_Sub_03_link.bin
FILE/ACTION/ACTDATA/1022_Female_Titan_Sub_03_link.bin
FILE/ACTION/ACTDATA/1023_Beastly_Titan_Sub_03_link.bin
FILE/ACTION/ACTDATA/1024_Eren_Titan_Sub_03_link.bin
FILE/ACTION/ACTDATA/1025_Colossus_Titan_Sub_04_link.bin
FILE/ACTION/ACTDATA/1026_Armored_Titan_Sub_04_link.bin
FILE/ACTION/ACTDATA/1027_Female_Titan_Sub_04_link.bin
FILE/ACTION/ACTDATA/1028_Beastly_Titan_Sub_04_link.bin
FILE/ACTION/ACTDATA/1029_Eren_Titan_Sub_04_link.bin
FILE/ACTION/ACTDATA/1100_Titan_15m_Normal_link.bin
FILE/ACTION/ACTDATA/1101_Titan_15m_Muscle_link.bin
FILE/ACTION/ACTDATA/1102_Titan_15m_Fat_link.bin
FILE/ACTION/ACTDATA/1103_Titan_15m_Thin_link.bin
FILE/ACTION/ACTDATA/1104_Titan_07m_link.bin
FILE/ACTION/ACTDATA/1105_Titan_03m_link.bin
FILE/ACTION/ACTDATA/3500_Titan_15m_Normal_R_Arm_link.bin
FILE/ACTION/ACTDATA/3501_Titan_15m_Normal_L_Arm_link.bin
FILE/ACTION/ACTDATA/3502_Titan_15m_Normal_R_Leg_link.bin
FILE/ACTION/ACTDATA/3503_Titan_15m_Normal_L_Leg_link.bin
FILE/ACTION/ACTDATA/3510_Titan_15m_Muscle_R_Arm_link.bin
FILE/ACTION/ACTDATA/3511_Titan_15m_Muscle_L_Arm_link.bin
FILE/ACTION/ACTDATA/3512_Titan_15m_Muscle_R_Leg_link.bin
FILE/ACTION/ACTDATA/3513_Titan_15m_Muscle_L_Leg_link.bin
FILE/ACTION/ACTDATA/3520_Titan_15m_Fat_R_Arm_link.bin
FILE/ACTION/ACTDATA/3521_Titan_15m_Fat_L_Arm_link.bin
FILE/ACTION/ACTDATA/3522_Titan_15m_Fat_R_Leg_link.bin
FILE/ACTION/ACTDATA/3523_Titan_15m_Fat_L_Leg_link.bin
FILE/ACTION/ACTDATA/3530_Titan_15m_Thin_R_Arm_link.bin
FILE/ACTION/ACTDATA/3531_Titan_15m_Thin_L_Arm_link.bin
FILE/ACTION/ACTDATA/3532_Titan_15m_Thin_R_Leg_link.bin
FILE/ACTION/ACTDATA/3533_Titan_15m_Thin_L_Leg_link.bin
FILE/ACTION/ACTDATA/3540_Titan_7m_R_Arm_link.bin
FILE/ACTION/ACTDATA/3541_Titan_7m_L_Arm_link.bin
FILE/ACTION/ACTDATA/3542_Titan_7m_R_Leg_link.bin
FILE/ACTION/ACTDATA/3543_Titan_7m_L_Leg_link.bin
FILE/ACTION/ACTDATA/Action_Figure_link.bin
FILE/ACTION/ACTDATA/0011_Levi_trs.bin
FILE/ACTION/ACTDATA/0012_Hans_trs.bin
FILE/ACTION/ACTDATA/0013_Elvin_trs.bin
FILE/ACTION/ACTDATA/0103_Mike_trs.bin
FILE/ACTION/ACTDATA/0104_Oluo_trs.bin
FILE/ACTION/ACTDATA/0105_Petra_trs.bin
FILE/ACTION/ACTDATA/0106_Gunther_trs.bin
FILE/ACTION/ACTDATA/0107_Eld_trs.bin
FILE/ACTION/ACTDATA/0108_Moblit_trs.bin
FILE/ACTION/ACTDATA/0109_Ian_trs.bin
FILE/ACTION/ACTDATA/0110_Rico_trs.bin
FILE/ACTION/ACTDATA/0111_Nile_trs.bin
FILE/ACTION/ACTDATA/0112_Mitabi_trs.bin
FILE/ACTION/ACTDATA/0113_Marlowe_trs.bin
FILE/ACTION/ACTDATA/0114_Hitch_trs.bin
FILE/ACTION/ACTDATA/0200_Pixis_trs.bin
FILE/ACTION/ACTDATA/0202_Kitz_trs.bin
FILE/ACTION/ACTDATA/0203_Zackly_trs.bin
FILE/ACTION/ACTDATA/0204_Nick_trs.bin
FILE/ACTION/ACTDATA/0205_Reeves_trs.bin
FILE/ACTION/ACTDATA/0400_Noble_M_trs.bin
FILE/ACTION/ACTDATA/0401_Noble_F_trs.bin
FILE/ACTION/ACTDATA/0402_Citizen_M_trs.bin
FILE/ACTION/ACTDATA/0403_Citizen_F_trs.bin
FILE/ACTION/ACTDATA/0404_Worker_M_trs.bin
FILE/ACTION/ACTDATA/0405_Worker_F_trs.bin
FILE/ACTION/ACTDATA/0406_Child_M_trs.bin
FILE/ACTION/ACTDATA/0407_Child_F_trs.bin
FILE/ACTION/ACTDATA/0600_Horse_trs.bin
FILE/ACTION/ACTDATA/1000_Colossus_Titan_trs.bin
FILE/ACTION/ACTDATA/1001_Armored_Titan_trs.bin
FILE/ACTION/ACTDATA/1002_Female_Titan_trs.bin
FILE/ACTION/ACTDATA/1003_Beastly_Titan_trs.bin
FILE/ACTION/ACTDATA/1004_Eren_Titan_trs.bin
FILE/ACTION/ACTDATA/1005_Colossus_Titan_Sub_00_trs.bin
FILE/ACTION/ACTDATA/1006_Armored_Titan_Sub_00_trs.bin
FILE/ACTION/ACTDATA/1007_Female_Titan_Sub_00_trs.bin
FILE/ACTION/ACTDATA/1008_Beastly_Titan_Sub_00_trs.bin
FILE/ACTION/ACTDATA/1009_Eren_Titan_Sub_00_trs.bin
FILE/ACTION/ACTDATA/1010_Colossus_Titan_Sub_01_trs.bin
FILE/ACTION/ACTDATA/1011_Armored_Titan_Sub_01_trs.bin
FILE/ACTION/ACTDATA/1012_Female_Titan_Sub_01_trs.bin
FILE/ACTION/ACTDATA/1013_Beastly_Titan_Sub_01_trs.bin
FILE/ACTION/ACTDATA/1014_Eren_Titan_Sub_01_trs.bin
FILE/ACTION/ACTDATA/1015_Colossus_Titan_Sub_02_trs.bin
FILE/ACTION/ACTDATA/1016_Armored_Titan_Sub_02_trs.bin
FILE/ACTION/ACTDATA/1017_Female_Titan_Sub_02_trs.bin
FILE/ACTION/ACTDATA/1018_Beastly_Titan_Sub_02_trs.bin
FILE/ACTION/ACTDATA/1019_Eren_Titan_Sub_02_trs.bin
FILE/ACTION/ACTDATA/1020_Colossus_Titan_Sub_03_trs.bin
FILE/ACTION/ACTDATA/1021_Armored_Titan_Sub_03_trs.bin
FILE/ACTION/ACTDATA/1022_Female_Titan_Sub_03_trs.bin
FILE/ACTION/ACTDATA/1023_Beastly_Titan_Sub_03_trs.bin
FILE/ACTION/ACTDATA/1024_Eren_Titan_Sub_03_trs.bin
FILE/ACTION/ACTDATA/1025_Colossus_Titan_Sub_04_trs.bin
FILE/ACTION/ACTDATA/1026_Armored_Titan_Sub_04_trs.bin
FILE/ACTION/ACTDATA/1027_Female_Titan_Sub_04_trs.bin
FILE/ACTION/ACTDATA/1028_Beastly_Titan_Sub_04_trs.bin
FILE/ACTION/ACTDATA/1029_Eren_Titan_Sub_04_trs.bin
FILE/ACTION/ACTDATA/1100_Titan_15m_Normal_trs.bin
FILE/ACTION/ACTDATA/1101_Titan_15m_Muscle_trs.bin
FILE/ACTION/ACTDATA/1102_Titan_15m_Fat_trs.bin
FILE/ACTION/ACTDATA/1103_Titan_15m_Thin_trs.bin
FILE/ACTION/ACTDATA/1104_Titan_07m_trs.bin
FILE/ACTION/ACTDATA/1105_Titan_03m_trs.bin
FILE/ACTION/ACTDATA/3500_Titan_15m_Normal_R_Arm_trs.bin
FILE/ACTION/ACTDATA/3501_Titan_15m_Normal_L_Arm_trs.bin
FILE/ACTION/ACTDATA/3502_Titan_15m_Normal_R_Leg_trs.bin
FILE/ACTION/ACTDATA/3503_Titan_15m_Normal_L_Leg_trs.bin
FILE/ACTION/ACTDATA/3510_Titan_15m_Muscle_R_Arm_trs.bin
FILE/ACTION/ACTDATA/3511_Titan_15m_Muscle_L_Arm_trs.bin
FILE/ACTION/ACTDATA/3512_Titan_15m_Muscle_R_Leg_trs.bin
FILE/ACTION/ACTDATA/3513_Titan_15m_Muscle_L_Leg_trs.bin
FILE/ACTION/ACTDATA/3520_Titan_15m_Fat_R_Arm_trs.bin
FILE/ACTION/ACTDATA/3521_Titan_15m_Fat_L_Arm_trs.bin
FILE/ACTION/ACTDATA/3522_Titan_15m_Fat_R_Leg_trs.bin
FILE/ACTION/ACTDATA/3523_Titan_15m_Fat_L_Leg_trs.bin
FILE/ACTION/ACTDATA/3530_Titan_15m_Thin_R_Arm_trs.bin
FILE/ACTION/ACTDATA/3531_Titan_15m_Thin_L_Arm_trs.bin
FILE/ACTION/ACTDATA/3532_Titan_15m_Thin_R_Leg_trs.bin
FILE/ACTION/ACTDATA/3533_Titan_15m_Thin_L_Leg_trs.bin
FILE/ACTION/ACTDATA/3540_Titan_7m_R_Arm_trs.bin
FILE/ACTION/ACTDATA/3541_Titan_7m_L_Arm_trs.bin
FILE/ACTION/ACTDATA/3542_Titan_7m_R_Leg_trs.bin
FILE/ACTION/ACTDATA/3543_Titan_7m_L_Leg_trs.bin
FILE/ACTION/ACTDATA/Action_Figure_trs.bin
FILE/ACTION/ACTDATA/0011_Levi_AttachSE.bin
FILE/ACTION/ACTDATA/0012_Hans_AttachSE.bin
FILE/ACTION/ACTDATA/0013_Elvin_AttachSE.bin
FILE/ACTION/ACTDATA/0103_Mike_AttachSE.bin
FILE/ACTION/ACTDATA/0104_Oluo_AttachSE.bin
FILE/ACTION/ACTDATA/0105_Petra_AttachSE.bin
FILE/ACTION/ACTDATA/0106_Gunther_AttachSE.bin
FILE/ACTION/ACTDATA/0107_Eld_AttachSE.bin
FILE/ACTION/ACTDATA/0108_Moblit_AttachSE.bin
FILE/ACTION/ACTDATA/0109_Ian_AttachSE.bin
FILE/ACTION/ACTDATA/0110_Rico_AttachSE.bin
FILE/ACTION/ACTDATA/0111_Nile_AttachSE.bin
FILE/ACTION/ACTDATA/0112_Mitabi_AttachSE.bin
FILE/ACTION/ACTDATA/0113_Marlowe_AttachSE.bin
FILE/ACTION/ACTDATA/0114_Hitch_AttachSE.bin
FILE/ACTION/ACTDATA/0200_Pixis_AttachSE.bin
FILE/ACTION/ACTDATA/0202_Kitz_AttachSE.bin
FILE/ACTION/ACTDATA/0203_Zackly_AttachSE.bin
FILE/ACTION/ACTDATA/0204_Nick_AttachSE.bin
FILE/ACTION/ACTDATA/0205_Reeves_AttachSE.bin
FILE/ACTION/ACTDATA/0400_Noble_M_AttachSE.bin
FILE/ACTION/ACTDATA/0401_Noble_F_AttachSE.bin
FILE/ACTION/ACTDATA/0402_Citizen_M_AttachSE.bin
FILE/ACTION/ACTDATA/0403_Citizen_F_AttachSE.bin
FILE/ACTION/ACTDATA/0404_Worker_M_AttachSE.bin
FILE/ACTION/ACTDATA/0405_Worker_F_AttachSE.bin
FILE/ACTION/ACTDATA/0406_Child_M_AttachSE.bin
FILE/ACTION/ACTDATA/0407_Child_F_AttachSE.bin
FILE/ACTION/ACTDATA/0600_Horse_AttachSE.bin
FILE/ACTION/ACTDATA/1000_Colossus_Titan_AttachSE.bin
FILE/ACTION/ACTDATA/1001_Armored_Titan_AttachSE.bin
FILE/ACTION/ACTDATA/1002_Female_Titan_AttachSE.bin
FILE/ACTION/ACTDATA/1003_Beastly_Titan_AttachSE.bin
FILE/ACTION/ACTDATA/1004_Eren_Titan_AttachSE.bin
FILE/ACTION/ACTDATA/1005_Colossus_Titan_Sub_00_AttachSE.bin
FILE/ACTION/ACTDATA/1006_Armored_Titan_Sub_00_AttachSE.bin
FILE/ACTION/ACTDATA/1007_Female_Titan_Sub_00_AttachSE.bin
FILE/ACTION/ACTDATA/1008_Beastly_Titan_Sub_00_AttachSE.bin
FILE/ACTION/ACTDATA/1009_Eren_Titan_Sub_00_AttachSE.bin
FILE/ACTION/ACTDATA/1010_Colossus_Titan_Sub_01_AttachSE.bin
FILE/ACTION/ACTDATA/1011_Armored_Titan_Sub_01_AttachSE.bin
FILE/ACTION/ACTDATA/1012_Female_Titan_Sub_01_AttachSE.bin
FILE/ACTION/ACTDATA/1013_Beastly_Titan_Sub_01_AttachSE.bin
FILE/ACTION/ACTDATA/1014_Eren_Titan_Sub_01_AttachSE.bin
FILE/ACTION/ACTDATA/1015_Colossus_Titan_Sub_02_AttachSE.bin
FILE/ACTION/ACTDATA/1016_Armored_Titan_Sub_02_AttachSE.bin
FILE/ACTION/ACTDATA/1017_Female_Titan_Sub_02_AttachSE.bin
FILE/ACTION/ACTDATA/1018_Beastly_Titan_Sub_02_AttachSE.bin
FILE/ACTION/ACTDATA/1019_Eren_Titan_Sub_02_AttachSE.bin
FILE/ACTION/ACTDATA/1020_Colossus_Titan_Sub_03_AttachSE.bin
FILE/ACTION/ACTDATA/1021_Armored_Titan_Sub_03_AttachSE.bin
FILE/ACTION/ACTDATA/1022_Female_Titan_Sub_03_AttachSE.bin
FILE/ACTION/ACTDATA/1023_Beastly_Titan_Sub_03_AttachSE.bin
FILE/ACTION/ACTDATA/1024_Eren_Titan_Sub_03_AttachSE.bin
FILE/ACTION/ACTDATA/1025_Colossus_Titan_Sub_04_AttachSE.bin
FILE/ACTION/ACTDATA/1026_Armored_Titan_Sub_04_AttachSE.bin
FILE/ACTION/ACTDATA/1027_Female_Titan_Sub_04_AttachSE.bin
FILE/ACTION/ACTDATA/1028_Beastly_Titan_Sub_04_AttachSE.bin
FILE/ACTION/ACTDATA/1029_Eren_Titan_Sub_04_AttachSE.bin
FILE/ACTION/ACTDATA/1100_Titan_15m_Normal_AttachSE.bin
FILE/ACTION/ACTDATA/1101_Titan_15m_Muscle_AttachSE.bin
FILE/ACTION/ACTDATA/1102_Titan_15m_Fat_AttachSE.bin
FILE/ACTION/ACTDATA/1103_Titan_15m_Thin_AttachSE.bin
FILE/ACTION/ACTDATA/1104_Titan_07m_AttachSE.bin
FILE/ACTION/ACTDATA/1105_Titan_03m_AttachSE.bin
FILE/ACTION/ACTDATA/3500_Titan_15m_Normal_R_Arm_AttachSE.bin
FILE/ACTION/ACTDATA/3501_Titan_15m_Normal_L_Arm_AttachSE.bin
FILE/ACTION/ACTDATA/3502_Titan_15m_Normal_R_Leg_AttachSE.bin
FILE/ACTION/ACTDATA/3503_Titan_15m_Normal_L_Leg_AttachSE.bin
FILE/ACTION/ACTDATA/3510_Titan_15m_Muscle_R_Arm_AttachSE.bin
FILE/ACTION/ACTDATA/3511_Titan_15m_Muscle_L_Arm_AttachSE.bin
FILE/ACTION/ACTDATA/3512_Titan_15m_Muscle_R_Leg_AttachSE.bin
FILE/ACTION/ACTDATA/3513_Titan_15m_Muscle_L_Leg_AttachSE.bin
FILE/ACTION/ACTDATA/3520_Titan_15m_Fat_R_Arm_AttachSE.bin
FILE/ACTION/ACTDATA/3521_Titan_15m_Fat_L_Arm_AttachSE.bin
FILE/ACTION/ACTDATA/3522_Titan_15m_Fat_R_Leg_AttachSE.bin
FILE/ACTION/ACTDATA/3523_Titan_15m_Fat_L_Leg_AttachSE.bin
FILE/ACTION/ACTDATA/3530_Titan_15m_Thin_R_Arm_AttachSE.bin
FILE/ACTION/ACTDATA/3531_Titan_15m_Thin_L_Arm_AttachSE.bin
FILE/ACTION/ACTDATA/3532_Titan_15m_Thin_R_Leg_AttachSE.bin
FILE/ACTION/ACTDATA/3533_Titan_15m_Thin_L_Leg_AttachSE.bin
FILE/ACTION/ACTDATA/3540_Titan_7m_R_Arm_AttachSE.bin
FILE/ACTION/ACTDATA/3541_Titan_7m_L_Arm_AttachSE.bin
FILE/ACTION/ACTDATA/3542_Titan_7m_R_Leg_AttachSE.bin
FILE/ACTION/ACTDATA/3543_Titan_7m_L_Leg_AttachSE.bin
FILE/ACTION/ACTDATA/Action_Figure_AttachSE.bin
FILE/ACTION/ACTDATA/0011_Levi_HitSE.bin
FILE/ACTION/ACTDATA/0012_Hans_HitSE.bin
FILE/ACTION/ACTDATA/0013_Elvin_HitSE.bin
FILE/ACTION/ACTDATA/0103_Mike_HitSE.bin
FILE/ACTION/ACTDATA/0104_Oluo_HitSE.bin
FILE/ACTION/ACTDATA/0105_Petra_HitSE.bin
FILE/ACTION/ACTDATA/0106_Gunther_HitSE.bin
FILE/ACTION/ACTDATA/0107_Eld_HitSE.bin
FILE/ACTION/ACTDATA/0108_Moblit_HitSE.bin
FILE/ACTION/ACTDATA/0109_Ian_HitSE.bin
FILE/ACTION/ACTDATA/0110_Rico_HitSE.bin
FILE/ACTION/ACTDATA/0111_Nile_HitSE.bin
FILE/ACTION/ACTDATA/0112_Mitabi_HitSE.bin
FILE/ACTION/ACTDATA/0113_Marlowe_HitSE.bin
FILE/ACTION/ACTDATA/0114_Hitch_HitSE.bin
FILE/ACTION/ACTDATA/0200_Pixis_HitSE.bin
FILE/ACTION/ACTDATA/0202_Kitz_HitSE.bin
FILE/ACTION/ACTDATA/0203_Zackly_HitSE.bin
FILE/ACTION/ACTDATA/0204_Nick_HitSE.bin
FILE/ACTION/ACTDATA/0205_Reeves_HitSE.bin
FILE/ACTION/ACTDATA/0400_Noble_M_HitSE.bin
FILE/ACTION/ACTDATA/0401_Noble_F_HitSE.bin
FILE/ACTION/ACTDATA/0402_Citizen_M_HitSE.bin
FILE/ACTION/ACTDATA/0403_Citizen_F_HitSE.bin
FILE/ACTION/ACTDATA/0404_Worker_M_HitSE.bin
FILE/ACTION/ACTDATA/0405_Worker_F_HitSE.bin
FILE/ACTION/ACTDATA/0406_Child_M_HitSE.bin
FILE/ACTION/ACTDATA/0407_Child_F_HitSE.bin
FILE/ACTION/ACTDATA/0600_Horse_HitSE.bin
FILE/ACTION/ACTDATA/1000_Colossus_Titan_HitSE.bin
FILE/ACTION/ACTDATA/1001_Armored_Titan_HitSE.bin
FILE/ACTION/ACTDATA/1002_Female_Titan_HitSE.bin
FILE/ACTION/ACTDATA/1003_Beastly_Titan_HitSE.bin
FILE/ACTION/ACTDATA/1004_Eren_Titan_HitSE.bin
FILE/ACTION/ACTDATA/1005_Colossus_Titan_Sub_00_HitSE.bin
FILE/ACTION/ACTDATA/1006_Armored_Titan_Sub_00_HitSE.bin
FILE/ACTION/ACTDATA/1007_Female_Titan_Sub_00_HitSE.bin
FILE/ACTION/ACTDATA/1008_Beastly_Titan_Sub_00_HitSE.bin
FILE/ACTION/ACTDATA/1009_Eren_Titan_Sub_00_HitSE.bin
FILE/ACTION/ACTDATA/1010_Colossus_Titan_Sub_01_HitSE.bin
FILE/ACTION/ACTDATA/1011_Armored_Titan_Sub_01_HitSE.bin
FILE/ACTION/ACTDATA/1012_Female_Titan_Sub_01_HitSE.bin
FILE/ACTION/ACTDATA/1013_Beastly_Titan_Sub_01_HitSE.bin
FILE/ACTION/ACTDATA/1014_Eren_Titan_Sub_01_HitSE.bin
FILE/ACTION/ACTDATA/1015_Colossus_Titan_Sub_02_HitSE.bin
FILE/ACTION/ACTDATA/1016_Armored_Titan_Sub_02_HitSE.bin
FILE/ACTION/ACTDATA/1017_Female_Titan_Sub_02_HitSE.bin
FILE/ACTION/ACTDATA/1018_Beastly_Titan_Sub_02_HitSE.bin
FILE/ACTION/ACTDATA/1019_Eren_Titan_Sub_02_HitSE.bin
FILE/ACTION/ACTDATA/1020_Colossus_Titan_Sub_03_HitSE.bin
FILE/ACTION/ACTDATA/1021_Armored_Titan_Sub_03_HitSE.bin
FILE/ACTION/ACTDATA/1022_Female_Titan_Sub_03_HitSE.bin
FILE/ACTION/ACTDATA/1023_Beastly_Titan_Sub_03_HitSE.bin
FILE/ACTION/ACTDATA/1024_Eren_Titan_Sub_03_HitSE.bin
FILE/ACTION/ACTDATA/1025_Colossus_Titan_Sub_04_HitSE.bin
FILE/ACTION/ACTDATA/1026_Armored_Titan_Sub_04_HitSE.bin
FILE/ACTION/ACTDATA/1027_Female_Titan_Sub_04_HitSE.bin
FILE/ACTION/ACTDATA/1028_Beastly_Titan_Sub_04_HitSE.bin
FILE/ACTION/ACTDATA/1029_Eren_Titan_Sub_04_HitSE.bin
FILE/ACTION/ACTDATA/1100_Titan_15m_Normal_HitSE.bin
FILE/ACTION/ACTDATA/1101_Titan_15m_Muscle_HitSE.bin
FILE/ACTION/ACTDATA/1102_Titan_15m_Fat_HitSE.bin
FILE/ACTION/ACTDATA/1103_Titan_15m_Thin_HitSE.bin
FILE/ACTION/ACTDATA/1104_Titan_07m_HitSE.bin
FILE/ACTION/ACTDATA/1105_Titan_03m_HitSE.bin
FILE/ACTION/ACTDATA/3500_Titan_15m_Normal_R_Arm_HitSE.bin
FILE/ACTION/ACTDATA/3501_Titan_15m_Normal_L_Arm_HitSE.bin
FILE/ACTION/ACTDATA/3502_Titan_15m_Normal_R_Leg_HitSE.bin
FILE/ACTION/ACTDATA/3503_Titan_15m_Normal_L_Leg_HitSE.bin
FILE/ACTION/ACTDATA/3510_Titan_15m_Muscle_R_Arm_HitSE.bin
FILE/ACTION/ACTDATA/3511_Titan_15m_Muscle_L_Arm_HitSE.bin
FILE/ACTION/ACTDATA/3512_Titan_15m_Muscle_R_Leg_HitSE.bin
FILE/ACTION/ACTDATA/3513_Titan_15m_Muscle_L_Leg_HitSE.bin
FILE/ACTION/ACTDATA/3520_Titan_15m_Fat_R_Arm_HitSE.bin
FILE/ACTION/ACTDATA/3521_Titan_15m_Fat_L_Arm_HitSE.bin
FILE/ACTION/ACTDATA/3522_Titan_15m_Fat_R_Leg_HitSE.bin
FILE/ACTION/ACTDATA/3523_Titan_15m_Fat_L_Leg_HitSE.bin
FILE/ACTION/ACTDATA/3530_Titan_15m_Thin_R_Arm_HitSE.bin
FILE/ACTION/ACTDATA/3531_Titan_15m_Thin_L_Arm_HitSE.bin
FILE/ACTION/ACTDATA/3532_Titan_15m_Thin_R_Leg_HitSE.bin
FILE/ACTION/ACTDATA/3533_Titan_15m_Thin_L_Leg_HitSE.bin
FILE/ACTION/ACTDATA/3540_Titan_7m_R_Arm_HitSE.bin
FILE/ACTION/ACTDATA/3541_Titan_7m_L_Arm_HitSE.bin
FILE/ACTION/ACTDATA/3542_Titan_7m_R_Leg_HitSE.bin
FILE/ACTION/ACTDATA/3543_Titan_7m_L_Leg_HitSE.bin
FILE/ACTION/ACTDATA/Action_Figure_HitSE.bin
FILE/ACTION/ACTDATA/0011_Levi_AttachEffect.bin
FILE/ACTION/ACTDATA/0012_Hans_AttachEffect.bin
FILE/ACTION/ACTDATA/0013_Elvin_AttachEffect.bin
FILE/ACTION/ACTDATA/0103_Mike_AttachEffect.bin
FILE/ACTION/ACTDATA/0104_Oluo_AttachEffect.bin
FILE/ACTION/ACTDATA/0105_Petra_AttachEffect.bin
FILE/ACTION/ACTDATA/0106_Gunther_AttachEffect.bin
FILE/ACTION/ACTDATA/0107_Eld_AttachEffect.bin
FILE/ACTION/ACTDATA/0108_Moblit_AttachEffect.bin
FILE/ACTION/ACTDATA/0109_Ian_AttachEffect.bin
FILE/ACTION/ACTDATA/0110_Rico_AttachEffect.bin
FILE/ACTION/ACTDATA/0111_Nile_AttachEffect.bin
FILE/ACTION/ACTDATA/0112_Mitabi_AttachEffect.bin
FILE/ACTION/ACTDATA/0113_Marlowe_AttachEffect.bin
FILE/ACTION/ACTDATA/0114_Hitch_AttachEffect.bin
FILE/ACTION/ACTDATA/0200_Pixis_AttachEffect.bin
FILE/ACTION/ACTDATA/0202_Kitz_AttachEffect.bin
FILE/ACTION/ACTDATA/0203_Zackly_AttachEffect.bin
FILE/ACTION/ACTDATA/0204_Nick_AttachEffect.bin
FILE/ACTION/ACTDATA/0205_Reeves_AttachEffect.bin
FILE/ACTION/ACTDATA/0400_Noble_M_AttachEffect.bin
FILE/ACTION/ACTDATA/0401_Noble_F_AttachEffect.bin
FILE/ACTION/ACTDATA/0402_Citizen_M_AttachEffect.bin
FILE/ACTION/ACTDATA/0403_Citizen_F_AttachEffect.bin
FILE/ACTION/ACTDATA/0404_Worker_M_AttachEffect.bin
FILE/ACTION/ACTDATA/0405_Worker_F_AttachEffect.bin
FILE/ACTION/ACTDATA/0406_Child_M_AttachEffect.bin
FILE/ACTION/ACTDATA/0407_Child_F_AttachEffect.bin
FILE/ACTION/ACTDATA/0600_Horse_AttachEffect.bin
FILE/ACTION/ACTDATA/1000_Colossus_Titan_AttachEffect.bin
FILE/ACTION/ACTDATA/1001_Armored_Titan_AttachEffect.bin
FILE/ACTION/ACTDATA/1002_Female_Titan_AttachEffect.bin
FILE/ACTION/ACTDATA/1003_Beastly_Titan_AttachEffect.bin
FILE/ACTION/ACTDATA/1004_Eren_Titan_AttachEffect.bin
FILE/ACTION/ACTDATA/1005_Colossus_Titan_Sub_00_AttachEffect.bin
FILE/ACTION/ACTDATA/1006_Armored_Titan_Sub_00_AttachEffect.bin
FILE/ACTION/ACTDATA/1007_Female_Titan_Sub_00_AttachEffect.bin
FILE/ACTION/ACTDATA/1008_Beastly_Titan_Sub_00_AttachEffect.bin
FILE/ACTION/ACTDATA/1009_Eren_Titan_Sub_00_AttachEffect.bin
FILE/ACTION/ACTDATA/1010_Colossus_Titan_Sub_01_AttachEffect.bin
FILE/ACTION/ACTDATA/1011_Armored_Titan_Sub_01_AttachEffect.bin
FILE/ACTION/ACTDATA/1012_Female_Titan_Sub_01_AttachEffect.bin
FILE/ACTION/ACTDATA/1013_Beastly_Titan_Sub_01_AttachEffect.bin
FILE/ACTION/ACTDATA/1014_Eren_Titan_Sub_01_AttachEffect.bin
FILE/ACTION/ACTDATA/1015_Colossus_Titan_Sub_02_AttachEffect.bin
FILE/ACTION/ACTDATA/1016_Armored_Titan_Sub_02_AttachEffect.bin
FILE/ACTION/ACTDATA/1017_Female_Titan_Sub_02_AttachEffect.bin
FILE/ACTION/ACTDATA/1018_Beastly_Titan_Sub_02_AttachEffect.bin
FILE/ACTION/ACTDATA/1019_Eren_Titan_Sub_02_AttachEffect.bin
FILE/ACTION/ACTDATA/1020_Colossus_Titan_Sub_03_AttachEffect.bin
FILE/ACTION/ACTDATA/1021_Armored_Titan_Sub_03_AttachEffect.bin
FILE/ACTION/ACTDATA/1022_Female_Titan_Sub_03_AttachEffect.bin
FILE/ACTION/ACTDATA/1023_Beastly_Titan_Sub_03_AttachEffect.bin
FILE/ACTION/ACTDATA/1024_Eren_Titan_Sub_03_AttachEffect.bin
FILE/ACTION/ACTDATA/1025_Colossus_Titan_Sub_04_AttachEffect.bin
FILE/ACTION/ACTDATA/1026_Armored_Titan_Sub_04_AttachEffect.bin
FILE/ACTION/ACTDATA/1027_Female_Titan_Sub_04_AttachEffect.bin
FILE/ACTION/ACTDATA/1028_Beastly_Titan_Sub_04_AttachEffect.bin
FILE/ACTION/ACTDATA/1029_Eren_Titan_Sub_04_AttachEffect.bin
FILE/ACTION/ACTDATA/1100_Titan_15m_Normal_AttachEffect.bin
FILE/ACTION/ACTDATA/1101_Titan_15m_Muscle_AttachEffect.bin
FILE/ACTION/ACTDATA/1102_Titan_15m_Fat_AttachEffect.bin
FILE/ACTION/ACTDATA/1103_Titan_15m_Thin_AttachEffect.bin
FILE/ACTION/ACTDATA/1104_Titan_07m_AttachEffect.bin
FILE/ACTION/ACTDATA/1105_Titan_03m_AttachEffect.bin
FILE/ACTION/ACTDATA/3500_Titan_15m_Normal_R_Arm_AttachEffect.bin
FILE/ACTION/ACTDATA/3501_Titan_15m_Normal_L_Arm_AttachEffect.bin
FILE/ACTION/ACTDATA/3502_Titan_15m_Normal_R_Leg_AttachEffect.bin
FILE/ACTION/ACTDATA/3503_Titan_15m_Normal_L_Leg_AttachEffect.bin
FILE/ACTION/ACTDATA/3510_Titan_15m_Muscle_R_Arm_AttachEffect.bin
FILE/ACTION/ACTDATA/3511_Titan_15m_Muscle_L_Arm_AttachEffect.bin
FILE/ACTION/ACTDATA/3512_Titan_15m_Muscle_R_Leg_AttachEffect.bin
FILE/ACTION/ACTDATA/3513_Titan_15m_Muscle_L_Leg_AttachEffect.bin
FILE/ACTION/ACTDATA/3520_Titan_15m_Fat_R_Arm_AttachEffect.bin
FILE/ACTION/ACTDATA/3521_Titan_15m_Fat_L_Arm_AttachEffect.bin
FILE/ACTION/ACTDATA/3522_Titan_15m_Fat_R_Leg_AttachEffect.bin
FILE/ACTION/ACTDATA/3523_Titan_15m_Fat_L_Leg_AttachEffect.bin
FILE/ACTION/ACTDATA/3530_Titan_15m_Thin_R_Arm_AttachEffect.bin
FILE/ACTION/ACTDATA/3531_Titan_15m_Thin_L_Arm_AttachEffect.bin
FILE/ACTION/ACTDATA/3532_Titan_15m_Thin_R_Leg_AttachEffect.bin
FILE/ACTION/ACTDATA/3533_Titan_15m_Thin_L_Leg_AttachEffect.bin
FILE/ACTION/ACTDATA/3540_Titan_7m_R_Arm_AttachEffect.bin
FILE/ACTION/ACTDATA/3541_Titan_7m_L_Arm_AttachEffect.bin
FILE/ACTION/ACTDATA/3542_Titan_7m_R_Leg_AttachEffect.bin
FILE/ACTION/ACTDATA/3543_Titan_7m_L_Leg_AttachEffect.bin
FILE/ACTION/ACTDATA/Action_Figure_AttachEffect.bin
FILE/ACTION/MODEL/0011_Levi_mdl.bin
FILE/ACTION/MODEL/0012_Hans_mdl.bin
FILE/ACTION/MODEL/0013_Elvin_mdl.bin
FILE/ACTION/MODEL/0103_Mike_mdl.bin
FILE/ACTION/MODEL/0104_Oluo_mdl.bin
FILE/ACTION/MODEL/0105_Petra_mdl.bin
FILE/ACTION/MODEL/0106_Gunther_mdl.bin
FILE/ACTION/MODEL/0107_Eld_mdl.bin
FILE/ACTION/MODEL/0108_Moblit_mdl.bin
FILE/ACTION/MODEL/0109_Ian_mdl.bin
FILE/ACTION/MODEL/0110_Rico_mdl.bin
FILE/ACTION/MODEL/0111_Nile_mdl.bin
FILE/ACTION/MODEL/0112_Mitabi_mdl.bin
FILE/ACTION/MODEL/0113_Marlowe_mdl.bin
FILE/ACTION/MODEL/0114_Hitch_mdl.bin
FILE/ACTION/MODEL/0200_Pixis_mdl.bin
FILE/ACTION/MODEL/0202_Kitz_mdl.bin
FILE/ACTION/MODEL/0203_Zackly_mdl.bin
FILE/ACTION/MODEL/0204_Nick_mdl.bin
FILE/ACTION/MODEL/0205_Reeves_mdl.bin
FILE/ACTION/MODEL/0400_Noble_M_mdl.bin
FILE/ACTION/MODEL/0401_Noble_F_mdl.bin
FILE/ACTION/MODEL/0402_Citizen_M_mdl.bin
FILE/ACTION/MODEL/0403_Citizen_F_mdl.bin
FILE/ACTION/MODEL/0404_Worker_M_mdl.bin
FILE/ACTION/MODEL/0405_Worker_F_mdl.bin
FILE/ACTION/MODEL/0406_Child_M_mdl.bin
FILE/ACTION/MODEL/0407_Child_F_mdl.bin
FILE/ACTION/MODEL/0502_Eren_OffJacket_mdl.bin
FILE/ACTION/MODEL/0503_Mikasa_OffJacket_mdl.bin
FILE/ACTION/MODEL/0504_Armin_OffJacket_mdl.bin
FILE/ACTION/MODEL/0505_Levi_OffJacket_mdl.bin
FILE/ACTION/MODEL/0506_Eren_Shirts_mdl.bin
FILE/ACTION/MODEL/0600_Horse_mdl.bin
FILE/ACTION/MODEL/0700_DLC_00_mdl.bin
FILE/ACTION/MODEL/0701_DLC_01_mdl.bin
FILE/ACTION/MODEL/0702_DLC_02_mdl.bin
FILE/ACTION/MODEL/0703_DLC_03_mdl.bin
FILE/ACTION/MODEL/0704_DLC_04_mdl.bin
FILE/ACTION/MODEL/0705_DLC_05_mdl.bin
FILE/ACTION/MODEL/0706_DLC_06_mdl.bin
FILE/ACTION/MODEL/0707_DLC_07_mdl.bin
FILE/ACTION/MODEL/0708_DLC_08_mdl.bin
FILE/ACTION/MODEL/0709_DLC_09_mdl.bin
FILE/ACTION/MODEL/0710_DLC_10_mdl.bin
FILE/ACTION/MODEL/0711_DLC_11_mdl.bin
FILE/ACTION/MODEL/0712_DLC_12_mdl.bin
FILE/ACTION/MODEL/0713_DLC_13_mdl.bin
FILE/ACTION/MODEL/0714_DLC_14_mdl.bin
FILE/ACTION/MODEL/0715_DLC_15_mdl.bin
FILE/ACTION/MODEL/0716_DLC_16_mdl.bin
FILE/ACTION/MODEL/0717_DLC_17_mdl.bin
FILE/ACTION/MODEL/0718_DLC_18_mdl.bin
FILE/ACTION/MODEL/0719_DLC_19_mdl.bin
FILE/ACTION/MODEL/0720_DLC_20_mdl.bin
FILE/ACTION/MODEL/0721_DLC_21_mdl.bin
FILE/ACTION/MODEL/0722_DLC_22_mdl.bin
FILE/ACTION/MODEL/0723_DLC_23_mdl.bin
FILE/ACTION/MODEL/0724_DLC_24_mdl.bin
FILE/ACTION/MODEL/0725_DLC_25_mdl.bin
FILE/ACTION/MODEL/0726_DLC_26_mdl.bin
FILE/ACTION/MODEL/0727_DLC_27_mdl.bin
FILE/ACTION/MODEL/0728_DLC_28_mdl.bin
FILE/ACTION/MODEL/0729_DLC_29_mdl.bin
FILE/ACTION/MODEL/0730_DLC_30_mdl.bin
FILE/ACTION/MODEL/0731_DLC_31_mdl.bin
FILE/ACTION/MODEL/0732_DLC_32_mdl.bin
FILE/ACTION/MODEL/0733_DLC_33_mdl.bin
FILE/ACTION/MODEL/0734_DLC_34_mdl.bin
FILE/ACTION/MODEL/0735_DLC_35_mdl.bin
FILE/ACTION/MODEL/0736_DLC_36_mdl.bin
FILE/ACTION/MODEL/0737_DLC_37_mdl.bin
FILE/ACTION/MODEL/0738_DLC_38_mdl.bin
FILE/ACTION/MODEL/0739_DLC_39_mdl.bin
FILE/ACTION/MODEL/0740_DLC_40_mdl.bin
FILE/ACTION/MODEL/0741_DLC_41_mdl.bin
FILE/ACTION/MODEL/0742_DLC_42_mdl.bin
FILE/ACTION/MODEL/0743_DLC_43_mdl.bin
FILE/ACTION/MODEL/0744_DLC_44_mdl.bin
FILE/ACTION/MODEL/0745_DLC_45_mdl.bin
FILE/ACTION/MODEL/0746_DLC_46_mdl.bin
FILE/ACTION/MODEL/0747_DLC_47_mdl.bin
FILE/ACTION/MODEL/0748_DLC_48_mdl.bin
FILE/ACTION/MODEL/0749_DLC_49_mdl.bin
FILE/ACTION/MODEL/1000_Colossus_Titan_mdl.bin
FILE/ACTION/MODEL/1001_Armored_Titan_mdl.bin
FILE/ACTION/MODEL/1002_Female_Titan_mdl.bin
FILE/ACTION/MODEL/1003_Beastly_Titan_mdl.bin
FILE/ACTION/MODEL/1004_Eren_Titan_mdl.bin
FILE/ACTION/MODEL/1005_Colossus_Titan_Sub_00_mdl.bin
FILE/ACTION/MODEL/1006_Armored_Titan_Sub_00_mdl.bin
FILE/ACTION/MODEL/1007_Female_Titan_Sub_00_mdl.bin
FILE/ACTION/MODEL/1008_Beastly_Titan_Sub_00_mdl.bin
FILE/ACTION/MODEL/1009_Eren_Titan_Sub_00_mdl.bin
FILE/ACTION/MODEL/1010_Colossus_Titan_Sub_01_mdl.bin
FILE/ACTION/MODEL/1011_Armored_Titan_Sub_01_mdl.bin
FILE/ACTION/MODEL/1012_Female_Titan_Sub_01_mdl.bin
FILE/ACTION/MODEL/1013_Beastly_Titan_Sub_01_mdl.bin
FILE/ACTION/MODEL/1014_Eren_Titan_Sub_01_mdl.bin
FILE/ACTION/MODEL/1015_Colossus_Titan_Sub_02_mdl.bin
FILE/ACTION/MODEL/1016_Armored_Titan_Sub_02_mdl.bin
FILE/ACTION/MODEL/1017_Female_Titan_Sub_02_mdl.bin
FILE/ACTION/MODEL/1018_Beastly_Titan_Sub_02_mdl.bin
FILE/ACTION/MODEL/1019_Eren_Titan_Sub_02_mdl.bin
FILE/ACTION/MODEL/1020_Colossus_Titan_Sub_03_mdl.bin
FILE/ACTION/MODEL/1021_Armored_Titan_Sub_03_mdl.bin
FILE/ACTION/MODEL/1022_Female_Titan_Sub_03_mdl.bin
FILE/ACTION/MODEL/1023_Beastly_Titan_Sub_03_mdl.bin
FILE/ACTION/MODEL/1024_Eren_Titan_Sub_03_mdl.bin
FILE/ACTION/MODEL/1025_Colossus_Titan_Sub_04_mdl.bin
FILE/ACTION/MODEL/1026_Armored_Titan_Sub_04_mdl.bin
FILE/ACTION/MODEL/1027_Female_Titan_Sub_04_mdl.bin
FILE/ACTION/MODEL/1028_Beastly_Titan_Sub_04_mdl.bin
FILE/ACTION/MODEL/1029_Eren_Titan_Sub_04_mdl.bin
FILE/ACTION/MODEL/1030_Kalura_Titan_mdl.bin
FILE/ACTION/MODEL/1100_Titan_15m_Normal_mdl.bin
FILE/ACTION/MODEL/1101_Titan_15m_Muscle_mdl.bin
FILE/ACTION/MODEL/1102_Titan_15m_Fat_mdl.bin
FILE/ACTION/MODEL/1103_Titan_15m_Thin_mdl.bin
FILE/ACTION/MODEL/1104_Titan_07m_mdl.bin
FILE/ACTION/MODEL/1105_Titan_03m_mdl.bin
FILE/ACTION/MODEL/3000_TitanFace_Eye_00_mdl.bin
FILE/ACTION/MODEL/3001_TitanFace_Eye_01_mdl.bin
FILE/ACTION/MODEL/3002_TitanFace_Eye_02_mdl.bin
FILE/ACTION/MODEL/3003_TitanFace_Eye_03_mdl.bin
FILE/ACTION/MODEL/3004_TitanFace_Eye_04_mdl.bin
FILE/ACTION/MODEL/3005_TitanFace_Eye_05_mdl.bin
FILE/ACTION/MODEL/3006_TitanFace_Eye_06_mdl.bin
FILE/ACTION/MODEL/3007_TitanFace_Eye_07_mdl.bin
FILE/ACTION/MODEL/3008_TitanFace_Eye_08_mdl.bin
FILE/ACTION/MODEL/3009_TitanFace_Eye_09_mdl.bin
FILE/ACTION/MODEL/3010_TitanFace_Eye_10_mdl.bin
FILE/ACTION/MODEL/3011_TitanFace_Eye_11_mdl.bin
FILE/ACTION/MODEL/3012_TitanFace_Eye_12_mdl.bin
FILE/ACTION/MODEL/3013_TitanFace_Eye_13_mdl.bin
FILE/ACTION/MODEL/3014_TitanFace_Eye_14_mdl.bin
FILE/ACTION/MODEL/3015_TitanFace_Eye_15_mdl.bin
FILE/ACTION/MODEL/3016_TitanFace_Eye_16_mdl.bin
FILE/ACTION/MODEL/3017_TitanFace_Eye_17_mdl.bin
FILE/ACTION/MODEL/3018_TitanFace_Eye_18_mdl.bin
FILE/ACTION/MODEL/3019_TitanFace_Eye_19_mdl.bin
FILE/ACTION/MODEL/3100_TitanFace_Nose_00_mdl.bin
FILE/ACTION/MODEL/3101_TitanFace_Nose_01_mdl.bin
FILE/ACTION/MODEL/3102_TitanFace_Nose_02_mdl.bin
FILE/ACTION/MODEL/3103_TitanFace_Nose_03_mdl.bin
FILE/ACTION/MODEL/3104_TitanFace_Nose_04_mdl.bin
FILE/ACTION/MODEL/3105_TitanFace_Nose_05_mdl.bin
FILE/ACTION/MODEL/3106_TitanFace_Nose_06_mdl.bin
FILE/ACTION/MODEL/3107_TitanFace_Nose_07_mdl.bin
FILE/ACTION/MODEL/3108_TitanFace_Nose_08_mdl.bin
FILE/ACTION/MODEL/3109_TitanFace_Nose_09_mdl.bin
FILE/ACTION/MODEL/3110_TitanFace_Nose_10_mdl.bin
FILE/ACTION/MODEL/3111_TitanFace_Nose_11_mdl.bin
FILE/ACTION/MODEL/3112_TitanFace_Nose_12_mdl.bin
FILE/ACTION/MODEL/3113_TitanFace_Nose_13_mdl.bin
FILE/ACTION/MODEL/3114_TitanFace_Nose_14_mdl.bin
FILE/ACTION/MODEL/3115_TitanFace_Nose_15_mdl.bin
FILE/ACTION/MODEL/3116_TitanFace_Nose_16_mdl.bin
FILE/ACTION/MODEL/3117_TitanFace_Nose_17_mdl.bin
FILE/ACTION/MODEL/3118_TitanFace_Nose_18_mdl.bin
FILE/ACTION/MODEL/3119_TitanFace_Nose_19_mdl.bin
FILE/ACTION/MODEL/3200_TitanFace_Mouth_00_mdl.bin
FILE/ACTION/MODEL/3201_TitanFace_Mouth_01_mdl.bin
FILE/ACTION/MODEL/3202_TitanFace_Mouth_02_mdl.bin
FILE/ACTION/MODEL/3203_TitanFace_Mouth_03_mdl.bin
FILE/ACTION/MODEL/3204_TitanFace_Mouth_04_mdl.bin
FILE/ACTION/MODEL/3205_TitanFace_Mouth_05_mdl.bin
FILE/ACTION/MODEL/3206_TitanFace_Mouth_06_mdl.bin
FILE/ACTION/MODEL/3207_TitanFace_Mouth_07_mdl.bin
FILE/ACTION/MODEL/3208_TitanFace_Mouth_08_mdl.bin
FILE/ACTION/MODEL/3209_TitanFace_Mouth_09_mdl.bin
FILE/ACTION/MODEL/3210_TitanFace_Mouth_10_mdl.bin
FILE/ACTION/MODEL/3211_TitanFace_Mouth_11_mdl.bin
FILE/ACTION/MODEL/3212_TitanFace_Mouth_12_mdl.bin
FILE/ACTION/MODEL/3213_TitanFace_Mouth_13_mdl.bin
FILE/ACTION/MODEL/3214_TitanFace_Mouth_14_mdl.bin
FILE/ACTION/MODEL/3215_TitanFace_Mouth_15_mdl.bin
FILE/ACTION/MODEL/3216_TitanFace_Mouth_16_mdl.bin
FILE/ACTION/MODEL/3217_TitanFace_Mouth_17_mdl.bin
FILE/ACTION/MODEL/3218_TitanFace_Mouth_18_mdl.bin
FILE/ACTION/MODEL/3219_TitanFace_Mouth_19_mdl.bin
FILE/ACTION/MODEL/3300_TitanFace_Brow_00_mdl.bin
FILE/ACTION/MODEL/3301_TitanFace_Brow_01_mdl.bin
FILE/ACTION/MODEL/3302_TitanFace_Brow_02_mdl.bin
FILE/ACTION/MODEL/3303_TitanFace_Brow_03_mdl.bin
FILE/ACTION/MODEL/3304_TitanFace_Brow_04_mdl.bin
FILE/ACTION/MODEL/3305_TitanFace_Brow_05_mdl.bin
FILE/ACTION/MODEL/3306_TitanFace_Brow_06_mdl.bin
FILE/ACTION/MODEL/3307_TitanFace_Brow_07_mdl.bin
FILE/ACTION/MODEL/3308_TitanFace_Brow_08_mdl.bin
FILE/ACTION/MODEL/3309_TitanFace_Brow_09_mdl.bin
FILE/ACTION/MODEL/3310_TitanFace_Brow_10_mdl.bin
FILE/ACTION/MODEL/3311_TitanFace_Brow_11_mdl.bin
FILE/ACTION/MODEL/3312_TitanFace_Brow_12_mdl.bin
FILE/ACTION/MODEL/3313_TitanFace_Brow_13_mdl.bin
FILE/ACTION/MODEL/3314_TitanFace_Brow_14_mdl.bin
FILE/ACTION/MODEL/3315_TitanFace_Brow_15_mdl.bin
FILE/ACTION/MODEL/3316_TitanFace_Brow_16_mdl.bin
FILE/ACTION/MODEL/3317_TitanFace_Brow_17_mdl.bin
FILE/ACTION/MODEL/3318_TitanFace_Brow_18_mdl.bin
FILE/ACTION/MODEL/3319_TitanFace_Brow_19_mdl.bin
FILE/ACTION/MODEL/3400_TitanFace_Hair_00_mdl.bin
FILE/ACTION/MODEL/3401_TitanFace_Hair_01_mdl.bin
FILE/ACTION/MODEL/3402_TitanFace_Hair_02_mdl.bin
FILE/ACTION/MODEL/3403_TitanFace_Hair_03_mdl.bin
FILE/ACTION/MODEL/3404_TitanFace_Hair_04_mdl.bin
FILE/ACTION/MODEL/3405_TitanFace_Hair_05_mdl.bin
FILE/ACTION/MODEL/3406_TitanFace_Hair_06_mdl.bin
FILE/ACTION/MODEL/3407_TitanFace_Hair_07_mdl.bin
FILE/ACTION/MODEL/3408_TitanFace_Hair_08_mdl.bin
FILE/ACTION/MODEL/3409_TitanFace_Hair_09_mdl.bin
FILE/ACTION/MODEL/3410_TitanFace_Hair_10_mdl.bin
FILE/ACTION/MODEL/3411_TitanFace_Hair_11_mdl.bin
FILE/ACTION/MODEL/3412_TitanFace_Hair_12_mdl.bin
FILE/ACTION/MODEL/3413_TitanFace_Hair_13_mdl.bin
FILE/ACTION/MODEL/3414_TitanFace_Hair_14_mdl.bin
FILE/ACTION/MODEL/3415_TitanFace_Hair_15_mdl.bin
FILE/ACTION/MODEL/3416_TitanFace_Hair_16_mdl.bin
FILE/ACTION/MODEL/3417_TitanFace_Hair_17_mdl.bin
FILE/ACTION/MODEL/3418_TitanFace_Hair_18_mdl.bin
FILE/ACTION/MODEL/3419_TitanFace_Hair_19_mdl.bin
FILE/ACTION/MODEL/3500_Titan_15m_Normal_R_Arm_mdl.bin
FILE/ACTION/MODEL/3501_Titan_15m_Normal_L_Arm_mdl.bin
FILE/ACTION/MODEL/3502_Titan_15m_Normal_R_Leg_mdl.bin
FILE/ACTION/MODEL/3503_Titan_15m_Normal_L_Leg_mdl.bin
FILE/ACTION/MODEL/3510_Titan_15m_Muscle_R_Arm_mdl.bin
FILE/ACTION/MODEL/3511_Titan_15m_Muscle_L_Arm_mdl.bin
FILE/ACTION/MODEL/3512_Titan_15m_Muscle_R_Leg_mdl.bin
FILE/ACTION/MODEL/3513_Titan_15m_Muscle_L_Leg_mdl.bin
FILE/ACTION/MODEL/3520_Titan_15m_Fat_R_Arm_mdl.bin
FILE/ACTION/MODEL/3521_Titan_15m_Fat_L_Arm_mdl.bin
FILE/ACTION/MODEL/3522_Titan_15m_Fat_R_Leg_mdl.bin
FILE/ACTION/MODEL/3523_Titan_15m_Fat_L_Leg_mdl.bin
FILE/ACTION/MODEL/3530_Titan_15m_Thin_R_Arm_mdl.bin
FILE/ACTION/MODEL/3531_Titan_15m_Thin_L_Arm_mdl.bin
FILE/ACTION/MODEL/3532_Titan_15m_Thin_R_Leg_mdl.bin
FILE/ACTION/MODEL/3533_Titan_15m_Thin_L_Leg_mdl.bin
FILE/ACTION/MODEL/3540_Titan_7m_R_Arm_mdl.bin
FILE/ACTION/MODEL/3541_Titan_7m_L_Arm_mdl.bin
FILE/ACTION/MODEL/3542_Titan_7m_R_Leg_mdl.bin
FILE/ACTION/MODEL/3543_Titan_7m_L_Leg_mdl.bin
FILE/ACTION/TEXTURE/0011_Levi_000.g1t.ZL_
FILE/ACTION/TEXTURE/0011_Levi_001.g1t.ZL_
FILE/ACTION/TEXTURE/0011_Levi_002.g1t.ZL_
FILE/ACTION/TEXTURE/0011_Levi_003.g1t.ZL_
FILE/ACTION/TEXTURE/0011_Levi_004.g1t.ZL_
FILE/ACTION/TEXTURE/0012_Hans_000.g1t.ZL_
FILE/ACTION/TEXTURE/0012_Hans_001.g1t.ZL_
FILE/ACTION/TEXTURE/0012_Hans_002.g1t.ZL_
FILE/ACTION/TEXTURE/0012_Hans_003.g1t.ZL_
FILE/ACTION/TEXTURE/0012_Hans_004.g1t.ZL_
FILE/ACTION/TEXTURE/0013_Elvin_000.g1t.ZL_
FILE/ACTION/TEXTURE/0013_Elvin_001.g1t.ZL_
FILE/ACTION/TEXTURE/0013_Elvin_002.g1t.ZL_
FILE/ACTION/TEXTURE/0013_Elvin_003.g1t.ZL_
FILE/ACTION/TEXTURE/0013_Elvin_004.g1t.ZL_
FILE/ACTION/TEXTURE/0103_Mike_000.g1t.ZL_
FILE/ACTION/TEXTURE/0103_Mike_001.g1t.ZL_
FILE/ACTION/TEXTURE/0103_Mike_002.g1t.ZL_
FILE/ACTION/TEXTURE/0103_Mike_003.g1t.ZL_
FILE/ACTION/TEXTURE/0103_Mike_004.g1t.ZL_
FILE/ACTION/TEXTURE/0104_Oluo_000.g1t.ZL_
FILE/ACTION/TEXTURE/0104_Oluo_001.g1t.ZL_
FILE/ACTION/TEXTURE/0104_Oluo_002.g1t.ZL_
FILE/ACTION/TEXTURE/0104_Oluo_003.g1t.ZL_
FILE/ACTION/TEXTURE/0104_Oluo_004.g1t.ZL_
FILE/ACTION/TEXTURE/0105_Petra_000.g1t.ZL_
FILE/ACTION/TEXTURE/0105_Petra_001.g1t.ZL_
FILE/ACTION/TEXTURE/0105_Petra_002.g1t.ZL_
FILE/ACTION/TEXTURE/0105_Petra_003.g1t.ZL_
FILE/ACTION/TEXTURE/0105_Petra_004.g1t.ZL_
FILE/ACTION/TEXTURE/0106_Gunther_000.g1t.ZL_
FILE/ACTION/TEXTURE/0106_Gunther_001.g1t.ZL_
FILE/ACTION/TEXTURE/0106_Gunther_002.g1t.ZL_
FILE/ACTION/TEXTURE/0106_Gunther_003.g1t.ZL_
FILE/ACTION/TEXTURE/0106_Gunther_004.g1t.ZL_
FILE/ACTION/TEXTURE/0107_Eld_000.g1t.ZL_
FILE/ACTION/TEXTURE/0107_Eld_001.g1t.ZL_
FILE/ACTION/TEXTURE/0107_Eld_002.g1t.ZL_
FILE/ACTION/TEXTURE/0107_Eld_003.g1t.ZL_
FILE/ACTION/TEXTURE/0107_Eld_004.g1t.ZL_
FILE/ACTION/TEXTURE/0108_Moblit_000.g1t.ZL_
FILE/ACTION/TEXTURE/0108_Moblit_001.g1t.ZL_
FILE/ACTION/TEXTURE/0108_Moblit_002.g1t.ZL_
FILE/ACTION/TEXTURE/0108_Moblit_003.g1t.ZL_
FILE/ACTION/TEXTURE/0108_Moblit_004.g1t.ZL_
FILE/ACTION/TEXTURE/0109_Ian_000.g1t.ZL_
FILE/ACTION/TEXTURE/0109_Ian_001.g1t.ZL_
FILE/ACTION/TEXTURE/0109_Ian_002.g1t.ZL_
FILE/ACTION/TEXTURE/0109_Ian_003.g1t.ZL_
FILE/ACTION/TEXTURE/0109_Ian_004.g1t.ZL_
FILE/ACTION/TEXTURE/0110_Rico_000.g1t.ZL_
FILE/ACTION/TEXTURE/0110_Rico_001.g1t.ZL_
FILE/ACTION/TEXTURE/0110_Rico_002.g1t.ZL_
FILE/ACTION/TEXTURE/0110_Rico_003.g1t.ZL_
FILE/ACTION/TEXTURE/0110_Rico_004.g1t.ZL_
FILE/ACTION/TEXTURE/0111_Nile_000.g1t.ZL_
FILE/ACTION/TEXTURE/0111_Nile_001.g1t.ZL_
FILE/ACTION/TEXTURE/0111_Nile_002.g1t.ZL_
FILE/ACTION/TEXTURE/0111_Nile_003.g1t.ZL_
FILE/ACTION/TEXTURE/0111_Nile_004.g1t.ZL_
FILE/ACTION/TEXTURE/0112_Mitabi_000.g1t.ZL_
FILE/ACTION/TEXTURE/0112_Mitabi_001.g1t.ZL_
FILE/ACTION/TEXTURE/0112_Mitabi_002.g1t.ZL_
FILE/ACTION/TEXTURE/0112_Mitabi_003.g1t.ZL_
FILE/ACTION/TEXTURE/0112_Mitabi_004.g1t.ZL_
FILE/ACTION/TEXTURE/0113_Marlowe_000.g1t.ZL_
FILE/ACTION/TEXTURE/0113_Marlowe_001.g1t.ZL_
FILE/ACTION/TEXTURE/0113_Marlowe_002.g1t.ZL_
FILE/ACTION/TEXTURE/0113_Marlowe_003.g1t.ZL_
FILE/ACTION/TEXTURE/0113_Marlowe_004.g1t.ZL_
FILE/ACTION/TEXTURE/0114_Hitch_000.g1t.ZL_
FILE/ACTION/TEXTURE/0114_Hitch_001.g1t.ZL_
FILE/ACTION/TEXTURE/0114_Hitch_002.g1t.ZL_
FILE/ACTION/TEXTURE/0114_Hitch_003.g1t.ZL_
FILE/ACTION/TEXTURE/0114_Hitch_004.g1t.ZL_
FILE/ACTION/TEXTURE/0200_Pixis_000.g1t.ZL_
FILE/ACTION/TEXTURE/0200_Pixis_001.g1t.ZL_
FILE/ACTION/TEXTURE/0200_Pixis_002.g1t.ZL_
FILE/ACTION/TEXTURE/0200_Pixis_003.g1t.ZL_
FILE/ACTION/TEXTURE/0200_Pixis_004.g1t.ZL_
FILE/ACTION/TEXTURE/0202_Kitz_000.g1t.ZL_
FILE/ACTION/TEXTURE/0202_Kitz_001.g1t.ZL_
FILE/ACTION/TEXTURE/0202_Kitz_002.g1t.ZL_
FILE/ACTION/TEXTURE/0202_Kitz_003.g1t.ZL_
FILE/ACTION/TEXTURE/0202_Kitz_004.g1t.ZL_
FILE/ACTION/TEXTURE/0203_Zackly_000.g1t.ZL_
FILE/ACTION/TEXTURE/0204_Nick_000.g1t.ZL_
FILE/ACTION/TEXTURE/0205_Reeves_000.g1t.ZL_
FILE/ACTION/TEXTURE/0400_Noble_M_000.g1t.ZL_
FILE/ACTION/TEXTURE/0400_Noble_M_001.g1t.ZL_
FILE/ACTION/TEXTURE/0401_Noble_F_000.g1t.ZL_
FILE/ACTION/TEXTURE/0401_Noble_F_001.g1t.ZL_
FILE/ACTION/TEXTURE/0401_Noble_F_002.g1t.ZL_
FILE/ACTION/TEXTURE/0402_Citizen_M_000.g1t.ZL_
FILE/ACTION/TEXTURE/0402_Citizen_M_001.g1t.ZL_
FILE/ACTION/TEXTURE/0402_Citizen_M_002.g1t.ZL_
FILE/ACTION/TEXTURE/0403_Citizen_F_000.g1t.ZL_
FILE/ACTION/TEXTURE/0403_Citizen_F_001.g1t.ZL_
FILE/ACTION/TEXTURE/0403_Citizen_F_002.g1t.ZL_
FILE/ACTION/TEXTURE/0404_Worker_M_000.g1t.ZL_
FILE/ACTION/TEXTURE/0404_Worker_M_001.g1t.ZL_
FILE/ACTION/TEXTURE/0404_Worker_M_002.g1t.ZL_
FILE/ACTION/TEXTURE/0405_Worker_F_000.g1t.ZL_
FILE/ACTION/TEXTURE/0405_Worker_F_001.g1t.ZL_
FILE/ACTION/TEXTURE/0405_Worker_F_002.g1t.ZL_
FILE/ACTION/TEXTURE/0406_Child_M_000.g1t.ZL_
FILE/ACTION/TEXTURE/0407_Child_F_000.g1t.ZL_
FILE/ACTION/TEXTURE/0502_Eren_OffJacket_000.g1t.ZL_
FILE/ACTION/TEXTURE/0503_Mikasa_OffJacket_000.g1t.ZL_
FILE/ACTION/TEXTURE/0504_Armin_OffJacket_000.g1t.ZL_
FILE/ACTION/TEXTURE/0505_Levi_OffJacket_000.g1t.ZL_
FILE/ACTION/TEXTURE/0506_Eren_Shirts_000.g1t.ZL_
FILE/ACTION/TEXTURE/0600_Horse_000.g1t.ZL_
FILE/ACTION/TEXTURE/0600_Horse_001.g1t.ZL_
FILE/ACTION/TEXTURE/0600_Horse_002.g1t.ZL_
FILE/ACTION/TEXTURE/0600_Horse_003.g1t.ZL_
FILE/ACTION/TEXTURE/0600_Horse_004.g1t.ZL_
FILE/ACTION/TEXTURE/0600_Horse_005.g1t.ZL_
FILE/ACTION/TEXTURE/0600_Horse_006.g1t.ZL_
FILE/ACTION/TEXTURE/0700_DLC_00_000.g1t.ZL_
FILE/ACTION/TEXTURE/0701_DLC_01_000.g1t.ZL_
FILE/ACTION/TEXTURE/0702_DLC_02_000.g1t.ZL_
FILE/ACTION/TEXTURE/0703_DLC_03_000.g1t.ZL_
FILE/ACTION/TEXTURE/0704_DLC_04_000.g1t.ZL_
FILE/ACTION/TEXTURE/0705_DLC_05_000.g1t.ZL_
FILE/ACTION/TEXTURE/0706_DLC_06_000.g1t.ZL_
FILE/ACTION/TEXTURE/0707_DLC_07_000.g1t.ZL_
FILE/ACTION/TEXTURE/0708_DLC_08_000.g1t.ZL_
FILE/ACTION/TEXTURE/0709_DLC_09_000.g1t.ZL_
FILE/ACTION/TEXTURE/0710_DLC_10_000.g1t.ZL_
FILE/ACTION/TEXTURE/0711_DLC_11_000.g1t.ZL_
FILE/ACTION/TEXTURE/0712_DLC_12_000.g1t.ZL_
FILE/ACTION/TEXTURE/0713_DLC_13_000.g1t.ZL_
FILE/ACTION/TEXTURE/0714_DLC_14_000.g1t.ZL_
FILE/ACTION/TEXTURE/0715_DLC_15_000.g1t.ZL_
FILE/ACTION/TEXTURE/0716_DLC_16_000.g1t.ZL_
FILE/ACTION/TEXTURE/0717_DLC_17_000.g1t.ZL_
FILE/ACTION/TEXTURE/0718_DLC_18_000.g1t.ZL_
FILE/ACTION/TEXTURE/0719_DLC_19_000.g1t.ZL_
FILE/ACTION/TEXTURE/0720_DLC_20_000.g1t.ZL_
FILE/ACTION/TEXTURE/0721_DLC_21_000.g1t.ZL_
FILE/ACTION/TEXTURE/0722_DLC_22_000.g1t.ZL_
FILE/ACTION/TEXTURE/0723_DLC_23_000.g1t.ZL_
FILE/ACTION/TEXTURE/0724_DLC_24_000.g1t.ZL_
FILE/ACTION/TEXTURE/0725_DLC_25_000.g1t.ZL_
FILE/ACTION/TEXTURE/0726_DLC_26_000.g1t.ZL_
FILE/ACTION/TEXTURE/0727_DLC_27_000.g1t.ZL_
FILE/ACTION/TEXTURE/0728_DLC_28_000.g1t.ZL_
FILE/ACTION/TEXTURE/0729_DLC_29_000.g1t.ZL_
FILE/ACTION/TEXTURE/0730_DLC_30_000.g1t.ZL_
FILE/ACTION/TEXTURE/0731_DLC_31_000.g1t.ZL_
FILE/ACTION/TEXTURE/0732_DLC_32_000.g1t.ZL_
FILE/ACTION/TEXTURE/0733_DLC_33_000.g1t.ZL_
FILE/ACTION/TEXTURE/0734_DLC_34_000.g1t.ZL_
FILE/ACTION/TEXTURE/0735_DLC_35_000.g1t.ZL_
FILE/ACTION/TEXTURE/0736_DLC_36_000.g1t.ZL_
FILE/ACTION/TEXTURE/0737_DLC_37_000.g1t.ZL_
FILE/ACTION/TEXTURE/0738_DLC_38_000.g1t.ZL_
FILE/ACTION/TEXTURE/0739_DLC_39_000.g1t.ZL_
FILE/ACTION/TEXTURE/0740_DLC_40_000.g1t.ZL_
FILE/ACTION/TEXTURE/0741_DLC_41_000.g1t.ZL_
FILE/ACTION/TEXTURE/0742_DLC_42_000.g1t.ZL_
FILE/ACTION/TEXTURE/0743_DLC_43_000.g1t.ZL_
FILE/ACTION/TEXTURE/0744_DLC_44_000.g1t.ZL_
FILE/ACTION/TEXTURE/0745_DLC_45_000.g1t.ZL_
FILE/ACTION/TEXTURE/0746_DLC_46_000.g1t.ZL_
FILE/ACTION/TEXTURE/0747_DLC_47_000.g1t.ZL_
FILE/ACTION/TEXTURE/0748_DLC_48_000.g1t.ZL_
FILE/ACTION/TEXTURE/0749_DLC_49_000.g1t.ZL_
FILE/ACTION/TEXTURE/1000_Colossus_Titan_000.g1t.ZL_
FILE/ACTION/TEXTURE/1001_Armored_Titan_000.g1t.ZL_
FILE/ACTION/TEXTURE/1002_Female_Titan_000.g1t.ZL_
FILE/ACTION/TEXTURE/1003_Beastly_Titan_000.g1t.ZL_
FILE/ACTION/TEXTURE/1004_Eren_Titan_000.g1t.ZL_
FILE/ACTION/TEXTURE/1005_Colossus_Titan_Sub_00_000.g1t.ZL_
FILE/ACTION/TEXTURE/1006_Armored_Titan_Sub_00_000.g1t.ZL_
FILE/ACTION/TEXTURE/1007_Female_Titan_Sub_00_000.g1t.ZL_
FILE/ACTION/TEXTURE/1008_Beastly_Titan_Sub_00_000.g1t.ZL_
FILE/ACTION/TEXTURE/1009_Eren_Titan_Sub_00_000.g1t.ZL_
FILE/ACTION/TEXTURE/1010_Colossus_Titan_Sub_01_000.g1t.ZL_
FILE/ACTION/TEXTURE/1011_Armored_Titan_Sub_01_000.g1t.ZL_
FILE/ACTION/TEXTURE/1012_Female_Titan_Sub_01_000.g1t.ZL_
FILE/ACTION/TEXTURE/1013_Beastly_Titan_Sub_01_000.g1t.ZL_
FILE/ACTION/TEXTURE/1014_Eren_Titan_Sub_01_000.g1t.ZL_
FILE/ACTION/TEXTURE/1015_Colossus_Titan_Sub_02_000.g1t.ZL_
FILE/ACTION/TEXTURE/1016_Armored_Titan_Sub_02_000.g1t.ZL_
FILE/ACTION/TEXTURE/1017_Female_Titan_Sub_02_000.g1t.ZL_
FILE/ACTION/TEXTURE/1018_Beastly_Titan_Sub_02_000.g1t.ZL_
FILE/ACTION/TEXTURE/1019_Eren_Titan_Sub_02_000.g1t.ZL_
FILE/ACTION/TEXTURE/1020_Colossus_Titan_Sub_03_000.g1t.ZL_
FILE/ACTION/TEXTURE/1021_Armored_Titan_Sub_03_000.g1t.ZL_
FILE/ACTION/TEXTURE/1022_Female_Titan_Sub_03_000.g1t.ZL_
FILE/ACTION/TEXTURE/1023_Beastly_Titan_Sub_03_000.g1t.ZL_
FILE/ACTION/TEXTURE/1024_Eren_Titan_Sub_03_000.g1t.ZL_
FILE/ACTION/TEXTURE/1025_Colossus_Titan_Sub_04_000.g1t.ZL_
FILE/ACTION/TEXTURE/1026_Armored_Titan_Sub_04_000.g1t.ZL_
FILE/ACTION/TEXTURE/1027_Female_Titan_Sub_04_000.g1t.ZL_
FILE/ACTION/TEXTURE/1028_Beastly_Titan_Sub_04_000.g1t.ZL_
FILE/ACTION/TEXTURE/1029_Eren_Titan_Sub_04_000.g1t.ZL_
FILE/ACTION/TEXTURE/1030_Kalura_Titan_000.g1t.ZL_
FILE/ACTION/TEXTURE/1100_Titan_15m_Normal_000.g1t.ZL_
FILE/ACTION/TEXTURE/1101_Titan_15m_Muscle_000.g1t.ZL_
FILE/ACTION/TEXTURE/1102_Titan_15m_Fat_000.g1t.ZL_
FILE/ACTION/TEXTURE/1103_Titan_15m_Thin_000.g1t.ZL_
FILE/ACTION/TEXTURE/1104_Titan_07m_000.g1t.ZL_
FILE/ACTION/TEXTURE/1105_Titan_03m_000.g1t.ZL_
FILE/ACTION/TEXTURE/3000_TitanFace_Eye_00_000.g1t.ZL_
FILE/ACTION/TEXTURE/3001_TitanFace_Eye_01_000.g1t.ZL_
FILE/ACTION/TEXTURE/3002_TitanFace_Eye_02_000.g1t.ZL_
FILE/ACTION/TEXTURE/3003_TitanFace_Eye_03_000.g1t.ZL_
FILE/ACTION/TEXTURE/3004_TitanFace_Eye_04_000.g1t.ZL_
FILE/ACTION/TEXTURE/3005_TitanFace_Eye_05_000.g1t.ZL_
FILE/ACTION/TEXTURE/3006_TitanFace_Eye_06_000.g1t.ZL_
FILE/ACTION/TEXTURE/3007_TitanFace_Eye_07_000.g1t.ZL_
FILE/ACTION/TEXTURE/3008_TitanFace_Eye_08_000.g1t.ZL_
FILE/ACTION/TEXTURE/3009_TitanFace_Eye_09_000.g1t.ZL_
FILE/ACTION/TEXTURE/3010_TitanFace_Eye_10_000.g1t.ZL_
FILE/ACTION/TEXTURE/3011_TitanFace_Eye_11_000.g1t.ZL_
FILE/ACTION/TEXTURE/3012_TitanFace_Eye_12_000.g1t.ZL_
FILE/ACTION/TEXTURE/3013_TitanFace_Eye_13_000.g1t.ZL_
FILE/ACTION/TEXTURE/3014_TitanFace_Eye_14_000.g1t.ZL_
FILE/ACTION/TEXTURE/3015_TitanFace_Eye_15_000.g1t.ZL_
FILE/ACTION/TEXTURE/3016_TitanFace_Eye_16_000.g1t.ZL_
FILE/ACTION/TEXTURE/3017_TitanFace_Eye_17_000.g1t.ZL_
FILE/ACTION/TEXTURE/3018_TitanFace_Eye_18_000.g1t.ZL_
FILE/ACTION/TEXTURE/3019_TitanFace_Eye_19_000.g1t.ZL_
FILE/ACTION/TEXTURE/3100_TitanFace_Nose_00_000.g1t.ZL_
FILE/ACTION/TEXTURE/3101_TitanFace_Nose_01_000.g1t.ZL_
FILE/ACTION/TEXTURE/3102_TitanFace_Nose_02_000.g1t.ZL_
FILE/ACTION/TEXTURE/3103_TitanFace_Nose_03_000.g1t.ZL_
FILE/ACTION/TEXTURE/3104_TitanFace_Nose_04_000.g1t.ZL_
FILE/ACTION/TEXTURE/3105_TitanFace_Nose_05_000.g1t.ZL_
FILE/ACTION/TEXTURE/3106_TitanFace_Nose_06_000.g1t.ZL_
FILE/ACTION/TEXTURE/3107_TitanFace_Nose_07_000.g1t.ZL_
FILE/ACTION/TEXTURE/3108_TitanFace_Nose_08_000.g1t.ZL_
FILE/ACTION/TEXTURE/3109_TitanFace_Nose_09_000.g1t.ZL_
FILE/ACTION/TEXTURE/3110_TitanFace_Nose_10_000.g1t.ZL_
FILE/ACTION/TEXTURE/3111_TitanFace_Nose_11_000.g1t.ZL_
FILE/ACTION/TEXTURE/3112_TitanFace_Nose_12_000.g1t.ZL_
FILE/ACTION/TEXTURE/3113_TitanFace_Nose_13_000.g1t.ZL_
FILE/ACTION/TEXTURE/3114_TitanFace_Nose_14_000.g1t.ZL_
FILE/ACTION/TEXTURE/3115_TitanFace_Nose_15_000.g1t.ZL_
FILE/ACTION/TEXTURE/3116_TitanFace_Nose_16_000.g1t.ZL_
FILE/ACTION/TEXTURE/3117_TitanFace_Nose_17_000.g1t.ZL_
FILE/ACTION/TEXTURE/3118_TitanFace_Nose_18_000.g1t.ZL_
FILE/ACTION/TEXTURE/3119_TitanFace_Nose_19_000.g1t.ZL_
FILE/ACTION/TEXTURE/3200_TitanFace_Mouth_00_000.g1t.ZL_
FILE/ACTION/TEXTURE/3201_TitanFace_Mouth_01_000.g1t.ZL_
FILE/ACTION/TEXTURE/3202_TitanFace_Mouth_02_000.g1t.ZL_
FILE/ACTION/TEXTURE/3203_TitanFace_Mouth_03_000.g1t.ZL_
FILE/ACTION/TEXTURE/3204_TitanFace_Mouth_04_000.g1t.ZL_
FILE/ACTION/TEXTURE/3205_TitanFace_Mouth_05_000.g1t.ZL_
FILE/ACTION/TEXTURE/3206_TitanFace_Mouth_06_000.g1t.ZL_
FILE/ACTION/TEXTURE/3207_TitanFace_Mouth_07_000.g1t.ZL_
FILE/ACTION/TEXTURE/3208_TitanFace_Mouth_08_000.g1t.ZL_
FILE/ACTION/TEXTURE/3209_TitanFace_Mouth_09_000.g1t.ZL_
FILE/ACTION/TEXTURE/3210_TitanFace_Mouth_10_000.g1t.ZL_
FILE/ACTION/TEXTURE/3211_TitanFace_Mouth_11_000.g1t.ZL_
FILE/ACTION/TEXTURE/3212_TitanFace_Mouth_12_000.g1t.ZL_
FILE/ACTION/TEXTURE/3213_TitanFace_Mouth_13_000.g1t.ZL_
FILE/ACTION/TEXTURE/3214_TitanFace_Mouth_14_000.g1t.ZL_
FILE/ACTION/TEXTURE/3215_TitanFace_Mouth_15_000.g1t.ZL_
FILE/ACTION/TEXTURE/3216_TitanFace_Mouth_16_000.g1t.ZL_
FILE/ACTION/TEXTURE/3217_TitanFace_Mouth_17_000.g1t.ZL_
FILE/ACTION/TEXTURE/3218_TitanFace_Mouth_18_000.g1t.ZL_
FILE/ACTION/TEXTURE/3219_TitanFace_Mouth_19_000.g1t.ZL_
FILE/ACTION/TEXTURE/3300_TitanFace_Brow_00_000.g1t.ZL_
FILE/ACTION/TEXTURE/3301_TitanFace_Brow_01_000.g1t.ZL_
FILE/ACTION/TEXTURE/3302_TitanFace_Brow_02_000.g1t.ZL_
FILE/ACTION/TEXTURE/3303_TitanFace_Brow_03_000.g1t.ZL_
FILE/ACTION/TEXTURE/3304_TitanFace_Brow_04_000.g1t.ZL_
FILE/ACTION/TEXTURE/3305_TitanFace_Brow_05_000.g1t.ZL_
FILE/ACTION/TEXTURE/3306_TitanFace_Brow_06_000.g1t.ZL_
FILE/ACTION/TEXTURE/3307_TitanFace_Brow_07_000.g1t.ZL_
FILE/ACTION/TEXTURE/3308_TitanFace_Brow_08_000.g1t.ZL_
FILE/ACTION/TEXTURE/3309_TitanFace_Brow_09_000.g1t.ZL_
FILE/ACTION/TEXTURE/3310_TitanFace_Brow_10_000.g1t.ZL_
FILE/ACTION/TEXTURE/3311_TitanFace_Brow_11_000.g1t.ZL_
FILE/ACTION/TEXTURE/3312_TitanFace_Brow_12_000.g1t.ZL_
FILE/ACTION/TEXTURE/3313_TitanFace_Brow_13_000.g1t.ZL_
FILE/ACTION/TEXTURE/3314_TitanFace_Brow_14_000.g1t.ZL_
FILE/ACTION/TEXTURE/3315_TitanFace_Brow_15_000.g1t.ZL_
FILE/ACTION/TEXTURE/3316_TitanFace_Brow_16_000.g1t.ZL_
FILE/ACTION/TEXTURE/3317_TitanFace_Brow_17_000.g1t.ZL_
FILE/ACTION/TEXTURE/3318_TitanFace_Brow_18_000.g1t.ZL_
FILE/ACTION/TEXTURE/3319_TitanFace_Brow_19_000.g1t.ZL_
FILE/ACTION/TEXTURE/3400_TitanFace_Hair_00_000.g1t.ZL_
FILE/ACTION/TEXTURE/3401_TitanFace_Hair_01_000.g1t.ZL_
FILE/ACTION/TEXTURE/3402_TitanFace_Hair_02_000.g1t.ZL_
FILE/ACTION/TEXTURE/3403_TitanFace_Hair_03_000.g1t.ZL_
FILE/ACTION/TEXTURE/3404_TitanFace_Hair_04_000.g1t.ZL_
FILE/ACTION/TEXTURE/3405_TitanFace_Hair_05_000.g1t.ZL_
FILE/ACTION/TEXTURE/3406_TitanFace_Hair_06_000.g1t.ZL_
FILE/ACTION/TEXTURE/3407_TitanFace_Hair_07_000.g1t.ZL_
FILE/ACTION/TEXTURE/3408_TitanFace_Hair_08_000.g1t.ZL_
FILE/ACTION/TEXTURE/3409_TitanFace_Hair_09_000.g1t.ZL_
FILE/ACTION/TEXTURE/3410_TitanFace_Hair_10_000.g1t.ZL_
FILE/ACTION/TEXTURE/3411_TitanFace_Hair_11_000.g1t.ZL_
FILE/ACTION/TEXTURE/3412_TitanFace_Hair_12_000.g1t.ZL_
FILE/ACTION/TEXTURE/3413_TitanFace_Hair_13_000.g1t.ZL_
FILE/ACTION/TEXTURE/3414_TitanFace_Hair_14_000.g1t.ZL_
FILE/ACTION/TEXTURE/3415_TitanFace_Hair_15_000.g1t.ZL_
FILE/ACTION/TEXTURE/3416_TitanFace_Hair_16_000.g1t.ZL_
FILE/ACTION/TEXTURE/3417_TitanFace_Hair_17_000.g1t.ZL_
FILE/ACTION/TEXTURE/3418_TitanFace_Hair_18_000.g1t.ZL_
FILE/ACTION/TEXTURE/3419_TitanFace_Hair_19_000.g1t.ZL_
FILE/ACTION/TEXTURE/3500_Titan_15m_Normal_R_Arm_000.g1t.ZL_
FILE/ACTION/TEXTURE/3501_Titan_15m_Normal_L_Arm_000.g1t.ZL_
FILE/ACTION/TEXTURE/3502_Titan_15m_Normal_R_Leg_000.g1t.ZL_
FILE/ACTION/TEXTURE/3503_Titan_15m_Normal_L_Leg_000.g1t.ZL_
FILE/ACTION/TEXTURE/3510_Titan_15m_Muscle_R_Arm_000.g1t.ZL_
FILE/ACTION/TEXTURE/3511_Titan_15m_Muscle_L_Arm_000.g1t.ZL_
FILE/ACTION/TEXTURE/3512_Titan_15m_Muscle_R_Leg_000.g1t.ZL_
FILE/ACTION/TEXTURE/3513_Titan_15m_Muscle_L_Leg_000.g1t.ZL_
FILE/ACTION/TEXTURE/3520_Titan_15m_Fat_R_Arm_000.g1t.ZL_
FILE/ACTION/TEXTURE/3521_Titan_15m_Fat_L_Arm_000.g1t.ZL_
FILE/ACTION/TEXTURE/3522_Titan_15m_Fat_R_Leg_000.g1t.ZL_
FILE/ACTION/TEXTURE/3523_Titan_15m_Fat_L_Leg_000.g1t.ZL_
FILE/ACTION/TEXTURE/3530_Titan_15m_Thin_R_Arm_000.g1t.ZL_
FILE/ACTION/TEXTURE/3531_Titan_15m_Thin_L_Arm_000.g1t.ZL_
FILE/ACTION/TEXTURE/3532_Titan_15m_Thin_R_Leg_000.g1t.ZL_
FILE/ACTION/TEXTURE/3533_Titan_15m_Thin_L_Leg_000.g1t.ZL_
FILE/ACTION/TEXTURE/3540_Titan_7m_R_Arm_000.g1t.ZL_
FILE/ACTION/TEXTURE/3541_Titan_7m_L_Arm_000.g1t.ZL_
FILE/ACTION/TEXTURE/3542_Titan_7m_R_Leg_000.g1t.ZL_
FILE/ACTION/TEXTURE/3543_Titan_7m_L_Leg_000.g1t.ZL_
FILE/ACTION/MODELEFFECT/0011_Levi_ae.bin
FILE/ACTION/MODELEFFECT/0012_Hans_ae.bin
FILE/ACTION/MODELEFFECT/0013_Elvin_ae.bin
FILE/ACTION/MODELEFFECT/0103_Mike_ae.bin
FILE/ACTION/MODELEFFECT/0104_Oluo_ae.bin
FILE/ACTION/MODELEFFECT/0105_Petra_ae.bin
FILE/ACTION/MODELEFFECT/0106_Gunther_ae.bin
FILE/ACTION/MODELEFFECT/0107_Eld_ae.bin
FILE/ACTION/MODELEFFECT/0108_Moblit_ae.bin
FILE/ACTION/MODELEFFECT/0109_Ian_ae.bin
FILE/ACTION/MODELEFFECT/0110_Rico_ae.bin
FILE/ACTION/MODELEFFECT/0111_Nile_ae.bin
FILE/ACTION/MODELEFFECT/0112_Mitabi_ae.bin
FILE/ACTION/MODELEFFECT/0113_Marlowe_ae.bin
FILE/ACTION/MODELEFFECT/0114_Hitch_ae.bin
FILE/ACTION/MODELEFFECT/0200_Pixis_ae.bin
FILE/ACTION/MODELEFFECT/0202_Kitz_ae.bin
FILE/ACTION/MODELEFFECT/0203_Zackly_ae.bin
FILE/ACTION/MODELEFFECT/0204_Nick_ae.bin
FILE/ACTION/MODELEFFECT/0205_Reeves_ae.bin
FILE/ACTION/MODELEFFECT/0400_Noble_M_ae.bin
FILE/ACTION/MODELEFFECT/0401_Noble_F_ae.bin
FILE/ACTION/MODELEFFECT/0402_Citizen_M_ae.bin
FILE/ACTION/MODELEFFECT/0403_Citizen_F_ae.bin
FILE/ACTION/MODELEFFECT/0404_Worker_M_ae.bin
FILE/ACTION/MODELEFFECT/0405_Worker_F_ae.bin
FILE/ACTION/MODELEFFECT/0406_Child_M_ae.bin
FILE/ACTION/MODELEFFECT/0407_Child_F_ae.bin
FILE/ACTION/MODELEFFECT/0502_Eren_OffJacket_ae.bin
FILE/ACTION/MODELEFFECT/0503_Mikasa_OffJacket_ae.bin
FILE/ACTION/MODELEFFECT/0504_Armin_OffJacket_ae.bin
FILE/ACTION/MODELEFFECT/0505_Levi_OffJacket_ae.bin
FILE/ACTION/MODELEFFECT/0506_Eren_Shirts_ae.bin
FILE/ACTION/MODELEFFECT/0600_Horse_ae.bin
FILE/ACTION/MODELEFFECT/0700_DLC_00_ae.bin
FILE/ACTION/MODELEFFECT/0701_DLC_01_ae.bin
FILE/ACTION/MODELEFFECT/0702_DLC_02_ae.bin
FILE/ACTION/MODELEFFECT/0703_DLC_03_ae.bin
FILE/ACTION/MODELEFFECT/0704_DLC_04_ae.bin
FILE/ACTION/MODELEFFECT/0705_DLC_05_ae.bin
FILE/ACTION/MODELEFFECT/0706_DLC_06_ae.bin
FILE/ACTION/MODELEFFECT/0707_DLC_07_ae.bin
FILE/ACTION/MODELEFFECT/0708_DLC_08_ae.bin
FILE/ACTION/MODELEFFECT/0709_DLC_09_ae.bin
FILE/ACTION/MODELEFFECT/0710_DLC_10_ae.bin
FILE/ACTION/MODELEFFECT/0711_DLC_11_ae.bin
FILE/ACTION/MODELEFFECT/0712_DLC_12_ae.bin
FILE/ACTION/MODELEFFECT/0713_DLC_13_ae.bin
FILE/ACTION/MODELEFFECT/0714_DLC_14_ae.bin
FILE/ACTION/MODELEFFECT/0715_DLC_15_ae.bin
FILE/ACTION/MODELEFFECT/0716_DLC_16_ae.bin
FILE/ACTION/MODELEFFECT/0717_DLC_17_ae.bin
FILE/ACTION/MODELEFFECT/0718_DLC_18_ae.bin
FILE/ACTION/MODELEFFECT/0719_DLC_19_ae.bin
FILE/ACTION/MODELEFFECT/0720_DLC_20_ae.bin
FILE/ACTION/MODELEFFECT/0721_DLC_21_ae.bin
FILE/ACTION/MODELEFFECT/0722_DLC_22_ae.bin
FILE/ACTION/MODELEFFECT/0723_DLC_23_ae.bin
FILE/ACTION/MODELEFFECT/0724_DLC_24_ae.bin
FILE/ACTION/MODELEFFECT/0725_DLC_25_ae.bin
FILE/ACTION/MODELEFFECT/0726_DLC_26_ae.bin
FILE/ACTION/MODELEFFECT/0727_DLC_27_ae.bin
FILE/ACTION/MODELEFFECT/0728_DLC_28_ae.bin
FILE/ACTION/MODELEFFECT/0729_DLC_29_ae.bin
FILE/ACTION/MODELEFFECT/0730_DLC_30_ae.bin
FILE/ACTION/MODELEFFECT/0731_DLC_31_ae.bin
FILE/ACTION/MODELEFFECT/0732_DLC_32_ae.bin
FILE/ACTION/MODELEFFECT/0733_DLC_33_ae.bin
FILE/ACTION/MODELEFFECT/0734_DLC_34_ae.bin
FILE/ACTION/MODELEFFECT/0735_DLC_35_ae.bin
FILE/ACTION/MODELEFFECT/0736_DLC_36_ae.bin
FILE/ACTION/MODELEFFECT/0737_DLC_37_ae.bin
FILE/ACTION/MODELEFFECT/0738_DLC_38_ae.bin
FILE/ACTION/MODELEFFECT/0739_DLC_39_ae.bin
FILE/ACTION/MODELEFFECT/0740_DLC_40_ae.bin
FILE/ACTION/MODELEFFECT/0741_DLC_41_ae.bin
FILE/ACTION/MODELEFFECT/0742_DLC_42_ae.bin
FILE/ACTION/MODELEFFECT/0743_DLC_43_ae.bin
FILE/ACTION/MODELEFFECT/0744_DLC_44_ae.bin
FILE/ACTION/MODELEFFECT/0745_DLC_45_ae.bin
FILE/ACTION/MODELEFFECT/0746_DLC_46_ae.bin
FILE/ACTION/MODELEFFECT/0747_DLC_47_ae.bin
FILE/ACTION/MODELEFFECT/0748_DLC_48_ae.bin
FILE/ACTION/MODELEFFECT/0749_DLC_49_ae.bin
FILE/ACTION/MODELEFFECT/1000_Colossus_Titan_ae.bin
FILE/ACTION/MODELEFFECT/1001_Armored_Titan_ae.bin
FILE/ACTION/MODELEFFECT/1002_Female_Titan_ae.bin
FILE/ACTION/MODELEFFECT/1003_Beastly_Titan_ae.bin
FILE/ACTION/MODELEFFECT/1004_Eren_Titan_ae.bin
FILE/ACTION/MODELEFFECT/1005_Colossus_Titan_Sub_00_ae.bin
FILE/ACTION/MODELEFFECT/1006_Armored_Titan_Sub_00_ae.bin
FILE/ACTION/MODELEFFECT/1007_Female_Titan_Sub_00_ae.bin
FILE/ACTION/MODELEFFECT/1008_Beastly_Titan_Sub_00_ae.bin
FILE/ACTION/MODELEFFECT/1009_Eren_Titan_Sub_00_ae.bin
FILE/ACTION/MODELEFFECT/1010_Colossus_Titan_Sub_01_ae.bin
FILE/ACTION/MODELEFFECT/1011_Armored_Titan_Sub_01_ae.bin
FILE/ACTION/MODELEFFECT/1012_Female_Titan_Sub_01_ae.bin
FILE/ACTION/MODELEFFECT/1013_Beastly_Titan_Sub_01_ae.bin
FILE/ACTION/MODELEFFECT/1014_Eren_Titan_Sub_01_ae.bin
FILE/ACTION/MODELEFFECT/1015_Colossus_Titan_Sub_02_ae.bin
FILE/ACTION/MODELEFFECT/1016_Armored_Titan_Sub_02_ae.bin
FILE/ACTION/MODELEFFECT/1017_Female_Titan_Sub_02_ae.bin
FILE/ACTION/MODELEFFECT/1018_Beastly_Titan_Sub_02_ae.bin
FILE/ACTION/MODELEFFECT/1019_Eren_Titan_Sub_02_ae.bin
FILE/ACTION/MODELEFFECT/1020_Colossus_Titan_Sub_03_ae.bin
FILE/ACTION/MODELEFFECT/1021_Armored_Titan_Sub_03_ae.bin
FILE/ACTION/MODELEFFECT/1022_Female_Titan_Sub_03_ae.bin
FILE/ACTION/MODELEFFECT/1023_Beastly_Titan_Sub_03_ae.bin
FILE/ACTION/MODELEFFECT/1024_Eren_Titan_Sub_03_ae.bin
FILE/ACTION/MODELEFFECT/1025_Colossus_Titan_Sub_04_ae.bin
FILE/ACTION/MODELEFFECT/1026_Armored_Titan_Sub_04_ae.bin
FILE/ACTION/MODELEFFECT/1027_Female_Titan_Sub_04_ae.bin
FILE/ACTION/MODELEFFECT/1028_Beastly_Titan_Sub_04_ae.bin
FILE/ACTION/MODELEFFECT/1029_Eren_Titan_Sub_04_ae.bin
FILE/ACTION/MODELEFFECT/1030_Kalura_Titan_ae.bin
FILE/ACTION/MODELEFFECT/1100_Titan_15m_Normal_ae.bin
FILE/ACTION/MODELEFFECT/1101_Titan_15m_Muscle_ae.bin
FILE/ACTION/MODELEFFECT/1102_Titan_15m_Fat_ae.bin
FILE/ACTION/MODELEFFECT/1103_Titan_15m_Thin_ae.bin
FILE/ACTION/MODELEFFECT/1104_Titan_07m_ae.bin
FILE/ACTION/MODELEFFECT/1105_Titan_03m_ae.bin
FILE/ACTION/MODELEFFECT/3000_TitanFace_Eye_00_ae.bin
FILE/ACTION/MODELEFFECT/3001_TitanFace_Eye_01_ae.bin
FILE/ACTION/MODELEFFECT/3002_TitanFace_Eye_02_ae.bin
FILE/ACTION/MODELEFFECT/3003_TitanFace_Eye_03_ae.bin
FILE/ACTION/MODELEFFECT/3004_TitanFace_Eye_04_ae.bin
FILE/ACTION/MODELEFFECT/3005_TitanFace_Eye_05_ae.bin
FILE/ACTION/MODELEFFECT/3006_TitanFace_Eye_06_ae.bin
FILE/ACTION/MODELEFFECT/3007_TitanFace_Eye_07_ae.bin
FILE/ACTION/MODELEFFECT/3008_TitanFace_Eye_08_ae.bin
FILE/ACTION/MODELEFFECT/3009_TitanFace_Eye_09_ae.bin
FILE/ACTION/MODELEFFECT/3010_TitanFace_Eye_10_ae.bin
FILE/ACTION/MODELEFFECT/3011_TitanFace_Eye_11_ae.bin
FILE/ACTION/MODELEFFECT/3012_TitanFace_Eye_12_ae.bin
FILE/ACTION/MODELEFFECT/3013_TitanFace_Eye_13_ae.bin
FILE/ACTION/MODELEFFECT/3014_TitanFace_Eye_14_ae.bin
FILE/ACTION/MODELEFFECT/3015_TitanFace_Eye_15_ae.bin
FILE/ACTION/MODELEFFECT/3016_TitanFace_Eye_16_ae.bin
FILE/ACTION/MODELEFFECT/3017_TitanFace_Eye_17_ae.bin
FILE/ACTION/MODELEFFECT/3018_TitanFace_Eye_18_ae.bin
FILE/ACTION/MODELEFFECT/3019_TitanFace_Eye_19_ae.bin
FILE/ACTION/MODELEFFECT/3100_TitanFace_Nose_00_ae.bin
FILE/ACTION/MODELEFFECT/3101_TitanFace_Nose_01_ae.bin
FILE/ACTION/MODELEFFECT/3102_TitanFace_Nose_02_ae.bin
FILE/ACTION/MODELEFFECT/3103_TitanFace_Nose_03_ae.bin
FILE/ACTION/MODELEFFECT/3104_TitanFace_Nose_04_ae.bin
FILE/ACTION/MODELEFFECT/3105_TitanFace_Nose_05_ae.bin
FILE/ACTION/MODELEFFECT/3106_TitanFace_Nose_06_ae.bin
FILE/ACTION/MODELEFFECT/3107_TitanFace_Nose_07_ae.bin
FILE/ACTION/MODELEFFECT/3108_TitanFace_Nose_08_ae.bin
FILE/ACTION/MODELEFFECT/3109_TitanFace_Nose_09_ae.bin
FILE/ACTION/MODELEFFECT/3110_TitanFace_Nose_10_ae.bin
FILE/ACTION/MODELEFFECT/3111_TitanFace_Nose_11_ae.bin
FILE/ACTION/MODELEFFECT/3112_TitanFace_Nose_12_ae.bin
FILE/ACTION/MODELEFFECT/3113_TitanFace_Nose_13_ae.bin
FILE/ACTION/MODELEFFECT/3114_TitanFace_Nose_14_ae.bin
FILE/ACTION/MODELEFFECT/3115_TitanFace_Nose_15_ae.bin
FILE/ACTION/MODELEFFECT/3116_TitanFace_Nose_16_ae.bin
FILE/ACTION/MODELEFFECT/3117_TitanFace_Nose_17_ae.bin
FILE/ACTION/MODELEFFECT/3118_TitanFace_Nose_18_ae.bin
FILE/ACTION/MODELEFFECT/3119_TitanFace_Nose_19_ae.bin
FILE/ACTION/MODELEFFECT/3200_TitanFace_Mouth_00_ae.bin
FILE/ACTION/MODELEFFECT/3201_TitanFace_Mouth_01_ae.bin
FILE/ACTION/MODELEFFECT/3202_TitanFace_Mouth_02_ae.bin
FILE/ACTION/MODELEFFECT/3203_TitanFace_Mouth_03_ae.bin
FILE/ACTION/MODELEFFECT/3204_TitanFace_Mouth_04_ae.bin
FILE/ACTION/MODELEFFECT/3205_TitanFace_Mouth_05_ae.bin
FILE/ACTION/MODELEFFECT/3206_TitanFace_Mouth_06_ae.bin
FILE/ACTION/MODELEFFECT/3207_TitanFace_Mouth_07_ae.bin
FILE/ACTION/MODELEFFECT/3208_TitanFace_Mouth_08_ae.bin
FILE/ACTION/MODELEFFECT/3209_TitanFace_Mouth_09_ae.bin
FILE/ACTION/MODELEFFECT/3210_TitanFace_Mouth_10_ae.bin
FILE/ACTION/MODELEFFECT/3211_TitanFace_Mouth_11_ae.bin
FILE/ACTION/MODELEFFECT/3212_TitanFace_Mouth_12_ae.bin
FILE/ACTION/MODELEFFECT/3213_TitanFace_Mouth_13_ae.bin
FILE/ACTION/MODELEFFECT/3214_TitanFace_Mouth_14_ae.bin
FILE/ACTION/MODELEFFECT/3215_TitanFace_Mouth_15_ae.bin
FILE/ACTION/MODELEFFECT/3216_TitanFace_Mouth_16_ae.bin
FILE/ACTION/MODELEFFECT/3217_TitanFace_Mouth_17_ae.bin
FILE/ACTION/MODELEFFECT/3218_TitanFace_Mouth_18_ae.bin
FILE/ACTION/MODELEFFECT/3219_TitanFace_Mouth_19_ae.bin
FILE/ACTION/MODELEFFECT/3300_TitanFace_Brow_00_ae.bin
FILE/ACTION/MODELEFFECT/3301_TitanFace_Brow_01_ae.bin
FILE/ACTION/MODELEFFECT/3302_TitanFace_Brow_02_ae.bin
FILE/ACTION/MODELEFFECT/3303_TitanFace_Brow_03_ae.bin
FILE/ACTION/MODELEFFECT/3304_TitanFace_Brow_04_ae.bin
FILE/ACTION/MODELEFFECT/3305_TitanFace_Brow_05_ae.bin
FILE/ACTION/MODELEFFECT/3306_TitanFace_Brow_06_ae.bin
FILE/ACTION/MODELEFFECT/3307_TitanFace_Brow_07_ae.bin
FILE/ACTION/MODELEFFECT/3308_TitanFace_Brow_08_ae.bin
FILE/ACTION/MODELEFFECT/3309_TitanFace_Brow_09_ae.bin
FILE/ACTION/MODELEFFECT/3310_TitanFace_Brow_10_ae.bin
FILE/ACTION/MODELEFFECT/3311_TitanFace_Brow_11_ae.bin
FILE/ACTION/MODELEFFECT/3312_TitanFace_Brow_12_ae.bin
FILE/ACTION/MODELEFFECT/3313_TitanFace_Brow_13_ae.bin
FILE/ACTION/MODELEFFECT/3314_TitanFace_Brow_14_ae.bin
FILE/ACTION/MODELEFFECT/3315_TitanFace_Brow_15_ae.bin
FILE/ACTION/MODELEFFECT/3316_TitanFace_Brow_16_ae.bin
FILE/ACTION/MODELEFFECT/3317_TitanFace_Brow_17_ae.bin
FILE/ACTION/MODELEFFECT/3318_TitanFace_Brow_18_ae.bin
FILE/ACTION/MODELEFFECT/3319_TitanFace_Brow_19_ae.bin
FILE/ACTION/MODELEFFECT/3400_TitanFace_Hair_00_ae.bin
FILE/ACTION/MODELEFFECT/3401_TitanFace_Hair_01_ae.bin
FILE/ACTION/MODELEFFECT/3402_TitanFace_Hair_02_ae.bin
FILE/ACTION/MODELEFFECT/3403_TitanFace_Hair_03_ae.bin
FILE/ACTION/MODELEFFECT/3404_TitanFace_Hair_04_ae.bin
FILE/ACTION/MODELEFFECT/3405_TitanFace_Hair_05_ae.bin
FILE/ACTION/MODELEFFECT/3406_TitanFace_Hair_06_ae.bin
FILE/ACTION/MODELEFFECT/3407_TitanFace_Hair_07_ae.bin
FILE/ACTION/MODELEFFECT/3408_TitanFace_Hair_08_ae.bin
FILE/ACTION/MODELEFFECT/3409_TitanFace_Hair_09_ae.bin
FILE/ACTION/MODELEFFECT/3410_TitanFace_Hair_10_ae.bin
FILE/ACTION/MODELEFFECT/3411_TitanFace_Hair_11_ae.bin
FILE/ACTION/MODELEFFECT/3412_TitanFace_Hair_12_ae.bin
FILE/ACTION/MODELEFFECT/3413_TitanFace_Hair_13_ae.bin
FILE/ACTION/MODELEFFECT/3414_TitanFace_Hair_14_ae.bin
FILE/ACTION/MODELEFFECT/3415_TitanFace_Hair_15_ae.bin
FILE/ACTION/MODELEFFECT/3416_TitanFace_Hair_16_ae.bin
FILE/ACTION/MODELEFFECT/3417_TitanFace_Hair_17_ae.bin
FILE/ACTION/MODELEFFECT/3418_TitanFace_Hair_18_ae.bin
FILE/ACTION/MODELEFFECT/3419_TitanFace_Hair_19_ae.bin
FILE/ACTION/MODELEFFECT/3500_Titan_15m_Normal_R_Arm_ae.bin
FILE/ACTION/MODELEFFECT/3501_Titan_15m_Normal_L_Arm_ae.bin
FILE/ACTION/MODELEFFECT/3502_Titan_15m_Normal_R_Leg_ae.bin
FILE/ACTION/MODELEFFECT/3503_Titan_15m_Normal_L_Leg_ae.bin
FILE/ACTION/MODELEFFECT/3510_Titan_15m_Muscle_R_Arm_ae.bin
FILE/ACTION/MODELEFFECT/3511_Titan_15m_Muscle_L_Arm_ae.bin
FILE/ACTION/MODELEFFECT/3512_Titan_15m_Muscle_R_Leg_ae.bin
FILE/ACTION/MODELEFFECT/3513_Titan_15m_Muscle_L_Leg_ae.bin
FILE/ACTION/MODELEFFECT/3520_Titan_15m_Fat_R_Arm_ae.bin
FILE/ACTION/MODELEFFECT/3521_Titan_15m_Fat_L_Arm_ae.bin
FILE/ACTION/MODELEFFECT/3522_Titan_15m_Fat_R_Leg_ae.bin
FILE/ACTION/MODELEFFECT/3523_Titan_15m_Fat_L_Leg_ae.bin
FILE/ACTION/MODELEFFECT/3530_Titan_15m_Thin_R_Arm_ae.bin
FILE/ACTION/MODELEFFECT/3531_Titan_15m_Thin_L_Arm_ae.bin
FILE/ACTION/MODELEFFECT/3532_Titan_15m_Thin_R_Leg_ae.bin
FILE/ACTION/MODELEFFECT/3533_Titan_15m_Thin_L_Leg_ae.bin
FILE/ACTION/MODELEFFECT/3540_Titan_7m_R_Arm_ae.bin
FILE/ACTION/MODELEFFECT/3541_Titan_7m_L_Arm_ae.bin
FILE/ACTION/MODELEFFECT/3542_Titan_7m_R_Leg_ae.bin
FILE/ACTION/MODELEFFECT/3543_Titan_7m_L_Leg_ae.bin
FILE/EFFECT/EVENT/effect_pack_JK002.bin
FILE/EFFECT/EVENT/effect_pack_JK003.bin
FILE/EFFECT/EVENT/effect_pack_JK004.bin
FILE/EFFECT/EVENT/effect_pack_JK005.bin
FILE/EFFECT/EVENT/effect_pack_JK006.bin
FILE/EFFECT/EVENT/effect_pack_JK007.bin
FILE/EFFECT/EVENT/effect_pack_JK008.bin
FILE/EFFECT/EVENT/effect_pack_JK009.bin
FILE/EFFECT/EVENT/effect_pack_JK010.bin
FILE/EFFECT/EVENT/effect_pack_JK011.bin
FILE/EFFECT/EVENT/effect_pack_JK028.bin
FILE/EFFECT/EVENT/effect_pack_SI000.bin
FILE/EFFECT/EVENT/effect_pack_SI012.bin
FILE/EFFECT/EVENT/effect_texture_JK002.g1t
FILE/EFFECT/EVENT/effect_texture_JK003.g1t
FILE/EFFECT/EVENT/effect_texture_JK004.g1t
FILE/EFFECT/EVENT/effect_texture_JK005.g1t
FILE/EFFECT/EVENT/effect_texture_JK006.g1t
FILE/EFFECT/EVENT/effect_texture_JK007.g1t
FILE/EFFECT/EVENT/effect_texture_JK008.g1t
FILE/EFFECT/EVENT/effect_texture_JK009.g1t
FILE/EFFECT/EVENT/effect_texture_JK010.g1t
FILE/EFFECT/EVENT/effect_texture_JK011.g1t
FILE/EFFECT/EVENT/effect_texture_JK028.g1t
FILE/EFFECT/EVENT/effect_texture_SI000.g1t
FILE/EFFECT/EVENT/effect_texture_SI012.g1t
FILE/EFFECT/EVENT/effect_model_JK002.g1em
FILE/EFFECT/EVENT/effect_model_JK003.g1em
FILE/EFFECT/EVENT/effect_model_JK004.g1em
FILE/EFFECT/EVENT/effect_model_JK005.g1em
FILE/EFFECT/EVENT/effect_model_JK006.g1em
FILE/EFFECT/EVENT/effect_model_JK007.g1em
FILE/EFFECT/EVENT/effect_model_JK008.g1em
FILE/EFFECT/EVENT/effect_model_JK009.g1em
FILE/EFFECT/EVENT/effect_model_JK010.g1em
FILE/EFFECT/EVENT/effect_model_JK011.g1em
FILE/EFFECT/EVENT/effect_model_JK028.g1em
FILE/EFFECT/EVENT/effect_model_SI000.g1em
FILE/EFFECT/EVENT/effect_model_SI012.g1em
FILE/EFFECT/EVENT/effect_pack_JK000.bin
FILE/EFFECT/EVENT/effect_pack_JK012.bin
FILE/EFFECT/EVENT/effect_pack_JK013.bin
FILE/EFFECT/EVENT/effect_pack_JK014.bin
FILE/EFFECT/EVENT/effect_pack_JK015.bin
FILE/EFFECT/EVENT/effect_pack_JK016.bin
FILE/EFFECT/EVENT/effect_pack_JK017.bin
FILE/EFFECT/EVENT/effect_pack_JK018.bin
FILE/EFFECT/EVENT/effect_pack_JK019.bin
FILE/EFFECT/EVENT/effect_pack_JK020.bin
FILE/EFFECT/EVENT/effect_pack_JK021.bin
FILE/EFFECT/EVENT/effect_pack_JK022.bin
FILE/EFFECT/EVENT/effect_pack_JK023.bin
FILE/EFFECT/EVENT/effect_pack_JK024.bin
FILE/EFFECT/EVENT/effect_pack_JK025.bin
FILE/EFFECT/EVENT/effect_pack_JK026.bin
FILE/EFFECT/EVENT/effect_pack_JK029.bin
FILE/EFFECT/EVENT/effect_pack_JK030.bin
FILE/EFFECT/EVENT/effect_pack_JK031.bin
FILE/EFFECT/EVENT/effect_pack_JK032.bin
FILE/EFFECT/EVENT/effect_pack_JK033.bin
FILE/EFFECT/EVENT/effect_pack_JK034.bin
FILE/EFFECT/EVENT/effect_pack_JK035.bin
FILE/EFFECT/EVENT/effect_pack_WN000_A.bin
FILE/EFFECT/EVENT/effect_pack_WN000_B.bin
FILE/EFFECT/EVENT/effect_pack_WN001_A.bin
FILE/EFFECT/EVENT/effect_pack_WN001_B.bin
FILE/EFFECT/EVENT/effect_pack_WN002_A.bin
FILE/EFFECT/EVENT/effect_pack_WN002_B.bin
FILE/EFFECT/EVENT/effect_pack_WN003_A.bin
FILE/EFFECT/EVENT/effect_pack_WN003_B.bin
FILE/EFFECT/EVENT/effect_pack_WN004_A.bin
FILE/EFFECT/EVENT/effect_pack_WN004_B.bin
FILE/EFFECT/EVENT/effect_pack_WN005_A.bin
FILE/EFFECT/EVENT/effect_pack_WN005_B.bin
FILE/EFFECT/EVENT/effect_pack_WN006_A.bin
FILE/EFFECT/EVENT/effect_pack_WN006_B.bin
FILE/EFFECT/EVENT/effect_pack_WN007_A.bin
FILE/EFFECT/EVENT/effect_pack_WN007_B.bin
FILE/EFFECT/EVENT/effect_pack_WN008_A.bin
FILE/EFFECT/EVENT/effect_pack_WN008_B.bin
FILE/EFFECT/EVENT/effect_pack_WN009_A.bin
FILE/EFFECT/EVENT/effect_pack_WN009_B.bin
FILE/EFFECT/EVENT/effect_pack_WN010_A.bin
FILE/EFFECT/EVENT/effect_pack_WN010_B.bin
FILE/EFFECT/EVENT/effect_pack_WN011_A.bin
FILE/EFFECT/EVENT/effect_pack_WN011_B.bin
FILE/EFFECT/EVENT/effect_pack_WN012_A.bin
FILE/EFFECT/EVENT/effect_pack_WN012_B.bin
FILE/EFFECT/EVENT/effect_pack_WN013_A.bin
FILE/EFFECT/EVENT/effect_pack_WN013_B.bin
FILE/EFFECT/EVENT/effect_pack_TT000.bin
FILE/EFFECT/EVENT/effect_pack_TT001.bin
FILE/EFFECT/EVENT/effect_pack_TT002.bin
FILE/EFFECT/EVENT/effect_pack_TT003.bin
FILE/EFFECT/EVENT/effect_pack_TT004.bin
FILE/EFFECT/EVENT/effect_pack_TT005.bin
FILE/EFFECT/EVENT/effect_pack_TT006.bin
FILE/EFFECT/EVENT/effect_pack_TT007.bin
FILE/EFFECT/EVENT/effect_pack_TT008.bin
FILE/EFFECT/EVENT/effect_pack_TT009.bin
FILE/EFFECT/EVENT/effect_pack_TT010.bin
FILE/EFFECT/EVENT/effect_pack_TT011.bin
FILE/EFFECT/EVENT/effect_pack_TT012.bin
FILE/EFFECT/EVENT/effect_pack_TT013.bin
FILE/EFFECT/EVENT/effect_pack_SI001.bin
FILE/EFFECT/EVENT/effect_pack_SI002.bin
FILE/EFFECT/EVENT/effect_pack_SI003.bin
FILE/EFFECT/EVENT/effect_pack_SI004.bin
FILE/EFFECT/EVENT/effect_pack_SI005.bin
FILE/EFFECT/EVENT/effect_pack_SI006.bin
FILE/EFFECT/EVENT/effect_pack_SI007.bin
FILE/EFFECT/EVENT/effect_pack_SI008.bin
FILE/EFFECT/EVENT/effect_pack_SI009.bin
FILE/EFFECT/EVENT/effect_pack_SI010.bin
FILE/EFFECT/EVENT/effect_pack_SI011.bin
FILE/EFFECT/EVENT/effect_pack_SI013.bin
FILE/EFFECT/EVENT/effect_pack_SI014.bin
FILE/EFFECT/EVENT/effect_pack_SI015.bin
FILE/EFFECT/EVENT/effect_pack_SI016.bin
FILE/EFFECT/EVENT/effect_pack_CA000.bin
FILE/EFFECT/EVENT/effect_pack_CA001.bin
FILE/EFFECT/EVENT/effect_pack_CA002.bin
FILE/EFFECT/EVENT/effect_pack_CA003.bin
FILE/EFFECT/EVENT/effect_pack_CA004.bin
FILE/EFFECT/EVENT/effect_pack_CA005.bin
FILE/EFFECT/EVENT/effect_pack_CA006.bin
FILE/EFFECT/EVENT/effect_pack_CA007.bin
FILE/EFFECT/EVENT/effect_texture_JK000.g1t
FILE/EFFECT/EVENT/effect_texture_JK012.g1t
FILE/EFFECT/EVENT/effect_texture_JK013.g1t
FILE/EFFECT/EVENT/effect_texture_JK014.g1t
FILE/EFFECT/EVENT/effect_texture_JK015.g1t
FILE/EFFECT/EVENT/effect_texture_JK016.g1t
FILE/EFFECT/EVENT/effect_texture_JK017.g1t
FILE/EFFECT/EVENT/effect_texture_JK018.g1t
FILE/EFFECT/EVENT/effect_texture_JK019.g1t
FILE/EFFECT/EVENT/effect_texture_JK020.g1t
FILE/EFFECT/EVENT/effect_texture_JK021.g1t
FILE/EFFECT/EVENT/effect_texture_JK022.g1t
FILE/EFFECT/EVENT/effect_texture_JK023.g1t
FILE/EFFECT/EVENT/effect_texture_JK024.g1t
FILE/EFFECT/EVENT/effect_texture_JK025.g1t
FILE/EFFECT/EVENT/effect_texture_JK026.g1t
FILE/EFFECT/EVENT/effect_texture_JK029.g1t
FILE/EFFECT/EVENT/effect_texture_JK030.g1t
FILE/EFFECT/EVENT/effect_texture_JK031.g1t
FILE/EFFECT/EVENT/effect_texture_JK032.g1t
FILE/EFFECT/EVENT/effect_texture_JK033.g1t
FILE/EFFECT/EVENT/effect_texture_JK034.g1t
FILE/EFFECT/EVENT/effect_texture_JK035.g1t
FILE/EFFECT/EVENT/effect_texture_WN000_A.g1t
FILE/EFFECT/EVENT/effect_texture_WN000_B.g1t
FILE/EFFECT/EVENT/effect_texture_WN001_A.g1t
FILE/EFFECT/EVENT/effect_texture_WN001_B.g1t
FILE/EFFECT/EVENT/effect_texture_WN002_A.g1t
FILE/EFFECT/EVENT/effect_texture_WN002_B.g1t
FILE/EFFECT/EVENT/effect_texture_WN003_A.g1t
FILE/EFFECT/EVENT/effect_texture_WN003_B.g1t
FILE/EFFECT/EVENT/effect_texture_WN004_A.g1t
FILE/EFFECT/EVENT/effect_texture_WN004_B.g1t
FILE/EFFECT/EVENT/effect_texture_WN005_A.g1t
FILE/EFFECT/EVENT/effect_texture_WN005_B.g1t
FILE/EFFECT/EVENT/effect_texture_WN006_A.g1t
FILE/EFFECT/EVENT/effect_texture_WN006_B.g1t
FILE/EFFECT/EVENT/effect_texture_WN007_A.g1t
FILE/EFFECT/EVENT/effect_texture_WN007_B.g1t
FILE/EFFECT/EVENT/effect_texture_WN008_A.g1t
FILE/EFFECT/EVENT/effect_texture_WN008_B.g1t
FILE/EFFECT/EVENT/effect_texture_WN009_A.g1t
FILE/EFFECT/EVENT/effect_texture_WN009_B.g1t
FILE/EFFECT/EVENT/effect_texture_WN010_A.g1t
FILE/EFFECT/EVENT/effect_texture_WN010_B.g1t
FILE/EFFECT/EVENT/effect_texture_WN011_A.g1t
FILE/EFFECT/EVENT/effect_texture_WN011_B.g1t
FILE/EFFECT/EVENT/effect_texture_WN012_A.g1t
FILE/EFFECT/EVENT/effect_texture_WN012_B.g1t
FILE/EFFECT/EVENT/effect_texture_WN013_A.g1t
FILE/EFFECT/EVENT/effect_texture_WN013_B.g1t
FILE/EFFECT/EVENT/effect_texture_TT000.g1t
FILE/EFFECT/EVENT/effect_texture_TT001.g1t
FILE/EFFECT/EVENT/effect_texture_TT002.g1t
FILE/EFFECT/EVENT/effect_texture_TT003.g1t
FILE/EFFECT/EVENT/effect_texture_TT004.g1t
FILE/EFFECT/EVENT/effect_texture_TT005.g1t
FILE/EFFECT/EVENT/effect_texture_TT006.g1t
FILE/EFFECT/EVENT/effect_texture_TT007.g1t
FILE/EFFECT/EVENT/effect_texture_TT008.g1t
FILE/EFFECT/EVENT/effect_texture_TT009.g1t
FILE/EFFECT/EVENT/effect_texture_TT010.g1t
FILE/EFFECT/EVENT/effect_texture_TT011.g1t
FILE/EFFECT/EVENT/effect_texture_TT012.g1t
FILE/EFFECT/EVENT/effect_texture_TT013.g1t
FILE/EFFECT/EVENT/effect_texture_SI001.g1t
FILE/EFFECT/EVENT/effect_texture_SI002.g1t
FILE/EFFECT/EVENT/effect_texture_SI003.g1t
FILE/EFFECT/EVENT/effect_texture_SI004.g1t
FILE/EFFECT/EVENT/effect_texture_SI005.g1t
FILE/EFFECT/EVENT/effect_texture_SI006.g1t
FILE/EFFECT/EVENT/effect_texture_SI007.g1t
FILE/EFFECT/EVENT/effect_texture_SI008.g1t
FILE/EFFECT/EVENT/effect_texture_SI009.g1t
FILE/EFFECT/EVENT/effect_texture_SI010.g1t
FILE/EFFECT/EVENT/effect_texture_SI011.g1t
FILE/EFFECT/EVENT/effect_texture_SI013.g1t
FILE/EFFECT/EVENT/effect_texture_SI014.g1t
FILE/EFFECT/EVENT/effect_texture_SI015.g1t
FILE/EFFECT/EVENT/effect_texture_SI016.g1t
FILE/EFFECT/EVENT/effect_texture_CA000.g1t
FILE/EFFECT/EVENT/effect_texture_CA001.g1t
FILE/EFFECT/EVENT/effect_texture_CA002.g1t
FILE/EFFECT/EVENT/effect_texture_CA003.g1t
FILE/EFFECT/EVENT/effect_texture_CA004.g1t
FILE/EFFECT/EVENT/effect_texture_CA005.g1t
FILE/EFFECT/EVENT/effect_texture_CA006.g1t
FILE/EFFECT/EVENT/effect_texture_CA007.g1t
FILE/EFFECT/EVENT/effect_model_JK000.g1em
FILE/EFFECT/EVENT/effect_model_JK012.g1em
FILE/EFFECT/EVENT/effect_model_JK013.g1em
FILE/EFFECT/EVENT/effect_model_JK014.g1em
FILE/EFFECT/EVENT/effect_model_JK015.g1em
FILE/EFFECT/EVENT/effect_model_JK016.g1em
FILE/EFFECT/EVENT/effect_model_JK017.g1em
FILE/EFFECT/EVENT/effect_model_JK018.g1em
FILE/EFFECT/EVENT/effect_model_JK019.g1em
FILE/EFFECT/EVENT/effect_model_JK020.g1em
FILE/EFFECT/EVENT/effect_model_JK021.g1em
FILE/EFFECT/EVENT/effect_model_JK022.g1em
FILE/EFFECT/EVENT/effect_model_JK023.g1em
FILE/EFFECT/EVENT/effect_model_JK024.g1em
FILE/EFFECT/EVENT/effect_model_JK025.g1em
FILE/EFFECT/EVENT/effect_model_JK026.g1em
FILE/EFFECT/EVENT/effect_model_JK029.g1em
FILE/EFFECT/EVENT/effect_model_JK030.g1em
FILE/EFFECT/EVENT/effect_model_JK031.g1em
FILE/EFFECT/EVENT/effect_model_JK032.g1em
FILE/EFFECT/EVENT/effect_model_JK033.g1em
FILE/EFFECT/EVENT/effect_model_JK034.g1em
FILE/EFFECT/EVENT/effect_model_JK035.g1em
FILE/EFFECT/EVENT/effect_model_WN000_A.g1em
FILE/EFFECT/EVENT/effect_model_WN000_B.g1em
FILE/EFFECT/EVENT/effect_model_WN001_A.g1em
FILE/EFFECT/EVENT/effect_model_WN001_B.g1em
FILE/EFFECT/EVENT/effect_model_WN002_A.g1em
FILE/EFFECT/EVENT/effect_model_WN002_B.g1em
FILE/EFFECT/EVENT/effect_model_WN003_A.g1em
FILE/EFFECT/EVENT/effect_model_WN003_B.g1em
FILE/EFFECT/EVENT/effect_model_WN004_A.g1em
FILE/EFFECT/EVENT/effect_model_WN004_B.g1em
FILE/EFFECT/EVENT/effect_model_WN005_A.g1em
FILE/EFFECT/EVENT/effect_model_WN005_B.g1em
FILE/EFFECT/EVENT/effect_model_WN006_A.g1em
FILE/EFFECT/EVENT/effect_model_WN006_B.g1em
FILE/EFFECT/EVENT/effect_model_WN007_A.g1em
FILE/EFFECT/EVENT/effect_model_WN007_B.g1em
FILE/EFFECT/EVENT/effect_model_WN008_A.g1em
FILE/EFFECT/EVENT/effect_model_WN008_B.g1em
FILE/EFFECT/EVENT/effect_model_WN009_A.g1em
FILE/EFFECT/EVENT/effect_model_WN009_B.g1em
FILE/EFFECT/EVENT/effect_model_WN010_A.g1em
FILE/EFFECT/EVENT/effect_model_WN010_B.g1em
FILE/EFFECT/EVENT/effect_model_WN011_A.g1em
FILE/EFFECT/EVENT/effect_model_WN011_B.g1em
FILE/EFFECT/EVENT/effect_model_WN012_A.g1em
FILE/EFFECT/EVENT/effect_model_WN012_B.g1em
FILE/EFFECT/EVENT/effect_model_WN013_A.g1em
FILE/EFFECT/EVENT/effect_model_WN013_B.g1em
FILE/EFFECT/EVENT/effect_model_TT000.g1em
FILE/EFFECT/EVENT/effect_model_TT001.g1em
FILE/EFFECT/EVENT/effect_model_TT002.g1em
FILE/EFFECT/EVENT/effect_model_TT003.g1em
FILE/EFFECT/EVENT/effect_model_TT004.g1em
FILE/EFFECT/EVENT/effect_model_TT005.g1em
FILE/EFFECT/EVENT/effect_model_TT006.g1em
FILE/EFFECT/EVENT/effect_model_TT007.g1em
FILE/EFFECT/EVENT/effect_model_TT008.g1em
FILE/EFFECT/EVENT/effect_model_TT009.g1em
FILE/EFFECT/EVENT/effect_model_TT010.g1em
FILE/EFFECT/EVENT/effect_model_TT011.g1em
FILE/EFFECT/EVENT/effect_model_TT012.g1em
FILE/EFFECT/EVENT/effect_model_TT013.g1em
FILE/EFFECT/EVENT/effect_model_SI001.g1em
FILE/EFFECT/EVENT/effect_model_SI002.g1em
FILE/EFFECT/EVENT/effect_model_SI003.g1em
FILE/EFFECT/EVENT/effect_model_SI004.g1em
FILE/EFFECT/EVENT/effect_model_SI005.g1em
FILE/EFFECT/EVENT/effect_model_SI006.g1em
FILE/EFFECT/EVENT/effect_model_SI007.g1em
FILE/EFFECT/EVENT/effect_model_SI008.g1em
FILE/EFFECT/EVENT/effect_model_SI009.g1em
FILE/EFFECT/EVENT/effect_model_SI010.g1em
FILE/EFFECT/EVENT/effect_model_SI011.g1em
FILE/EFFECT/EVENT/effect_model_SI013.g1em
FILE/EFFECT/EVENT/effect_model_SI014.g1em
FILE/EFFECT/EVENT/effect_model_SI015.g1em
FILE/EFFECT/EVENT/effect_model_SI016.g1em
FILE/EFFECT/EVENT/effect_model_CA000.g1em
FILE/EFFECT/EVENT/effect_model_CA001.g1em
FILE/EFFECT/EVENT/effect_model_CA002.g1em
FILE/EFFECT/EVENT/effect_model_CA003.g1em
FILE/EFFECT/EVENT/effect_model_CA004.g1em
FILE/EFFECT/EVENT/effect_model_CA005.g1em
FILE/EFFECT/EVENT/effect_model_CA006.g1em
FILE/EFFECT/EVENT/effect_model_CA007.g1em
FILE/STAGE/ST00_00/st00_00.bin
FILE/STAGE/ST01_00/st01_00.bin
FILE/STAGE/ST14_00/st14_00.bin
