File/String/TCH/DataStrUI.bin.ZL_
File/String/TCH/DataStrAction.bin.ZL_
File/String/TCH/DataStrCharacter.bin.ZL_
File/String/TCH/DataStrScenario.bin.ZL_
File/String/TCH/DataStrDaily.bin.ZL_
File/String/TCH/DataStrJournal.bin.ZL_
File/String/TCH/DataStrAdvancement.bin.ZL_
File/String/TCH/DataStrGallery.bin.ZL_
File/String/TCH/DataStrPlatform.bin.ZL_
File/String/TCH/DataStrEudc.bin.ZL_
File/String/TCH/DataStrTag.bin.ZL_
File/String/TCH/DataStrTest.bin.ZL_
File/String/HAN/DataStrUI.bin.ZL_
File/String/HAN/DataStrAction.bin.ZL_
File/String/HAN/DataStrCharacter.bin.ZL_
File/String/HAN/DataStrScenario.bin.ZL_
File/String/HAN/DataStrDaily.bin.ZL_
File/String/HAN/DataStrJournal.bin.ZL_
File/String/HAN/DataStrAdvancement.bin.ZL_
File/String/HAN/DataStrGallery.bin.ZL_
File/String/HAN/DataStrPlatform.bin.ZL_
File/String/HAN/DataStrEudc.bin.ZL_
File/String/HAN/DataStrTag.bin.ZL_
File/String/HAN/DataStrTest.bin.ZL_
File/UI/TCH/CommonParts.g1t.ZL_
File/UI/TCH/CommonPartsLayout.bin
File/UI/HAN/CommonParts.g1t.ZL_
File/UI/HAN/CommonPartsLayout.bin
File/UI/TCH/Battle.g1t.ZL_
File/UI/TCH/BattleLayout.bin
File/UI/HAN/Battle.g1t.ZL_
File/UI/HAN/BattleLayout.bin
File/UI/TCH/CharacterSelect.g1t.ZL_
File/UI/TCH/CharacterSelectLayout.bin
File/UI/HAN/CharacterSelect.g1t.ZL_
File/UI/HAN/CharacterSelectLayout.bin
File/UI/TCH/Daily.g1t.ZL_
File/UI/TCH/DailyLayout.bin
File/UI/HAN/Daily.g1t.ZL_
File/UI/HAN/DailyLayout.bin
File/UI/TCH/Manual/manual_00.g1t.ZL_
File/UI/TCH/Manual/manual_01.g1t.ZL_
File/UI/TCH/Manual/manual_02.g1t.ZL_
File/UI/TCH/Manual/manual_03.g1t.ZL_
File/UI/TCH/Manual/manual_04.g1t.ZL_
File/UI/TCH/Manual/manual_05.g1t.ZL_
File/UI/TCH/Manual/manual_06.g1t.ZL_
File/UI/TCH/Manual/manual_07.g1t.ZL_
File/UI/TCH/Manual/manual_08.g1t.ZL_
File/UI/TCH/Manual/manual_09.g1t.ZL_
File/UI/HAN/Manual/manual_00.g1t.ZL_
File/UI/HAN/Manual/manual_01.g1t.ZL_
File/UI/HAN/Manual/manual_02.g1t.ZL_
File/UI/HAN/Manual/manual_03.g1t.ZL_
File/UI/HAN/Manual/manual_04.g1t.ZL_
File/UI/HAN/Manual/manual_05.g1t.ZL_
File/UI/HAN/Manual/manual_06.g1t.ZL_
File/UI/HAN/Manual/manual_07.g1t.ZL_
File/UI/HAN/Manual/manual_08.g1t.ZL_
File/UI/HAN/Manual/manual_09.g1t.ZL_
File/UI/TCH/OnlineInGame.g1t.ZL_
File/UI/TCH/OnlineInGameLayout.bin
File/UI/HAN/OnlineInGame.g1t.ZL_
File/UI/HAN/OnlineInGameLayout.bin
File/UI/TCH/Result.g1t.ZL_
File/UI/TCH/ResultLayout.bin
File/UI/HAN/Result.g1t.ZL_
File/UI/HAN/ResultLayout.bin
File/UI/TCH/Tutorial/tutorial_000.g1t.ZL_
File/UI/TCH/Tutorial/tutorial_001.g1t.ZL_
File/UI/TCH/Tutorial/tutorial_002.g1t.ZL_
File/UI/TCH/Tutorial/tutorial_003.g1t.ZL_
File/UI/TCH/Tutorial/tutorial_004.g1t.ZL_
File/UI/TCH/Tutorial/tutorial_005.g1t.ZL_
File/UI/TCH/Tutorial/tutorial_006.g1t.ZL_
File/UI/TCH/Tutorial/tutorial_007.g1t.ZL_
File/UI/TCH/Tutorial/tutorial_008.g1t.ZL_
File/UI/TCH/Tutorial/tutorial_009.g1t.ZL_
File/UI/TCH/Tutorial/tutorial_010.g1t.ZL_
File/UI/TCH/Tutorial/tutorial_011.g1t.ZL_
File/UI/TCH/Tutorial/tutorial_012.g1t.ZL_
File/UI/TCH/Tutorial/tutorial_013.g1t.ZL_
File/UI/TCH/Tutorial/tutorial_014.g1t.ZL_
File/UI/TCH/Tutorial/tutorial_015.g1t.ZL_
File/UI/TCH/Tutorial/tutorial_016.g1t.ZL_
File/UI/TCH/Tutorial/tutorial_017.g1t.ZL_
File/UI/TCH/Tutorial/tutorial_018.g1t.ZL_
File/UI/TCH/Tutorial/tutorial_019.g1t.ZL_
File/UI/TCH/Tutorial/tutorial_020.g1t.ZL_
File/UI/TCH/Tutorial/tutorial_021.g1t.ZL_
File/UI/TCH/Tutorial/tutorial_022.g1t.ZL_
File/UI/TCH/Tutorial/tutorial_023.g1t.ZL_
File/UI/TCH/Tutorial/tutorial_024.g1t.ZL_
File/UI/TCH/Tutorial/tutorial_025.g1t.ZL_
File/UI/TCH/Tutorial/tutorial_026.g1t.ZL_
File/UI/TCH/Tutorial/tutorial_027.g1t.ZL_
File/UI/TCH/Tutorial/tutorial_028.g1t.ZL_
File/UI/TCH/Tutorial/tutorial_029.g1t.ZL_
File/UI/TCH/Tutorial/tutorial_030.g1t.ZL_
File/UI/TCH/Tutorial/tutorial_031.g1t.ZL_
File/UI/TCH/Tutorial/tutorial_032.g1t.ZL_
File/UI/TCH/Tutorial/tutorial_033.g1t.ZL_
File/UI/TCH/Tutorial/tutorial_034.g1t.ZL_
File/UI/TCH/Tutorial/tutorial_035.g1t.ZL_
File/UI/TCH/Tutorial/tutorial_036.g1t.ZL_
File/UI/TCH/Tutorial/tutorial_037.g1t.ZL_
File/UI/TCH/Tutorial/tutorial_038.g1t.ZL_
File/UI/TCH/Tutorial/tutorial_039.g1t.ZL_
File/UI/TCH/Tutorial/tutorial_040.g1t.ZL_
File/UI/TCH/Tutorial/tutorial_041.g1t.ZL_
File/UI/TCH/Tutorial/tutorial_042.g1t.ZL_
File/UI/TCH/Tutorial/tutorial_043.g1t.ZL_
File/UI/TCH/Tutorial/tutorial_044.g1t.ZL_
File/UI/TCH/Tutorial/tutorial_045.g1t.ZL_
File/UI/TCH/Tutorial/tutorial_046.g1t.ZL_
File/UI/TCH/Tutorial/tutorial_047.g1t.ZL_
File/UI/TCH/Tutorial/tutorial_048.g1t.ZL_
File/UI/TCH/Tutorial/tutorial_049.g1t.ZL_
File/UI/TCH/Tutorial/tutorial_050.g1t.ZL_
File/UI/TCH/Tutorial/tutorial_051.g1t.ZL_
File/UI/TCH/Tutorial/tutorial_052.g1t.ZL_
File/UI/TCH/Tutorial/tutorial_053.g1t.ZL_
File/UI/TCH/Tutorial/tutorial_054.g1t.ZL_
File/UI/TCH/Tutorial/tutorial_055.g1t.ZL_
File/UI/TCH/Tutorial/tutorial_056.g1t.ZL_
File/UI/TCH/Tutorial/tutorial_057.g1t.ZL_
File/UI/TCH/Tutorial/tutorial_058.g1t.ZL_
File/UI/TCH/Tutorial/tutorial_059.g1t.ZL_
File/UI/TCH/Tutorial/tutorial_060.g1t.ZL_
File/UI/TCH/Tutorial/tutorial_061.g1t.ZL_
File/UI/TCH/Tutorial/tutorial_062.g1t.ZL_
File/UI/TCH/Tutorial/tutorial_063.g1t.ZL_
File/UI/TCH/Tutorial/tutorial_064.g1t.ZL_
File/UI/TCH/Tutorial/tutorial_065.g1t.ZL_
File/UI/TCH/Tutorial/tutorial_066.g1t.ZL_
File/UI/TCH/Tutorial/tutorial_067.g1t.ZL_
File/UI/TCH/Tutorial/tutorial_068.g1t.ZL_
File/UI/TCH/Tutorial/tutorial_069.g1t.ZL_
File/UI/TCH/Tutorial/tutorial_070.g1t.ZL_
File/UI/TCH/Tutorial/tutorial_071.g1t.ZL_
File/UI/TCH/Tutorial/tutorial_072.g1t.ZL_
File/UI/TCH/Tutorial/tutorial_073.g1t.ZL_
File/UI/TCH/Tutorial/tutorial_074.g1t.ZL_
File/UI/TCH/Tutorial/tutorial_075.g1t.ZL_
File/UI/TCH/Tutorial/tutorial_076.g1t.ZL_
File/UI/TCH/Tutorial/tutorial_077.g1t.ZL_
File/UI/TCH/Tutorial/tutorial_078.g1t.ZL_
File/UI/TCH/Tutorial/tutorial_079.g1t.ZL_
File/UI/TCH/Tutorial/tutorial_080.g1t.ZL_
File/UI/TCH/Tutorial/tutorial_081.g1t.ZL_
File/UI/TCH/Tutorial/tutorial_082.g1t.ZL_
File/UI/TCH/Tutorial/tutorial_083.g1t.ZL_
File/UI/TCH/Tutorial/tutorial_084.g1t.ZL_
File/UI/TCH/Tutorial/tutorial_085.g1t.ZL_
File/UI/TCH/Tutorial/tutorial_086.g1t.ZL_
File/UI/TCH/Tutorial/tutorial_087.g1t.ZL_
File/UI/TCH/Tutorial/tutorial_088.g1t.ZL_
File/UI/TCH/Tutorial/tutorial_089.g1t.ZL_
File/UI/TCH/Tutorial/tutorial_090.g1t.ZL_
File/UI/TCH/Tutorial/tutorial_091.g1t.ZL_
File/UI/TCH/Tutorial/tutorial_092.g1t.ZL_
File/UI/TCH/Tutorial/tutorial_093.g1t.ZL_
File/UI/TCH/Tutorial/tutorial_094.g1t.ZL_
File/UI/TCH/Tutorial/tutorial_095.g1t.ZL_
File/UI/TCH/Tutorial/tutorial_096.g1t.ZL_
File/UI/TCH/Tutorial/tutorial_097.g1t.ZL_
File/UI/TCH/Tutorial/tutorial_098.g1t.ZL_
File/UI/TCH/Tutorial/tutorial_099.g1t.ZL_
File/UI/TCH/Tutorial/tutorial_100.g1t.ZL_
File/UI/TCH/Tutorial/tutorial_101.g1t.ZL_
File/UI/TCH/Tutorial/tutorial_102.g1t.ZL_
File/UI/TCH/Tutorial/tutorial_103.g1t.ZL_
File/UI/TCH/Tutorial/tutorial_104.g1t.ZL_
File/UI/TCH/Tutorial/tutorial_105.g1t.ZL_
File/UI/TCH/Tutorial/tutorial_106.g1t.ZL_
File/UI/TCH/Tutorial/tutorial_107.g1t.ZL_
File/UI/TCH/Tutorial/tutorial_108.g1t.ZL_
File/UI/TCH/Tutorial/tutorial_109.g1t.ZL_
File/UI/TCH/Tutorial/tutorial_110.g1t.ZL_
File/UI/TCH/Tutorial/tutorial_111.g1t.ZL_
File/UI/TCH/Tutorial/tutorial_112.g1t.ZL_
File/UI/TCH/Tutorial/tutorial_113.g1t.ZL_
File/UI/TCH/Tutorial/tutorial_114.g1t.ZL_
File/UI/TCH/Tutorial/tutorial_115.g1t.ZL_
File/UI/TCH/Tutorial/tutorial_116.g1t.ZL_
File/UI/TCH/Tutorial/tutorial_117.g1t.ZL_
File/UI/TCH/Tutorial/tutorial_118.g1t.ZL_
File/UI/TCH/Tutorial/tutorial_119.g1t.ZL_
File/UI/HAN/Tutorial/tutorial_000.g1t.ZL_
File/UI/HAN/Tutorial/tutorial_001.g1t.ZL_
File/UI/HAN/Tutorial/tutorial_002.g1t.ZL_
File/UI/HAN/Tutorial/tutorial_003.g1t.ZL_
File/UI/HAN/Tutorial/tutorial_004.g1t.ZL_
File/UI/HAN/Tutorial/tutorial_005.g1t.ZL_
File/UI/HAN/Tutorial/tutorial_006.g1t.ZL_
File/UI/HAN/Tutorial/tutorial_007.g1t.ZL_
File/UI/HAN/Tutorial/tutorial_008.g1t.ZL_
File/UI/HAN/Tutorial/tutorial_009.g1t.ZL_
File/UI/HAN/Tutorial/tutorial_010.g1t.ZL_
File/UI/HAN/Tutorial/tutorial_011.g1t.ZL_
File/UI/HAN/Tutorial/tutorial_012.g1t.ZL_
File/UI/HAN/Tutorial/tutorial_013.g1t.ZL_
File/UI/HAN/Tutorial/tutorial_014.g1t.ZL_
File/UI/HAN/Tutorial/tutorial_015.g1t.ZL_
File/UI/HAN/Tutorial/tutorial_016.g1t.ZL_
File/UI/HAN/Tutorial/tutorial_017.g1t.ZL_
File/UI/HAN/Tutorial/tutorial_018.g1t.ZL_
File/UI/HAN/Tutorial/tutorial_019.g1t.ZL_
File/UI/HAN/Tutorial/tutorial_020.g1t.ZL_
File/UI/HAN/Tutorial/tutorial_021.g1t.ZL_
File/UI/HAN/Tutorial/tutorial_022.g1t.ZL_
File/UI/HAN/Tutorial/tutorial_023.g1t.ZL_
File/UI/HAN/Tutorial/tutorial_024.g1t.ZL_
File/UI/HAN/Tutorial/tutorial_025.g1t.ZL_
File/UI/HAN/Tutorial/tutorial_026.g1t.ZL_
File/UI/HAN/Tutorial/tutorial_027.g1t.ZL_
File/UI/HAN/Tutorial/tutorial_028.g1t.ZL_
File/UI/HAN/Tutorial/tutorial_029.g1t.ZL_
File/UI/HAN/Tutorial/tutorial_030.g1t.ZL_
File/UI/HAN/Tutorial/tutorial_031.g1t.ZL_
File/UI/HAN/Tutorial/tutorial_032.g1t.ZL_
File/UI/HAN/Tutorial/tutorial_033.g1t.ZL_
File/UI/HAN/Tutorial/tutorial_034.g1t.ZL_
File/UI/HAN/Tutorial/tutorial_035.g1t.ZL_
File/UI/HAN/Tutorial/tutorial_036.g1t.ZL_
File/UI/HAN/Tutorial/tutorial_037.g1t.ZL_
File/UI/HAN/Tutorial/tutorial_038.g1t.ZL_
File/UI/HAN/Tutorial/tutorial_039.g1t.ZL_
File/UI/HAN/Tutorial/tutorial_040.g1t.ZL_
File/UI/HAN/Tutorial/tutorial_041.g1t.ZL_
File/UI/HAN/Tutorial/tutorial_042.g1t.ZL_
File/UI/HAN/Tutorial/tutorial_043.g1t.ZL_
File/UI/HAN/Tutorial/tutorial_044.g1t.ZL_
File/UI/HAN/Tutorial/tutorial_045.g1t.ZL_
File/UI/HAN/Tutorial/tutorial_046.g1t.ZL_
File/UI/HAN/Tutorial/tutorial_047.g1t.ZL_
File/UI/HAN/Tutorial/tutorial_048.g1t.ZL_
File/UI/HAN/Tutorial/tutorial_049.g1t.ZL_
File/UI/HAN/Tutorial/tutorial_050.g1t.ZL_
File/UI/HAN/Tutorial/tutorial_051.g1t.ZL_
File/UI/HAN/Tutorial/tutorial_052.g1t.ZL_
File/UI/HAN/Tutorial/tutorial_053.g1t.ZL_
File/UI/HAN/Tutorial/tutorial_054.g1t.ZL_
File/UI/HAN/Tutorial/tutorial_055.g1t.ZL_
File/UI/HAN/Tutorial/tutorial_056.g1t.ZL_
File/UI/HAN/Tutorial/tutorial_057.g1t.ZL_
File/UI/HAN/Tutorial/tutorial_058.g1t.ZL_
File/UI/HAN/Tutorial/tutorial_059.g1t.ZL_
File/UI/HAN/Tutorial/tutorial_060.g1t.ZL_
File/UI/HAN/Tutorial/tutorial_061.g1t.ZL_
File/UI/HAN/Tutorial/tutorial_062.g1t.ZL_
File/UI/HAN/Tutorial/tutorial_063.g1t.ZL_
File/UI/HAN/Tutorial/tutorial_064.g1t.ZL_
File/UI/HAN/Tutorial/tutorial_065.g1t.ZL_
File/UI/HAN/Tutorial/tutorial_066.g1t.ZL_
File/UI/HAN/Tutorial/tutorial_067.g1t.ZL_
File/UI/HAN/Tutorial/tutorial_068.g1t.ZL_
File/UI/HAN/Tutorial/tutorial_069.g1t.ZL_
File/UI/HAN/Tutorial/tutorial_070.g1t.ZL_
File/UI/HAN/Tutorial/tutorial_071.g1t.ZL_
File/UI/HAN/Tutorial/tutorial_072.g1t.ZL_
File/UI/HAN/Tutorial/tutorial_073.g1t.ZL_
File/UI/HAN/Tutorial/tutorial_074.g1t.ZL_
File/UI/HAN/Tutorial/tutorial_075.g1t.ZL_
File/UI/HAN/Tutorial/tutorial_076.g1t.ZL_
File/UI/HAN/Tutorial/tutorial_077.g1t.ZL_
File/UI/HAN/Tutorial/tutorial_078.g1t.ZL_
File/UI/HAN/Tutorial/tutorial_079.g1t.ZL_
File/UI/HAN/Tutorial/tutorial_080.g1t.ZL_
File/UI/HAN/Tutorial/tutorial_081.g1t.ZL_
File/UI/HAN/Tutorial/tutorial_082.g1t.ZL_
File/UI/HAN/Tutorial/tutorial_083.g1t.ZL_
File/UI/HAN/Tutorial/tutorial_084.g1t.ZL_
File/UI/HAN/Tutorial/tutorial_085.g1t.ZL_
File/UI/HAN/Tutorial/tutorial_086.g1t.ZL_
File/UI/HAN/Tutorial/tutorial_087.g1t.ZL_
File/UI/HAN/Tutorial/tutorial_088.g1t.ZL_
File/UI/HAN/Tutorial/tutorial_089.g1t.ZL_
File/UI/HAN/Tutorial/tutorial_090.g1t.ZL_
File/UI/HAN/Tutorial/tutorial_091.g1t.ZL_
File/UI/HAN/Tutorial/tutorial_092.g1t.ZL_
File/UI/HAN/Tutorial/tutorial_093.g1t.ZL_
File/UI/HAN/Tutorial/tutorial_094.g1t.ZL_
File/UI/HAN/Tutorial/tutorial_095.g1t.ZL_
File/UI/HAN/Tutorial/tutorial_096.g1t.ZL_
File/UI/HAN/Tutorial/tutorial_097.g1t.ZL_
File/UI/HAN/Tutorial/tutorial_098.g1t.ZL_
File/UI/HAN/Tutorial/tutorial_099.g1t.ZL_
File/UI/HAN/Tutorial/tutorial_100.g1t.ZL_
File/UI/HAN/Tutorial/tutorial_101.g1t.ZL_
File/UI/HAN/Tutorial/tutorial_102.g1t.ZL_
File/UI/HAN/Tutorial/tutorial_103.g1t.ZL_
File/UI/HAN/Tutorial/tutorial_104.g1t.ZL_
File/UI/HAN/Tutorial/tutorial_105.g1t.ZL_
File/UI/HAN/Tutorial/tutorial_106.g1t.ZL_
File/UI/HAN/Tutorial/tutorial_107.g1t.ZL_
File/UI/HAN/Tutorial/tutorial_108.g1t.ZL_
File/UI/HAN/Tutorial/tutorial_109.g1t.ZL_
File/UI/HAN/Tutorial/tutorial_110.g1t.ZL_
File/UI/HAN/Tutorial/tutorial_111.g1t.ZL_
File/UI/HAN/Tutorial/tutorial_112.g1t.ZL_
File/UI/HAN/Tutorial/tutorial_113.g1t.ZL_
File/UI/HAN/Tutorial/tutorial_114.g1t.ZL_
File/UI/HAN/Tutorial/tutorial_115.g1t.ZL_
File/UI/HAN/Tutorial/tutorial_116.g1t.ZL_
File/UI/HAN/Tutorial/tutorial_117.g1t.ZL_
File/UI/HAN/Tutorial/tutorial_118.g1t.ZL_
File/UI/HAN/Tutorial/tutorial_119.g1t.ZL_
File/UI/TCH/Warning.g1t.ZL_
File/UI/HAN/Warning.g1t.ZL_
File/UI/TCH/StaffRoll/staffroll_00.g1t.ZL_
File/UI/TCH/StaffRoll/staffroll_01.g1t.ZL_
File/UI/TCH/StaffRoll/staffroll_02.g1t.ZL_
File/UI/TCH/StaffRoll/staffroll_03.g1t.ZL_
File/UI/TCH/StaffRoll/staffroll_04.g1t.ZL_
File/UI/TCH/StaffRoll/staffroll_05.g1t.ZL_
File/UI/TCH/StaffRoll/staffroll_06.g1t.ZL_
File/UI/TCH/StaffRoll/staffroll_07.g1t.ZL_
File/UI/TCH/StaffRoll/staffroll_08.g1t.ZL_
File/UI/TCH/StaffRoll/staffroll_09.g1t.ZL_
File/UI/TCH/StaffRoll/staffroll_10.g1t.ZL_
File/UI/TCH/StaffRoll/staffroll_11.g1t.ZL_
File/UI/TCH/StaffRoll/staffroll_12.g1t.ZL_
File/UI/TCH/StaffRoll/staffroll_13.g1t.ZL_
File/UI/TCH/StaffRoll/staffroll_14.g1t.ZL_
File/UI/TCH/StaffRoll/staffroll_15.g1t.ZL_
File/UI/TCH/StaffRoll/staffroll_16.g1t.ZL_
File/UI/TCH/StaffRoll/staffroll_17.g1t.ZL_
File/UI/TCH/StaffRoll/staffroll_copylight.g1t.ZL_
File/UI/TCH/StaffRoll/staffroll_omega.g1t.ZL_
File/UI/TCH/StaffRoll/staffroll_producer.g1t.ZL_
File/UI/HAN/StaffRoll/staffroll_00.g1t.ZL_
File/UI/HAN/StaffRoll/staffroll_01.g1t.ZL_
File/UI/HAN/StaffRoll/staffroll_02.g1t.ZL_
File/UI/HAN/StaffRoll/staffroll_03.g1t.ZL_
File/UI/HAN/StaffRoll/staffroll_04.g1t.ZL_
File/UI/HAN/StaffRoll/staffroll_05.g1t.ZL_
File/UI/HAN/StaffRoll/staffroll_06.g1t.ZL_
File/UI/HAN/StaffRoll/staffroll_07.g1t.ZL_
File/UI/HAN/StaffRoll/staffroll_08.g1t.ZL_
File/UI/HAN/StaffRoll/staffroll_09.g1t.ZL_
File/UI/HAN/StaffRoll/staffroll_10.g1t.ZL_
File/UI/HAN/StaffRoll/staffroll_11.g1t.ZL_
File/UI/HAN/StaffRoll/staffroll_12.g1t.ZL_
File/UI/HAN/StaffRoll/staffroll_13.g1t.ZL_
File/UI/HAN/StaffRoll/staffroll_14.g1t.ZL_
File/UI/HAN/StaffRoll/staffroll_15.g1t.ZL_
File/UI/HAN/StaffRoll/staffroll_16.g1t.ZL_
File/UI/HAN/StaffRoll/staffroll_17.g1t.ZL_
File/UI/HAN/StaffRoll/staffroll_copylight.g1t.ZL_
File/UI/HAN/StaffRoll/staffroll_omega.g1t.ZL_
File/UI/HAN/StaffRoll/staffroll_producer.g1t.ZL_
File/Scenario/SCDATA/TCH/SCM_000_TEXT_MESSAGE.bin
File/Scenario/SCDATA/TCH/SCM_001_TEXT_MESSAGE.bin
File/Scenario/SCDATA/TCH/SCM_002_TEXT_MESSAGE.bin
File/Scenario/SCDATA/TCH/SCM_003_TEXT_MESSAGE.bin
File/Scenario/SCDATA/TCH/SCM_004_TEXT_MESSAGE.bin
File/Scenario/SCDATA/TCH/SCM_005_TEXT_MESSAGE.bin
File/Scenario/SCDATA/TCH/SCM_006_TEXT_MESSAGE.bin
File/Scenario/SCDATA/TCH/SCM_007_TEXT_MESSAGE.bin
File/Scenario/SCDATA/TCH/SCM_008_TEXT_MESSAGE.bin
File/Scenario/SCDATA/TCH/SCM_009_TEXT_MESSAGE.bin
File/Scenario/SCDATA/TCH/SCM_010_TEXT_MESSAGE.bin
File/Scenario/SCDATA/TCH/SCM_011_TEXT_MESSAGE.bin
File/Scenario/SCDATA/TCH/SCM_012_TEXT_MESSAGE.bin
File/Scenario/SCDATA/TCH/SCM_013_TEXT_MESSAGE.bin
File/Scenario/SCDATA/TCH/SCM_014_TEXT_MESSAGE.bin
File/Scenario/SCDATA/TCH/SCM_015_TEXT_MESSAGE.bin
File/Scenario/SCDATA/TCH/SCM_016_TEXT_MESSAGE.bin
File/Scenario/SCDATA/TCH/SCM_017_TEXT_MESSAGE.bin
File/Scenario/SCDATA/TCH/SCM_018_TEXT_MESSAGE.bin
File/Scenario/SCDATA/TCH/SCM_019_TEXT_MESSAGE.bin
File/Scenario/SCDATA/TCH/SCM_020_TEXT_MESSAGE.bin
File/Scenario/SCDATA/TCH/SCM_021_TEXT_MESSAGE.bin
File/Scenario/SCDATA/TCH/SCM_022_TEXT_MESSAGE.bin
File/Scenario/SCDATA/TCH/SCM_023_TEXT_MESSAGE.bin
File/Scenario/SCDATA/TCH/SCM_024_TEXT_MESSAGE.bin
File/Scenario/SCDATA/TCH/SCM_025_TEXT_MESSAGE.bin
File/Scenario/SCDATA/TCH/SCM_026_TEXT_MESSAGE.bin
File/Scenario/SCDATA/TCH/SCM_027_TEXT_MESSAGE.bin
File/Scenario/SCDATA/TCH/SCM_028_TEXT_MESSAGE.bin
File/Scenario/SCDATA/TCH/SCM_029_TEXT_MESSAGE.bin
File/Scenario/SCDATA/TCH/SCS_000_TEXT_MESSAGE.bin
File/Scenario/SCDATA/TCH/SCS_001_TEXT_MESSAGE.bin
File/Scenario/SCDATA/TCH/SCS_002_TEXT_MESSAGE.bin
File/Scenario/SCDATA/TCH/SCS_003_TEXT_MESSAGE.bin
File/Scenario/SCDATA/TCH/SCS_004_TEXT_MESSAGE.bin
File/Scenario/SCDATA/TCH/SCS_005_TEXT_MESSAGE.bin
File/Scenario/SCDATA/TCH/SCS_006_TEXT_MESSAGE.bin
File/Scenario/SCDATA/TCH/SCS_007_TEXT_MESSAGE.bin
File/Scenario/SCDATA/TCH/SCS_008_TEXT_MESSAGE.bin
File/Scenario/SCDATA/TCH/SCS_009_TEXT_MESSAGE.bin
File/Scenario/SCDATA/TCH/SCS_010_TEXT_MESSAGE.bin
File/Scenario/SCDATA/TCH/SCS_011_TEXT_MESSAGE.bin
File/Scenario/SCDATA/TCH/SCS_012_TEXT_MESSAGE.bin
File/Scenario/SCDATA/TCH/SCS_013_TEXT_MESSAGE.bin
File/Scenario/SCDATA/TCH/SCS_014_TEXT_MESSAGE.bin
File/Scenario/SCDATA/TCH/SCS_015_TEXT_MESSAGE.bin
File/Scenario/SCDATA/TCH/SCS_016_TEXT_MESSAGE.bin
File/Scenario/SCDATA/TCH/SCS_017_TEXT_MESSAGE.bin
File/Scenario/SCDATA/TCH/SCS_018_TEXT_MESSAGE.bin
File/Scenario/SCDATA/TCH/SCS_019_TEXT_MESSAGE.bin
File/Scenario/SCDATA/TCH/SCS_020_TEXT_MESSAGE.bin
File/Scenario/SCDATA/TCH/SCS_021_TEXT_MESSAGE.bin
File/Scenario/SCDATA/TCH/SCS_022_TEXT_MESSAGE.bin
File/Scenario/SCDATA/TCH/SCS_023_TEXT_MESSAGE.bin
File/Scenario/SCDATA/TCH/SCS_024_TEXT_MESSAGE.bin
File/Scenario/SCDATA/TCH/SCS_025_TEXT_MESSAGE.bin
File/Scenario/SCDATA/TCH/SCS_026_TEXT_MESSAGE.bin
File/Scenario/SCDATA/TCH/SCS_027_TEXT_MESSAGE.bin
File/Scenario/SCDATA/TCH/SCS_028_TEXT_MESSAGE.bin
File/Scenario/SCDATA/TCH/SCS_029_TEXT_MESSAGE.bin
File/Scenario/SCDATA/TCH/SCS_030_TEXT_MESSAGE.bin
File/Scenario/SCDATA/TCH/SCS_031_TEXT_MESSAGE.bin
File/Scenario/SCDATA/TCH/SCS_032_TEXT_MESSAGE.bin
File/Scenario/SCDATA/TCH/SCS_033_TEXT_MESSAGE.bin
File/Scenario/SCDATA/TCH/SCS_034_TEXT_MESSAGE.bin
File/Scenario/SCDATA/TCH/SCS_035_TEXT_MESSAGE.bin
File/Scenario/SCDATA/TCH/SCS_036_TEXT_MESSAGE.bin
File/Scenario/SCDATA/TCH/SCS_037_TEXT_MESSAGE.bin
File/Scenario/SCDATA/TCH/SCS_038_TEXT_MESSAGE.bin
File/Scenario/SCDATA/TCH/SCS_039_TEXT_MESSAGE.bin
File/Scenario/SCDATA/TCH/SCS_040_TEXT_MESSAGE.bin
File/Scenario/SCDATA/TCH/SCS_041_TEXT_MESSAGE.bin
File/Scenario/SCDATA/TCH/SCS_042_TEXT_MESSAGE.bin
File/Scenario/SCDATA/TCH/SCS_043_TEXT_MESSAGE.bin
File/Scenario/SCDATA/TCH/SCS_044_TEXT_MESSAGE.bin
File/Scenario/SCDATA/TCH/SCS_045_TEXT_MESSAGE.bin
File/Scenario/SCDATA/TCH/SCS_046_TEXT_MESSAGE.bin
File/Scenario/SCDATA/TCH/SCS_047_TEXT_MESSAGE.bin
File/Scenario/SCDATA/TCH/SCS_048_TEXT_MESSAGE.bin
File/Scenario/SCDATA/TCH/SCS_049_TEXT_MESSAGE.bin
File/Scenario/SCDATA/TCH/SCS_050_TEXT_MESSAGE.bin
File/Scenario/SCDATA/TCH/SCS_051_TEXT_MESSAGE.bin
File/Scenario/SCDATA/TCH/SCS_052_TEXT_MESSAGE.bin
File/Scenario/SCDATA/TCH/SCS_053_TEXT_MESSAGE.bin
File/Scenario/SCDATA/TCH/SCS_054_TEXT_MESSAGE.bin
File/Scenario/SCDATA/TCH/SCS_055_TEXT_MESSAGE.bin
File/Scenario/SCDATA/TCH/SCS_056_TEXT_MESSAGE.bin
File/Scenario/SCDATA/TCH/SCS_057_TEXT_MESSAGE.bin
File/Scenario/SCDATA/TCH/SCS_058_TEXT_MESSAGE.bin
File/Scenario/SCDATA/TCH/SCS_059_TEXT_MESSAGE.bin
File/Scenario/SCDATA/TCH/SCS_060_TEXT_MESSAGE.bin
File/Scenario/SCDATA/TCH/SCS_061_TEXT_MESSAGE.bin
File/Scenario/SCDATA/TCH/SCS_062_TEXT_MESSAGE.bin
File/Scenario/SCDATA/TCH/SCS_063_TEXT_MESSAGE.bin
File/Scenario/SCDATA/TCH/SCS_064_TEXT_MESSAGE.bin
File/Scenario/SCDATA/TCH/SCS_065_TEXT_MESSAGE.bin
File/Scenario/SCDATA/TCH/SCS_066_TEXT_MESSAGE.bin
File/Scenario/SCDATA/TCH/SCS_067_TEXT_MESSAGE.bin
File/Scenario/SCDATA/TCH/SCS_068_TEXT_MESSAGE.bin
File/Scenario/SCDATA/TCH/SCS_069_TEXT_MESSAGE.bin
File/Scenario/SCDATA/TCH/SCS_070_TEXT_MESSAGE.bin
File/Scenario/SCDATA/TCH/SCS_071_TEXT_MESSAGE.bin
File/Scenario/SCDATA/TCH/SCO_000_TEXT_MESSAGE.bin
File/Scenario/SCDATA/TCH/SCO_001_TEXT_MESSAGE.bin
File/Scenario/SCDATA/TCH/SCO_002_TEXT_MESSAGE.bin
File/Scenario/SCDATA/TCH/SCO_003_TEXT_MESSAGE.bin
File/Scenario/SCDATA/TCH/SCO_004_TEXT_MESSAGE.bin
File/Scenario/SCDATA/TCH/SCO_005_TEXT_MESSAGE.bin
File/Scenario/SCDATA/TCH/SCO_006_TEXT_MESSAGE.bin
File/Scenario/SCDATA/TCH/SCO_007_TEXT_MESSAGE.bin
File/Scenario/SCDATA/TCH/SCO_008_TEXT_MESSAGE.bin
File/Scenario/SCDATA/TCH/SCO_009_TEXT_MESSAGE.bin
File/Scenario/SCDATA/HAN/SCM_000_TEXT_MESSAGE.bin
File/Scenario/SCDATA/HAN/SCM_001_TEXT_MESSAGE.bin
File/Scenario/SCDATA/HAN/SCM_002_TEXT_MESSAGE.bin
File/Scenario/SCDATA/HAN/SCM_003_TEXT_MESSAGE.bin
File/Scenario/SCDATA/HAN/SCM_004_TEXT_MESSAGE.bin
File/Scenario/SCDATA/HAN/SCM_005_TEXT_MESSAGE.bin
File/Scenario/SCDATA/HAN/SCM_006_TEXT_MESSAGE.bin
File/Scenario/SCDATA/HAN/SCM_007_TEXT_MESSAGE.bin
File/Scenario/SCDATA/HAN/SCM_008_TEXT_MESSAGE.bin
File/Scenario/SCDATA/HAN/SCM_009_TEXT_MESSAGE.bin
File/Scenario/SCDATA/HAN/SCM_010_TEXT_MESSAGE.bin
File/Scenario/SCDATA/HAN/SCM_011_TEXT_MESSAGE.bin
File/Scenario/SCDATA/HAN/SCM_012_TEXT_MESSAGE.bin
File/Scenario/SCDATA/HAN/SCM_013_TEXT_MESSAGE.bin
File/Scenario/SCDATA/HAN/SCM_014_TEXT_MESSAGE.bin
File/Scenario/SCDATA/HAN/SCM_015_TEXT_MESSAGE.bin
File/Scenario/SCDATA/HAN/SCM_016_TEXT_MESSAGE.bin
File/Scenario/SCDATA/HAN/SCM_017_TEXT_MESSAGE.bin
File/Scenario/SCDATA/HAN/SCM_018_TEXT_MESSAGE.bin
File/Scenario/SCDATA/HAN/SCM_019_TEXT_MESSAGE.bin
File/Scenario/SCDATA/HAN/SCM_020_TEXT_MESSAGE.bin
File/Scenario/SCDATA/HAN/SCM_021_TEXT_MESSAGE.bin
File/Scenario/SCDATA/HAN/SCM_022_TEXT_MESSAGE.bin
File/Scenario/SCDATA/HAN/SCM_023_TEXT_MESSAGE.bin
File/Scenario/SCDATA/HAN/SCM_024_TEXT_MESSAGE.bin
File/Scenario/SCDATA/HAN/SCM_025_TEXT_MESSAGE.bin
File/Scenario/SCDATA/HAN/SCM_026_TEXT_MESSAGE.bin
File/Scenario/SCDATA/HAN/SCM_027_TEXT_MESSAGE.bin
File/Scenario/SCDATA/HAN/SCM_028_TEXT_MESSAGE.bin
File/Scenario/SCDATA/HAN/SCM_029_TEXT_MESSAGE.bin
File/Scenario/SCDATA/HAN/SCS_000_TEXT_MESSAGE.bin
File/Scenario/SCDATA/HAN/SCS_001_TEXT_MESSAGE.bin
File/Scenario/SCDATA/HAN/SCS_002_TEXT_MESSAGE.bin
File/Scenario/SCDATA/HAN/SCS_003_TEXT_MESSAGE.bin
File/Scenario/SCDATA/HAN/SCS_004_TEXT_MESSAGE.bin
File/Scenario/SCDATA/HAN/SCS_005_TEXT_MESSAGE.bin
File/Scenario/SCDATA/HAN/SCS_006_TEXT_MESSAGE.bin
File/Scenario/SCDATA/HAN/SCS_007_TEXT_MESSAGE.bin
File/Scenario/SCDATA/HAN/SCS_008_TEXT_MESSAGE.bin
File/Scenario/SCDATA/HAN/SCS_009_TEXT_MESSAGE.bin
File/Scenario/SCDATA/HAN/SCS_010_TEXT_MESSAGE.bin
File/Scenario/SCDATA/HAN/SCS_011_TEXT_MESSAGE.bin
File/Scenario/SCDATA/HAN/SCS_012_TEXT_MESSAGE.bin
File/Scenario/SCDATA/HAN/SCS_013_TEXT_MESSAGE.bin
File/Scenario/SCDATA/HAN/SCS_014_TEXT_MESSAGE.bin
File/Scenario/SCDATA/HAN/SCS_015_TEXT_MESSAGE.bin
File/Scenario/SCDATA/HAN/SCS_016_TEXT_MESSAGE.bin
File/Scenario/SCDATA/HAN/SCS_017_TEXT_MESSAGE.bin
File/Scenario/SCDATA/HAN/SCS_018_TEXT_MESSAGE.bin
File/Scenario/SCDATA/HAN/SCS_019_TEXT_MESSAGE.bin
File/Scenario/SCDATA/HAN/SCS_020_TEXT_MESSAGE.bin
File/Scenario/SCDATA/HAN/SCS_021_TEXT_MESSAGE.bin
File/Scenario/SCDATA/HAN/SCS_022_TEXT_MESSAGE.bin
File/Scenario/SCDATA/HAN/SCS_023_TEXT_MESSAGE.bin
File/Scenario/SCDATA/HAN/SCS_024_TEXT_MESSAGE.bin
File/Scenario/SCDATA/HAN/SCS_025_TEXT_MESSAGE.bin
File/Scenario/SCDATA/HAN/SCS_026_TEXT_MESSAGE.bin
File/Scenario/SCDATA/HAN/SCS_027_TEXT_MESSAGE.bin
File/Scenario/SCDATA/HAN/SCS_028_TEXT_MESSAGE.bin
File/Scenario/SCDATA/HAN/SCS_029_TEXT_MESSAGE.bin
File/Scenario/SCDATA/HAN/SCS_030_TEXT_MESSAGE.bin
File/Scenario/SCDATA/HAN/SCS_031_TEXT_MESSAGE.bin
File/Scenario/SCDATA/HAN/SCS_032_TEXT_MESSAGE.bin
File/Scenario/SCDATA/HAN/SCS_033_TEXT_MESSAGE.bin
File/Scenario/SCDATA/HAN/SCS_034_TEXT_MESSAGE.bin
File/Scenario/SCDATA/HAN/SCS_035_TEXT_MESSAGE.bin
File/Scenario/SCDATA/HAN/SCS_036_TEXT_MESSAGE.bin
File/Scenario/SCDATA/HAN/SCS_037_TEXT_MESSAGE.bin
File/Scenario/SCDATA/HAN/SCS_038_TEXT_MESSAGE.bin
File/Scenario/SCDATA/HAN/SCS_039_TEXT_MESSAGE.bin
File/Scenario/SCDATA/HAN/SCS_040_TEXT_MESSAGE.bin
File/Scenario/SCDATA/HAN/SCS_041_TEXT_MESSAGE.bin
File/Scenario/SCDATA/HAN/SCS_042_TEXT_MESSAGE.bin
File/Scenario/SCDATA/HAN/SCS_043_TEXT_MESSAGE.bin
File/Scenario/SCDATA/HAN/SCS_044_TEXT_MESSAGE.bin
File/Scenario/SCDATA/HAN/SCS_045_TEXT_MESSAGE.bin
File/Scenario/SCDATA/HAN/SCS_046_TEXT_MESSAGE.bin
File/Scenario/SCDATA/HAN/SCS_047_TEXT_MESSAGE.bin
File/Scenario/SCDATA/HAN/SCS_048_TEXT_MESSAGE.bin
File/Scenario/SCDATA/HAN/SCS_049_TEXT_MESSAGE.bin
File/Scenario/SCDATA/HAN/SCS_050_TEXT_MESSAGE.bin
File/Scenario/SCDATA/HAN/SCS_051_TEXT_MESSAGE.bin
File/Scenario/SCDATA/HAN/SCS_052_TEXT_MESSAGE.bin
File/Scenario/SCDATA/HAN/SCS_053_TEXT_MESSAGE.bin
File/Scenario/SCDATA/HAN/SCS_054_TEXT_MESSAGE.bin
File/Scenario/SCDATA/HAN/SCS_055_TEXT_MESSAGE.bin
File/Scenario/SCDATA/HAN/SCS_056_TEXT_MESSAGE.bin
File/Scenario/SCDATA/HAN/SCS_057_TEXT_MESSAGE.bin
File/Scenario/SCDATA/HAN/SCS_058_TEXT_MESSAGE.bin
File/Scenario/SCDATA/HAN/SCS_059_TEXT_MESSAGE.bin
File/Scenario/SCDATA/HAN/SCS_060_TEXT_MESSAGE.bin
File/Scenario/SCDATA/HAN/SCS_061_TEXT_MESSAGE.bin
File/Scenario/SCDATA/HAN/SCS_062_TEXT_MESSAGE.bin
File/Scenario/SCDATA/HAN/SCS_063_TEXT_MESSAGE.bin
File/Scenario/SCDATA/HAN/SCS_064_TEXT_MESSAGE.bin
File/Scenario/SCDATA/HAN/SCS_065_TEXT_MESSAGE.bin
File/Scenario/SCDATA/HAN/SCS_066_TEXT_MESSAGE.bin
File/Scenario/SCDATA/HAN/SCS_067_TEXT_MESSAGE.bin
File/Scenario/SCDATA/HAN/SCS_068_TEXT_MESSAGE.bin
File/Scenario/SCDATA/HAN/SCS_069_TEXT_MESSAGE.bin
File/Scenario/SCDATA/HAN/SCS_070_TEXT_MESSAGE.bin
File/Scenario/SCDATA/HAN/SCS_071_TEXT_MESSAGE.bin
File/Scenario/SCDATA/HAN/SCO_000_TEXT_MESSAGE.bin
File/Scenario/SCDATA/HAN/SCO_001_TEXT_MESSAGE.bin
File/Scenario/SCDATA/HAN/SCO_002_TEXT_MESSAGE.bin
File/Scenario/SCDATA/HAN/SCO_003_TEXT_MESSAGE.bin
File/Scenario/SCDATA/HAN/SCO_004_TEXT_MESSAGE.bin
File/Scenario/SCDATA/HAN/SCO_005_TEXT_MESSAGE.bin
File/Scenario/SCDATA/HAN/SCO_006_TEXT_MESSAGE.bin
File/Scenario/SCDATA/HAN/SCO_007_TEXT_MESSAGE.bin
File/Scenario/SCDATA/HAN/SCO_008_TEXT_MESSAGE.bin
File/Scenario/SCDATA/HAN/SCO_009_TEXT_MESSAGE.bin
File/Scenario/SCDATA/TCH/SCM_000_VOICE_MESSAGE.bin
File/Scenario/SCDATA/TCH/SCM_001_VOICE_MESSAGE.bin
File/Scenario/SCDATA/TCH/SCM_002_VOICE_MESSAGE.bin
File/Scenario/SCDATA/TCH/SCM_003_VOICE_MESSAGE.bin
File/Scenario/SCDATA/TCH/SCM_004_VOICE_MESSAGE.bin
File/Scenario/SCDATA/TCH/SCM_005_VOICE_MESSAGE.bin
File/Scenario/SCDATA/TCH/SCM_006_VOICE_MESSAGE.bin
File/Scenario/SCDATA/TCH/SCM_007_VOICE_MESSAGE.bin
File/Scenario/SCDATA/TCH/SCM_008_VOICE_MESSAGE.bin
File/Scenario/SCDATA/TCH/SCM_009_VOICE_MESSAGE.bin
File/Scenario/SCDATA/TCH/SCM_010_VOICE_MESSAGE.bin
File/Scenario/SCDATA/TCH/SCM_011_VOICE_MESSAGE.bin
File/Scenario/SCDATA/TCH/SCM_012_VOICE_MESSAGE.bin
File/Scenario/SCDATA/TCH/SCM_013_VOICE_MESSAGE.bin
File/Scenario/SCDATA/TCH/SCM_014_VOICE_MESSAGE.bin
File/Scenario/SCDATA/TCH/SCM_015_VOICE_MESSAGE.bin
File/Scenario/SCDATA/TCH/SCM_016_VOICE_MESSAGE.bin
File/Scenario/SCDATA/TCH/SCM_017_VOICE_MESSAGE.bin
File/Scenario/SCDATA/TCH/SCM_018_VOICE_MESSAGE.bin
File/Scenario/SCDATA/TCH/SCM_019_VOICE_MESSAGE.bin
File/Scenario/SCDATA/TCH/SCM_020_VOICE_MESSAGE.bin
File/Scenario/SCDATA/TCH/SCM_021_VOICE_MESSAGE.bin
File/Scenario/SCDATA/TCH/SCM_022_VOICE_MESSAGE.bin
File/Scenario/SCDATA/TCH/SCM_023_VOICE_MESSAGE.bin
File/Scenario/SCDATA/TCH/SCM_024_VOICE_MESSAGE.bin
File/Scenario/SCDATA/TCH/SCM_025_VOICE_MESSAGE.bin
File/Scenario/SCDATA/TCH/SCM_026_VOICE_MESSAGE.bin
File/Scenario/SCDATA/TCH/SCM_027_VOICE_MESSAGE.bin
File/Scenario/SCDATA/TCH/SCM_028_VOICE_MESSAGE.bin
File/Scenario/SCDATA/TCH/SCM_029_VOICE_MESSAGE.bin
File/Scenario/SCDATA/TCH/SCS_000_VOICE_MESSAGE.bin
File/Scenario/SCDATA/TCH/SCS_001_VOICE_MESSAGE.bin
File/Scenario/SCDATA/TCH/SCS_002_VOICE_MESSAGE.bin
File/Scenario/SCDATA/TCH/SCS_003_VOICE_MESSAGE.bin
File/Scenario/SCDATA/TCH/SCS_004_VOICE_MESSAGE.bin
File/Scenario/SCDATA/TCH/SCS_005_VOICE_MESSAGE.bin
File/Scenario/SCDATA/TCH/SCS_006_VOICE_MESSAGE.bin
File/Scenario/SCDATA/TCH/SCS_007_VOICE_MESSAGE.bin
File/Scenario/SCDATA/TCH/SCS_008_VOICE_MESSAGE.bin
File/Scenario/SCDATA/TCH/SCS_009_VOICE_MESSAGE.bin
File/Scenario/SCDATA/TCH/SCS_010_VOICE_MESSAGE.bin
File/Scenario/SCDATA/TCH/SCS_011_VOICE_MESSAGE.bin
File/Scenario/SCDATA/TCH/SCS_012_VOICE_MESSAGE.bin
File/Scenario/SCDATA/TCH/SCS_013_VOICE_MESSAGE.bin
File/Scenario/SCDATA/TCH/SCS_014_VOICE_MESSAGE.bin
File/Scenario/SCDATA/TCH/SCS_015_VOICE_MESSAGE.bin
File/Scenario/SCDATA/TCH/SCS_016_VOICE_MESSAGE.bin
File/Scenario/SCDATA/TCH/SCS_017_VOICE_MESSAGE.bin
File/Scenario/SCDATA/TCH/SCS_018_VOICE_MESSAGE.bin
File/Scenario/SCDATA/TCH/SCS_019_VOICE_MESSAGE.bin
File/Scenario/SCDATA/TCH/SCS_020_VOICE_MESSAGE.bin
File/Scenario/SCDATA/TCH/SCS_021_VOICE_MESSAGE.bin
File/Scenario/SCDATA/TCH/SCS_022_VOICE_MESSAGE.bin
File/Scenario/SCDATA/TCH/SCS_023_VOICE_MESSAGE.bin
File/Scenario/SCDATA/TCH/SCS_024_VOICE_MESSAGE.bin
File/Scenario/SCDATA/TCH/SCS_025_VOICE_MESSAGE.bin
File/Scenario/SCDATA/TCH/SCS_026_VOICE_MESSAGE.bin
File/Scenario/SCDATA/TCH/SCS_027_VOICE_MESSAGE.bin
File/Scenario/SCDATA/TCH/SCS_028_VOICE_MESSAGE.bin
File/Scenario/SCDATA/TCH/SCS_029_VOICE_MESSAGE.bin
File/Scenario/SCDATA/TCH/SCS_030_VOICE_MESSAGE.bin
File/Scenario/SCDATA/TCH/SCS_031_VOICE_MESSAGE.bin
File/Scenario/SCDATA/TCH/SCS_032_VOICE_MESSAGE.bin
File/Scenario/SCDATA/TCH/SCS_033_VOICE_MESSAGE.bin
File/Scenario/SCDATA/TCH/SCS_034_VOICE_MESSAGE.bin
File/Scenario/SCDATA/TCH/SCS_035_VOICE_MESSAGE.bin
File/Scenario/SCDATA/TCH/SCS_036_VOICE_MESSAGE.bin
File/Scenario/SCDATA/TCH/SCS_037_VOICE_MESSAGE.bin
File/Scenario/SCDATA/TCH/SCS_038_VOICE_MESSAGE.bin
File/Scenario/SCDATA/TCH/SCS_039_VOICE_MESSAGE.bin
File/Scenario/SCDATA/TCH/SCS_040_VOICE_MESSAGE.bin
File/Scenario/SCDATA/TCH/SCS_041_VOICE_MESSAGE.bin
File/Scenario/SCDATA/TCH/SCS_042_VOICE_MESSAGE.bin
File/Scenario/SCDATA/TCH/SCS_043_VOICE_MESSAGE.bin
File/Scenario/SCDATA/TCH/SCS_044_VOICE_MESSAGE.bin
File/Scenario/SCDATA/TCH/SCS_045_VOICE_MESSAGE.bin
File/Scenario/SCDATA/TCH/SCS_046_VOICE_MESSAGE.bin
File/Scenario/SCDATA/TCH/SCS_047_VOICE_MESSAGE.bin
File/Scenario/SCDATA/TCH/SCS_048_VOICE_MESSAGE.bin
File/Scenario/SCDATA/TCH/SCS_049_VOICE_MESSAGE.bin
File/Scenario/SCDATA/TCH/SCS_050_VOICE_MESSAGE.bin
File/Scenario/SCDATA/TCH/SCS_051_VOICE_MESSAGE.bin
File/Scenario/SCDATA/TCH/SCS_052_VOICE_MESSAGE.bin
File/Scenario/SCDATA/TCH/SCS_053_VOICE_MESSAGE.bin
File/Scenario/SCDATA/TCH/SCS_054_VOICE_MESSAGE.bin
File/Scenario/SCDATA/TCH/SCS_055_VOICE_MESSAGE.bin
File/Scenario/SCDATA/TCH/SCS_056_VOICE_MESSAGE.bin
File/Scenario/SCDATA/TCH/SCS_057_VOICE_MESSAGE.bin
File/Scenario/SCDATA/TCH/SCS_058_VOICE_MESSAGE.bin
File/Scenario/SCDATA/TCH/SCS_059_VOICE_MESSAGE.bin
File/Scenario/SCDATA/TCH/SCS_060_VOICE_MESSAGE.bin
File/Scenario/SCDATA/TCH/SCS_061_VOICE_MESSAGE.bin
File/Scenario/SCDATA/TCH/SCS_062_VOICE_MESSAGE.bin
File/Scenario/SCDATA/TCH/SCS_063_VOICE_MESSAGE.bin
File/Scenario/SCDATA/TCH/SCS_064_VOICE_MESSAGE.bin
File/Scenario/SCDATA/TCH/SCS_065_VOICE_MESSAGE.bin
File/Scenario/SCDATA/TCH/SCS_066_VOICE_MESSAGE.bin
File/Scenario/SCDATA/TCH/SCS_067_VOICE_MESSAGE.bin
File/Scenario/SCDATA/TCH/SCS_068_VOICE_MESSAGE.bin
File/Scenario/SCDATA/TCH/SCS_069_VOICE_MESSAGE.bin
File/Scenario/SCDATA/TCH/SCS_070_VOICE_MESSAGE.bin
File/Scenario/SCDATA/TCH/SCS_071_VOICE_MESSAGE.bin
File/Scenario/SCDATA/TCH/SCO_000_VOICE_MESSAGE.bin
File/Scenario/SCDATA/TCH/SCO_001_VOICE_MESSAGE.bin
File/Scenario/SCDATA/TCH/SCO_002_VOICE_MESSAGE.bin
File/Scenario/SCDATA/TCH/SCO_003_VOICE_MESSAGE.bin
File/Scenario/SCDATA/TCH/SCO_004_VOICE_MESSAGE.bin
File/Scenario/SCDATA/TCH/SCO_005_VOICE_MESSAGE.bin
File/Scenario/SCDATA/TCH/SCO_006_VOICE_MESSAGE.bin
File/Scenario/SCDATA/TCH/SCO_007_VOICE_MESSAGE.bin
File/Scenario/SCDATA/TCH/SCO_008_VOICE_MESSAGE.bin
File/Scenario/SCDATA/TCH/SCO_009_VOICE_MESSAGE.bin
File/Scenario/SCDATA/HAN/SCM_000_VOICE_MESSAGE.bin
File/Scenario/SCDATA/HAN/SCM_001_VOICE_MESSAGE.bin
File/Scenario/SCDATA/HAN/SCM_002_VOICE_MESSAGE.bin
File/Scenario/SCDATA/HAN/SCM_003_VOICE_MESSAGE.bin
File/Scenario/SCDATA/HAN/SCM_004_VOICE_MESSAGE.bin
File/Scenario/SCDATA/HAN/SCM_005_VOICE_MESSAGE.bin
File/Scenario/SCDATA/HAN/SCM_006_VOICE_MESSAGE.bin
File/Scenario/SCDATA/HAN/SCM_007_VOICE_MESSAGE.bin
File/Scenario/SCDATA/HAN/SCM_008_VOICE_MESSAGE.bin
File/Scenario/SCDATA/HAN/SCM_009_VOICE_MESSAGE.bin
File/Scenario/SCDATA/HAN/SCM_010_VOICE_MESSAGE.bin
File/Scenario/SCDATA/HAN/SCM_011_VOICE_MESSAGE.bin
File/Scenario/SCDATA/HAN/SCM_012_VOICE_MESSAGE.bin
File/Scenario/SCDATA/HAN/SCM_013_VOICE_MESSAGE.bin
File/Scenario/SCDATA/HAN/SCM_014_VOICE_MESSAGE.bin
File/Scenario/SCDATA/HAN/SCM_015_VOICE_MESSAGE.bin
File/Scenario/SCDATA/HAN/SCM_016_VOICE_MESSAGE.bin
File/Scenario/SCDATA/HAN/SCM_017_VOICE_MESSAGE.bin
File/Scenario/SCDATA/HAN/SCM_018_VOICE_MESSAGE.bin
File/Scenario/SCDATA/HAN/SCM_019_VOICE_MESSAGE.bin
File/Scenario/SCDATA/HAN/SCM_020_VOICE_MESSAGE.bin
File/Scenario/SCDATA/HAN/SCM_021_VOICE_MESSAGE.bin
File/Scenario/SCDATA/HAN/SCM_022_VOICE_MESSAGE.bin
File/Scenario/SCDATA/HAN/SCM_023_VOICE_MESSAGE.bin
File/Scenario/SCDATA/HAN/SCM_024_VOICE_MESSAGE.bin
File/Scenario/SCDATA/HAN/SCM_025_VOICE_MESSAGE.bin
File/Scenario/SCDATA/HAN/SCM_026_VOICE_MESSAGE.bin
File/Scenario/SCDATA/HAN/SCM_027_VOICE_MESSAGE.bin
File/Scenario/SCDATA/HAN/SCM_028_VOICE_MESSAGE.bin
File/Scenario/SCDATA/HAN/SCM_029_VOICE_MESSAGE.bin
File/Scenario/SCDATA/HAN/SCS_000_VOICE_MESSAGE.bin
File/Scenario/SCDATA/HAN/SCS_001_VOICE_MESSAGE.bin
File/Scenario/SCDATA/HAN/SCS_002_VOICE_MESSAGE.bin
File/Scenario/SCDATA/HAN/SCS_003_VOICE_MESSAGE.bin
File/Scenario/SCDATA/HAN/SCS_004_VOICE_MESSAGE.bin
File/Scenario/SCDATA/HAN/SCS_005_VOICE_MESSAGE.bin
File/Scenario/SCDATA/HAN/SCS_006_VOICE_MESSAGE.bin
File/Scenario/SCDATA/HAN/SCS_007_VOICE_MESSAGE.bin
File/Scenario/SCDATA/HAN/SCS_008_VOICE_MESSAGE.bin
File/Scenario/SCDATA/HAN/SCS_009_VOICE_MESSAGE.bin
File/Scenario/SCDATA/HAN/SCS_010_VOICE_MESSAGE.bin
File/Scenario/SCDATA/HAN/SCS_011_VOICE_MESSAGE.bin
File/Scenario/SCDATA/HAN/SCS_012_VOICE_MESSAGE.bin
File/Scenario/SCDATA/HAN/SCS_013_VOICE_MESSAGE.bin
File/Scenario/SCDATA/HAN/SCS_014_VOICE_MESSAGE.bin
File/Scenario/SCDATA/HAN/SCS_015_VOICE_MESSAGE.bin
File/Scenario/SCDATA/HAN/SCS_016_VOICE_MESSAGE.bin
File/Scenario/SCDATA/HAN/SCS_017_VOICE_MESSAGE.bin
File/Scenario/SCDATA/HAN/SCS_018_VOICE_MESSAGE.bin
File/Scenario/SCDATA/HAN/SCS_019_VOICE_MESSAGE.bin
File/Scenario/SCDATA/HAN/SCS_020_VOICE_MESSAGE.bin
File/Scenario/SCDATA/HAN/SCS_021_VOICE_MESSAGE.bin
File/Scenario/SCDATA/HAN/SCS_022_VOICE_MESSAGE.bin
File/Scenario/SCDATA/HAN/SCS_023_VOICE_MESSAGE.bin
File/Scenario/SCDATA/HAN/SCS_024_VOICE_MESSAGE.bin
File/Scenario/SCDATA/HAN/SCS_025_VOICE_MESSAGE.bin
File/Scenario/SCDATA/HAN/SCS_026_VOICE_MESSAGE.bin
File/Scenario/SCDATA/HAN/SCS_027_VOICE_MESSAGE.bin
File/Scenario/SCDATA/HAN/SCS_028_VOICE_MESSAGE.bin
File/Scenario/SCDATA/HAN/SCS_029_VOICE_MESSAGE.bin
File/Scenario/SCDATA/HAN/SCS_030_VOICE_MESSAGE.bin
File/Scenario/SCDATA/HAN/SCS_031_VOICE_MESSAGE.bin
File/Scenario/SCDATA/HAN/SCS_032_VOICE_MESSAGE.bin
File/Scenario/SCDATA/HAN/SCS_033_VOICE_MESSAGE.bin
File/Scenario/SCDATA/HAN/SCS_034_VOICE_MESSAGE.bin
File/Scenario/SCDATA/HAN/SCS_035_VOICE_MESSAGE.bin
File/Scenario/SCDATA/HAN/SCS_036_VOICE_MESSAGE.bin
File/Scenario/SCDATA/HAN/SCS_037_VOICE_MESSAGE.bin
File/Scenario/SCDATA/HAN/SCS_038_VOICE_MESSAGE.bin
File/Scenario/SCDATA/HAN/SCS_039_VOICE_MESSAGE.bin
File/Scenario/SCDATA/HAN/SCS_040_VOICE_MESSAGE.bin
File/Scenario/SCDATA/HAN/SCS_041_VOICE_MESSAGE.bin
File/Scenario/SCDATA/HAN/SCS_042_VOICE_MESSAGE.bin
File/Scenario/SCDATA/HAN/SCS_043_VOICE_MESSAGE.bin
File/Scenario/SCDATA/HAN/SCS_044_VOICE_MESSAGE.bin
File/Scenario/SCDATA/HAN/SCS_045_VOICE_MESSAGE.bin
File/Scenario/SCDATA/HAN/SCS_046_VOICE_MESSAGE.bin
File/Scenario/SCDATA/HAN/SCS_047_VOICE_MESSAGE.bin
File/Scenario/SCDATA/HAN/SCS_048_VOICE_MESSAGE.bin
File/Scenario/SCDATA/HAN/SCS_049_VOICE_MESSAGE.bin
File/Scenario/SCDATA/HAN/SCS_050_VOICE_MESSAGE.bin
File/Scenario/SCDATA/HAN/SCS_051_VOICE_MESSAGE.bin
File/Scenario/SCDATA/HAN/SCS_052_VOICE_MESSAGE.bin
File/Scenario/SCDATA/HAN/SCS_053_VOICE_MESSAGE.bin
File/Scenario/SCDATA/HAN/SCS_054_VOICE_MESSAGE.bin
File/Scenario/SCDATA/HAN/SCS_055_VOICE_MESSAGE.bin
File/Scenario/SCDATA/HAN/SCS_056_VOICE_MESSAGE.bin
File/Scenario/SCDATA/HAN/SCS_057_VOICE_MESSAGE.bin
File/Scenario/SCDATA/HAN/SCS_058_VOICE_MESSAGE.bin
File/Scenario/SCDATA/HAN/SCS_059_VOICE_MESSAGE.bin
File/Scenario/SCDATA/HAN/SCS_060_VOICE_MESSAGE.bin
File/Scenario/SCDATA/HAN/SCS_061_VOICE_MESSAGE.bin
File/Scenario/SCDATA/HAN/SCS_062_VOICE_MESSAGE.bin
File/Scenario/SCDATA/HAN/SCS_063_VOICE_MESSAGE.bin
File/Scenario/SCDATA/HAN/SCS_064_VOICE_MESSAGE.bin
File/Scenario/SCDATA/HAN/SCS_065_VOICE_MESSAGE.bin
File/Scenario/SCDATA/HAN/SCS_066_VOICE_MESSAGE.bin
File/Scenario/SCDATA/HAN/SCS_067_VOICE_MESSAGE.bin
File/Scenario/SCDATA/HAN/SCS_068_VOICE_MESSAGE.bin
File/Scenario/SCDATA/HAN/SCS_069_VOICE_MESSAGE.bin
File/Scenario/SCDATA/HAN/SCS_070_VOICE_MESSAGE.bin
File/Scenario/SCDATA/HAN/SCS_071_VOICE_MESSAGE.bin
File/Scenario/SCDATA/HAN/SCO_000_VOICE_MESSAGE.bin
File/Scenario/SCDATA/HAN/SCO_001_VOICE_MESSAGE.bin
File/Scenario/SCDATA/HAN/SCO_002_VOICE_MESSAGE.bin
File/Scenario/SCDATA/HAN/SCO_003_VOICE_MESSAGE.bin
File/Scenario/SCDATA/HAN/SCO_004_VOICE_MESSAGE.bin
File/Scenario/SCDATA/HAN/SCO_005_VOICE_MESSAGE.bin
File/Scenario/SCDATA/HAN/SCO_006_VOICE_MESSAGE.bin
File/Scenario/SCDATA/HAN/SCO_007_VOICE_MESSAGE.bin
File/Scenario/SCDATA/HAN/SCO_008_VOICE_MESSAGE.bin
File/Scenario/SCDATA/HAN/SCO_009_VOICE_MESSAGE.bin
File/Scenario/CharacterScenario/TEXT/TCH/SS_VoiceText.bin
File/Scenario/CharacterScenario/TEXT/HAN/SS_VoiceText.bin
File/Scenario/SystemMessage/TCH/SYSMES.BIN
File/Scenario/SystemMessage/HAN/SYSMES.BIN
File/Daily/Message/TCH/DailyMessage.bin.ZL_
File/Daily/Message/HAN/DailyMessage.bin.ZL_
File/Event/Talk/TEXT/TCH/TK_VoiceText.bin
File/Event/Talk/TEXT/HAN/TK_VoiceText.bin
File/Event/Subtitle/TEXT/TCH/MV_VoiceText.bin
File/Event/Subtitle/TEXT/HAN/MV_VoiceText.bin
File/Event/STAFFROLL/TEXT/TCH/TEXT_SR000.bin
File/Event/STAFFROLL/TEXT/HAN/TEXT_SR000.bin
File/System/AS/ICON0.PNG
File/System/AS/ICON0_09.PNG
File/Debug/Dummy/dummy_region.bin
