File/String/JPN/DataStrUI.bin.ZL_
File/String/JPN/DataStrCharacter.bin.ZL_
File/String/JPN/DataStrCharaEpisode.bin.ZL_
File/String/JPN/DataStrScenario.bin.ZL_
File/String/JPN/DataStrDaily.bin.ZL_
File/String/JPN/DataStrJournal.bin.ZL_
File/String/JPN/DataStrAdvancement.bin.ZL_
File/String/JPN/DataStrGallery.bin.ZL_
File/String/JPN/DataStrPlatform.bin.ZL_
File/String/JPN/DataStrEudc.bin.ZL_
File/String/JPN/DataStrExpedition.bin.ZL_
File/String/JPN/DataStrTag.bin.ZL_
File/String/JPN/DataStrDLCList.bin.ZL_
File/String/JPN/DataStrDLC.bin.ZL_
File/UI/JPN/CommonParts.g1t.ZL_
File/UI/JPN/CommonPartsLayout.bin
File/UI/JPN/Battle.g1t.ZL_
File/UI/JPN/BattleLayout.bin
File/UI/JPN/Daily.g1t.ZL_
File/UI/JPN/DailyLayout.bin
File/UI/JPN/Manual/manual_00_E.g1t.ZL_
File/UI/JPN/Manual/manual_01_E.g1t.ZL_
File/UI/JPN/Manual/manual_02_E.g1t.ZL_
File/UI/JPN/Manual/manual_03_E.g1t.ZL_
File/UI/JPN/Manual/manual_04_E.g1t.ZL_
File/UI/JPN/Manual/manual_05_E.g1t.ZL_
File/UI/JPN/Manual/manual_06_E.g1t.ZL_
File/UI/JPN/Manual/manual_07_E.g1t.ZL_
File/UI/JPN/Manual/manual_08_E.g1t.ZL_
File/UI/JPN/Manual/manual_09_E.g1t.ZL_
File/UI/JPN/Manual/manual_10_E.g1t.ZL_
File/UI/JPN/Manual/manual_11_E.g1t.ZL_
File/UI/JPN/Manual/manual_12_E.g1t.ZL_
File/UI/JPN/Manual/manual_13_E.g1t.ZL_
File/UI/JPN/Manual/manual_14_E.g1t.ZL_
File/UI/JPN/Manual/manual_15_E.g1t.ZL_
File/UI/JPN/OnlineInGame.g1t.ZL_
File/UI/JPN/OnlineInGameLayout.bin
File/UI/JPN/Result.g1t.ZL_
File/UI/JPN/ResultLayout.bin
File/UI/JPN/Tutorial/tutorial_043.g1t.ZL_
File/UI/JPN/Tutorial/tutorial_110.g1t.ZL_
File/UI/JPN/Tutorial/tutorial_111.g1t.ZL_
File/UI/JPN/Tutorial/tutorial_112.g1t.ZL_
File/UI/JPN/Tutorial/tutorial_113.g1t.ZL_
File/UI/JPN/Tutorial/tutorial_114.g1t.ZL_
File/UI/JPN/Tutorial/tutorial_115.g1t.ZL_
File/UI/JPN/Tutorial/tutorial_116.g1t.ZL_
File/UI/JPN/Tutorial/tutorial_117.g1t.ZL_
File/UI/JPN/Tutorial/tutorial_118.g1t.ZL_
File/UI/JPN/Tutorial/tutorial_119.g1t.ZL_
File/UI/JPN/Tutorial/tutorial_120.g1t.ZL_
File/UI/JPN/Tutorial/tutorial_121.g1t.ZL_
File/UI/JPN/Tutorial/tutorial_122.g1t.ZL_
File/UI/JPN/Tutorial/tutorial_123.g1t.ZL_
File/UI/JPN/Tutorial/tutorial_124.g1t.ZL_
File/UI/JPN/Tutorial/tutorial_125.g1t.ZL_
File/UI/JPN/Tutorial/tutorial_126.g1t.ZL_
File/UI/JPN/Tutorial/tutorial_127.g1t.ZL_
File/UI/JPN/Tutorial/tutorial_128.g1t.ZL_
File/UI/JPN/Tutorial/tutorial_129.g1t.ZL_
File/UI/JPN/Tutorial/tutorial_130.g1t.ZL_
File/UI/JPN/Tutorial/tutorial_131.g1t.ZL_
File/UI/JPN/Tutorial/tutorial_132.g1t.ZL_
File/UI/JPN/Tutorial/tutorial_133.g1t.ZL_
File/UI/JPN/Tutorial/tutorial_134.g1t.ZL_
File/UI/JPN/Tutorial/tutorial_135.g1t.ZL_
File/UI/JPN/Tutorial/tutorial_136.g1t.ZL_
File/UI/JPN/Tutorial/tutorial_137.g1t.ZL_
File/UI/JPN/Tutorial/tutorial_138.g1t.ZL_
File/UI/JPN/Tutorial/tutorial_139.g1t.ZL_
File/UI/JPN/Tutorial/tutorial_140.g1t.ZL_
File/UI/JPN/Tutorial/tutorial_141.g1t.ZL_
File/UI/JPN/Tutorial/tutorial_142.g1t.ZL_
File/UI/JPN/Tutorial/tutorial_143.g1t.ZL_
File/UI/JPN/Tutorial/tutorial_144.g1t.ZL_
File/UI/JPN/Tutorial/tutorial_145.g1t.ZL_
File/UI/JPN/Tutorial/tutorial_146.g1t.ZL_
File/UI/JPN/Tutorial/tutorial_147.g1t.ZL_
File/UI/JPN/Tutorial/tutorial_148.g1t.ZL_
File/UI/JPN/Tutorial/tutorial_149.g1t.ZL_
File/UI/JPN/Tutorial/tutorial_150.g1t.ZL_
File/UI/JPN/Tutorial/tutorial_151.g1t.ZL_
File/UI/JPN/Tutorial/tutorial_152.g1t.ZL_
File/UI/JPN/Tutorial/tutorial_153.g1t.ZL_
File/UI/JPN/Tutorial/tutorial_154.g1t.ZL_
File/UI/JPN/Tutorial/tutorial_155.g1t.ZL_
File/UI/JPN/Tutorial/tutorial_156.g1t.ZL_
File/UI/JPN/Tutorial/tutorial_157.g1t.ZL_
File/UI/JPN/Tutorial/tutorial_158.g1t.ZL_
File/UI/JPN/Tutorial/tutorial_159.g1t.ZL_
File/UI/JPN/StaffRoll/staffroll_00_E.g1t.ZL_
File/UI/JPN/StaffRoll/staffroll_01_E.g1t.ZL_
File/UI/JPN/StaffRoll/staffroll_02_E.g1t.ZL_
File/UI/JPN/StaffRoll/staffroll_03_E.g1t.ZL_
File/UI/JPN/StaffRoll/staffroll_04_E.g1t.ZL_
File/UI/JPN/StaffRoll/staffroll_05_E.g1t.ZL_
File/UI/JPN/StaffRoll/staffroll_06_E.g1t.ZL_
File/UI/JPN/StaffRoll/staffroll_07_E.g1t.ZL_
File/UI/JPN/StaffRoll/staffroll_08_E.g1t.ZL_
File/UI/JPN/StaffRoll/staffroll_09_E.g1t.ZL_
File/UI/JPN/StaffRoll/staffroll_10_E.g1t.ZL_
File/UI/JPN/StaffRoll/staffroll_11_E.g1t.ZL_
File/UI/JPN/StaffRoll/staffroll_12_E.g1t.ZL_
File/UI/JPN/StaffRoll/staffroll_13_E.g1t.ZL_
File/UI/JPN/StaffRoll/staffroll_14_E.g1t.ZL_
File/UI/JPN/StaffRoll/staffroll_15_E.g1t.ZL_
File/UI/JPN/StaffRoll/staffroll_16_E.g1t.ZL_
File/UI/JPN/StaffRoll/staffroll_17_E.g1t.ZL_
File/UI/JPN/StaffRoll/staffroll_18_E.g1t.ZL_
File/UI/JPN/StaffRoll/staffroll_19_E.g1t.ZL_
File/UI/JPN/StaffRoll/staffroll_20_E.g1t.ZL_
File/UI/JPN/StaffRoll/staffroll_21_E.g1t.ZL_
File/UI/JPN/StaffRoll/staffroll_22_E.g1t.ZL_
File/UI/JPN/StaffRoll/staffroll_23_E.g1t.ZL_
File/UI/JPN/StaffRoll/staffroll_24_E.g1t.ZL_
File/UI/JPN/StaffRoll/staffroll_25_E.g1t.ZL_
File/UI/JPN/StaffRoll/staffroll_copylight_E.g1t.ZL_
File/UI/JPN/StaffRoll/staffroll_generalproducer_E.g1t.ZL_
File/UI/JPN/StaffRoll/staffroll_producer_E.g1t.ZL_
File/Scenario/SCDATA/JPN/SCC_000_TEXT_MESSAGE.bin
File/Scenario/SCDATA/JPN/SCC_001_TEXT_MESSAGE.bin
File/Scenario/SCDATA/JPN/SCC_002_TEXT_MESSAGE.bin
File/Scenario/SCDATA/JPN/SCC_003_TEXT_MESSAGE.bin
File/Scenario/SCDATA/JPN/SCC_004_TEXT_MESSAGE.bin
File/Scenario/SCDATA/JPN/SCC_005_TEXT_MESSAGE.bin
File/Scenario/SCDATA/JPN/SCC_006_TEXT_MESSAGE.bin
File/Scenario/SCDATA/JPN/SCC_007_TEXT_MESSAGE.bin
File/Scenario/SCDATA/JPN/SCC_008_TEXT_MESSAGE.bin
File/Scenario/SCDATA/JPN/SCC_009_TEXT_MESSAGE.bin
File/Scenario/SCDATA/JPN/SCC_010_TEXT_MESSAGE.bin
File/Scenario/SCDATA/JPN/SCC_011_TEXT_MESSAGE.bin
File/Scenario/SCDATA/JPN/SCC_012_TEXT_MESSAGE.bin
File/Scenario/SCDATA/JPN/SCC_013_TEXT_MESSAGE.bin
File/Scenario/SCDATA/JPN/SCC_014_TEXT_MESSAGE.bin
File/Scenario/SCDATA/JPN/SCC_015_TEXT_MESSAGE.bin
File/Scenario/SCDATA/JPN/SCC_016_TEXT_MESSAGE.bin
File/Scenario/SCDATA/JPN/SCC_017_TEXT_MESSAGE.bin
File/Scenario/SCDATA/JPN/SCC_018_TEXT_MESSAGE.bin
File/Scenario/SCDATA/JPN/SCC_019_TEXT_MESSAGE.bin
File/Scenario/SCDATA/JPN/SCC_020_TEXT_MESSAGE.bin
File/Scenario/SCDATA/JPN/SCC_021_TEXT_MESSAGE.bin
File/Scenario/SCDATA/JPN/SCC_022_TEXT_MESSAGE.bin
File/Scenario/SCDATA/JPN/SCC_023_TEXT_MESSAGE.bin
File/Scenario/SCDATA/JPN/SCC_024_TEXT_MESSAGE.bin
File/Scenario/SCDATA/JPN/SCC_025_TEXT_MESSAGE.bin
File/Scenario/SCDATA/JPN/SCW_000_TEXT_MESSAGE.bin
File/Scenario/SCDATA/JPN/SCW_001_TEXT_MESSAGE.bin
File/Scenario/SCDATA/JPN/SCW_002_TEXT_MESSAGE.bin
File/Scenario/SCDATA/JPN/SCW_003_TEXT_MESSAGE.bin
File/Scenario/SCDATA/JPN/SCW_004_TEXT_MESSAGE.bin
File/Scenario/SCDATA/JPN/SCW_005_TEXT_MESSAGE.bin
File/Scenario/SCDATA/JPN/SCW_006_TEXT_MESSAGE.bin
File/Scenario/SCDATA/JPN/SCW_007_TEXT_MESSAGE.bin
File/Scenario/SCDATA/JPN/SCW_008_TEXT_MESSAGE.bin
File/Scenario/SCDATA/JPN/SCW_009_TEXT_MESSAGE.bin
File/Scenario/SCDATA/JPN/SCW_010_TEXT_MESSAGE.bin
File/Scenario/SCDATA/JPN/SCW_011_TEXT_MESSAGE.bin
File/Scenario/SCDATA/JPN/SCW_012_TEXT_MESSAGE.bin
File/Scenario/SCDATA/JPN/SCW_013_TEXT_MESSAGE.bin
File/Scenario/SCDATA/JPN/SCW_014_TEXT_MESSAGE.bin
File/Scenario/SCDATA/JPN/SCW_015_TEXT_MESSAGE.bin
File/Scenario/SCDATA/JPN/SCW_016_TEXT_MESSAGE.bin
File/Scenario/SCDATA/JPN/SCW_017_TEXT_MESSAGE.bin
File/Scenario/SCDATA/JPN/SCW_018_TEXT_MESSAGE.bin
File/Scenario/SCDATA/JPN/SCW_019_TEXT_MESSAGE.bin
File/Scenario/SCDATA/JPN/SCW_020_TEXT_MESSAGE.bin
File/Scenario/SCDATA/JPN/SCW_021_TEXT_MESSAGE.bin
File/Scenario/SCDATA/JPN/SCW_022_TEXT_MESSAGE.bin
File/Scenario/SCDATA/JPN/SCW_023_TEXT_MESSAGE.bin
File/Scenario/SCDATA/JPN/SCW_024_TEXT_MESSAGE.bin
File/Scenario/SCDATA/JPN/SCW_025_TEXT_MESSAGE.bin
File/Scenario/SCDATA/JPN/SCW_026_TEXT_MESSAGE.bin
File/Scenario/SCDATA/JPN/SCW_027_TEXT_MESSAGE.bin
File/Scenario/SCDATA/JPN/SCW_028_TEXT_MESSAGE.bin
File/Scenario/SCDATA/JPN/SCW_029_TEXT_MESSAGE.bin
File/Scenario/SCDATA/JPN/SCW_030_TEXT_MESSAGE.bin
File/Scenario/SCDATA/JPN/SCW_031_TEXT_MESSAGE.bin
File/Scenario/SCDATA/JPN/SCW_032_TEXT_MESSAGE.bin
File/Scenario/SCDATA/JPN/SCW_033_TEXT_MESSAGE.bin
File/Scenario/SCDATA/JPN/SCW_034_TEXT_MESSAGE.bin
File/Scenario/SCDATA/JPN/SCW_035_TEXT_MESSAGE.bin
File/Scenario/SCDATA/JPN/SCW_036_TEXT_MESSAGE.bin
File/Scenario/SCDATA/JPN/SCW_037_TEXT_MESSAGE.bin
File/Scenario/SCDATA/JPN/SCW_038_TEXT_MESSAGE.bin
File/Scenario/SCDATA/JPN/SCW_039_TEXT_MESSAGE.bin
File/Scenario/SCDATA/JPN/SCW_040_TEXT_MESSAGE.bin
File/Scenario/SCDATA/JPN/SCW_041_TEXT_MESSAGE.bin
File/Scenario/SCDATA/JPN/SCW_042_TEXT_MESSAGE.bin
File/Scenario/SCDATA/JPN/SCW_043_TEXT_MESSAGE.bin
File/Scenario/SCDATA/JPN/SCW_044_TEXT_MESSAGE.bin
File/Scenario/SCDATA/JPN/SCW_045_TEXT_MESSAGE.bin
File/Scenario/SCDATA/JPN/SCW_046_TEXT_MESSAGE.bin
File/Scenario/SCDATA/JPN/SCW_047_TEXT_MESSAGE.bin
File/Scenario/SCDATA/JPN/SCC_000_VOICE_MESSAGE.bin
File/Scenario/SCDATA/JPN/SCC_001_VOICE_MESSAGE.bin
File/Scenario/SCDATA/JPN/SCC_002_VOICE_MESSAGE.bin
File/Scenario/SCDATA/JPN/SCC_003_VOICE_MESSAGE.bin
File/Scenario/SCDATA/JPN/SCC_004_VOICE_MESSAGE.bin
File/Scenario/SCDATA/JPN/SCC_005_VOICE_MESSAGE.bin
File/Scenario/SCDATA/JPN/SCC_006_VOICE_MESSAGE.bin
File/Scenario/SCDATA/JPN/SCC_007_VOICE_MESSAGE.bin
File/Scenario/SCDATA/JPN/SCC_008_VOICE_MESSAGE.bin
File/Scenario/SCDATA/JPN/SCC_009_VOICE_MESSAGE.bin
File/Scenario/SCDATA/JPN/SCC_010_VOICE_MESSAGE.bin
File/Scenario/SCDATA/JPN/SCC_011_VOICE_MESSAGE.bin
File/Scenario/SCDATA/JPN/SCC_012_VOICE_MESSAGE.bin
File/Scenario/SCDATA/JPN/SCC_013_VOICE_MESSAGE.bin
File/Scenario/SCDATA/JPN/SCC_014_VOICE_MESSAGE.bin
File/Scenario/SCDATA/JPN/SCC_015_VOICE_MESSAGE.bin
File/Scenario/SCDATA/JPN/SCC_016_VOICE_MESSAGE.bin
File/Scenario/SCDATA/JPN/SCC_017_VOICE_MESSAGE.bin
File/Scenario/SCDATA/JPN/SCC_018_VOICE_MESSAGE.bin
File/Scenario/SCDATA/JPN/SCC_019_VOICE_MESSAGE.bin
File/Scenario/SCDATA/JPN/SCC_020_VOICE_MESSAGE.bin
File/Scenario/SCDATA/JPN/SCC_021_VOICE_MESSAGE.bin
File/Scenario/SCDATA/JPN/SCC_022_VOICE_MESSAGE.bin
File/Scenario/SCDATA/JPN/SCC_023_VOICE_MESSAGE.bin
File/Scenario/SCDATA/JPN/SCC_024_VOICE_MESSAGE.bin
File/Scenario/SCDATA/JPN/SCC_025_VOICE_MESSAGE.bin
File/Scenario/SCDATA/JPN/SCW_000_VOICE_MESSAGE.bin
File/Scenario/SCDATA/JPN/SCW_001_VOICE_MESSAGE.bin
File/Scenario/SCDATA/JPN/SCW_002_VOICE_MESSAGE.bin
File/Scenario/SCDATA/JPN/SCW_003_VOICE_MESSAGE.bin
File/Scenario/SCDATA/JPN/SCW_004_VOICE_MESSAGE.bin
File/Scenario/SCDATA/JPN/SCW_005_VOICE_MESSAGE.bin
File/Scenario/SCDATA/JPN/SCW_006_VOICE_MESSAGE.bin
File/Scenario/SCDATA/JPN/SCW_007_VOICE_MESSAGE.bin
File/Scenario/SCDATA/JPN/SCW_008_VOICE_MESSAGE.bin
File/Scenario/SCDATA/JPN/SCW_009_VOICE_MESSAGE.bin
File/Scenario/SCDATA/JPN/SCW_010_VOICE_MESSAGE.bin
File/Scenario/SCDATA/JPN/SCW_011_VOICE_MESSAGE.bin
File/Scenario/SCDATA/JPN/SCW_012_VOICE_MESSAGE.bin
File/Scenario/SCDATA/JPN/SCW_013_VOICE_MESSAGE.bin
File/Scenario/SCDATA/JPN/SCW_014_VOICE_MESSAGE.bin
File/Scenario/SCDATA/JPN/SCW_015_VOICE_MESSAGE.bin
File/Scenario/SCDATA/JPN/SCW_016_VOICE_MESSAGE.bin
File/Scenario/SCDATA/JPN/SCW_017_VOICE_MESSAGE.bin
File/Scenario/SCDATA/JPN/SCW_018_VOICE_MESSAGE.bin
File/Scenario/SCDATA/JPN/SCW_019_VOICE_MESSAGE.bin
File/Scenario/SCDATA/JPN/SCW_020_VOICE_MESSAGE.bin
File/Scenario/SCDATA/JPN/SCW_021_VOICE_MESSAGE.bin
File/Scenario/SCDATA/JPN/SCW_022_VOICE_MESSAGE.bin
File/Scenario/SCDATA/JPN/SCW_023_VOICE_MESSAGE.bin
File/Scenario/SCDATA/JPN/SCW_024_VOICE_MESSAGE.bin
File/Scenario/SCDATA/JPN/SCW_025_VOICE_MESSAGE.bin
File/Scenario/SCDATA/JPN/SCW_026_VOICE_MESSAGE.bin
File/Scenario/SCDATA/JPN/SCW_027_VOICE_MESSAGE.bin
File/Scenario/SCDATA/JPN/SCW_028_VOICE_MESSAGE.bin
File/Scenario/SCDATA/JPN/SCW_029_VOICE_MESSAGE.bin
File/Scenario/SCDATA/JPN/SCW_030_VOICE_MESSAGE.bin
File/Scenario/SCDATA/JPN/SCW_031_VOICE_MESSAGE.bin
File/Scenario/SCDATA/JPN/SCW_032_VOICE_MESSAGE.bin
File/Scenario/SCDATA/JPN/SCW_033_VOICE_MESSAGE.bin
File/Scenario/SCDATA/JPN/SCW_034_VOICE_MESSAGE.bin
File/Scenario/SCDATA/JPN/SCW_035_VOICE_MESSAGE.bin
File/Scenario/SCDATA/JPN/SCW_036_VOICE_MESSAGE.bin
File/Scenario/SCDATA/JPN/SCW_037_VOICE_MESSAGE.bin
File/Scenario/SCDATA/JPN/SCW_038_VOICE_MESSAGE.bin
File/Scenario/SCDATA/JPN/SCW_039_VOICE_MESSAGE.bin
File/Scenario/SCDATA/JPN/SCW_040_VOICE_MESSAGE.bin
File/Scenario/SCDATA/JPN/SCW_041_VOICE_MESSAGE.bin
File/Scenario/SCDATA/JPN/SCW_042_VOICE_MESSAGE.bin
File/Scenario/SCDATA/JPN/SCW_043_VOICE_MESSAGE.bin
File/Scenario/SCDATA/JPN/SCW_044_VOICE_MESSAGE.bin
File/Scenario/SCDATA/JPN/SCW_045_VOICE_MESSAGE.bin
File/Scenario/SCDATA/JPN/SCW_046_VOICE_MESSAGE.bin
File/Scenario/SCDATA/JPN/SCW_047_VOICE_MESSAGE.bin
File/Scenario/SystemMessage/JPN/SYSMES.BIN
File/Scenario/InvitationEvent/TEXT/JPN/SS_VoiceText.bin
File/Daily/Message/JPN/DailyMessage.bin.ZL_
File/Event/Talk/TEXT/JPN/TK_VoiceText.bin
File/Event/Mix/Text/JPN/MX_VoiceText.bin
File/Event/Subtitle/TEXT/JPN/MV_VoiceText.bin
