File/String/JPN/DataStrUI.bin.ZL_
File/String/JPN/DataStrAction.bin.ZL_
File/String/JPN/DataStrCharacter.bin.ZL_
File/String/JPN/DataStrScenario.bin.ZL_
File/String/JPN/DataStrDaily.bin.ZL_
File/String/JPN/DataStrJournal.bin.ZL_
File/String/JPN/DataStrAdvancement.bin.ZL_
File/String/JPN/DataStrGallery.bin.ZL_
File/String/JPN/DataStrPlatform.bin.ZL_
File/String/JPN/DataStrEudc.bin.ZL_
File/String/JPN/DataStrTag.bin.ZL_
File/String/JPN/DataStrTest.bin.ZL_
File/UI/JPN/CommonParts.g1t.ZL_
File/UI/JPN/CommonPartsLayout.bin
File/UI/JPN/Battle.g1t.ZL_
File/UI/JPN/BattleLayout.bin
File/UI/JPN/CharacterSelect.g1t.ZL_
File/UI/JPN/CharacterSelectLayout.bin
File/UI/JPN/Daily.g1t.ZL_
File/UI/JPN/DailyLayout.bin
File/UI/JPN/Manual/manual_00.g1t.ZL_
File/UI/JPN/Manual/manual_01.g1t.ZL_
File/UI/JPN/Manual/manual_02.g1t.ZL_
File/UI/JPN/Manual/manual_03.g1t.ZL_
File/UI/JPN/Manual/manual_04.g1t.ZL_
File/UI/JPN/Manual/manual_05.g1t.ZL_
File/UI/JPN/Manual/manual_06.g1t.ZL_
File/UI/JPN/Manual/manual_07.g1t.ZL_
File/UI/JPN/Manual/manual_08.g1t.ZL_
File/UI/JPN/Manual/manual_09.g1t.ZL_
File/UI/JPN/OnlineInGame.g1t.ZL_
File/UI/JPN/OnlineInGameLayout.bin
File/UI/JPN/Result.g1t.ZL_
File/UI/JPN/ResultLayout.bin
File/UI/JPN/Tutorial/tutorial_000.g1t.ZL_
File/UI/JPN/Tutorial/tutorial_001.g1t.ZL_
File/UI/JPN/Tutorial/tutorial_002.g1t.ZL_
File/UI/JPN/Tutorial/tutorial_003.g1t.ZL_
File/UI/JPN/Tutorial/tutorial_004.g1t.ZL_
File/UI/JPN/Tutorial/tutorial_005.g1t.ZL_
File/UI/JPN/Tutorial/tutorial_006.g1t.ZL_
File/UI/JPN/Tutorial/tutorial_007.g1t.ZL_
File/UI/JPN/Tutorial/tutorial_008.g1t.ZL_
File/UI/JPN/Tutorial/tutorial_009.g1t.ZL_
File/UI/JPN/Tutorial/tutorial_010.g1t.ZL_
File/UI/JPN/Tutorial/tutorial_011.g1t.ZL_
File/UI/JPN/Tutorial/tutorial_012.g1t.ZL_
File/UI/JPN/Tutorial/tutorial_013.g1t.ZL_
File/UI/JPN/Tutorial/tutorial_014.g1t.ZL_
File/UI/JPN/Tutorial/tutorial_015.g1t.ZL_
File/UI/JPN/Tutorial/tutorial_016.g1t.ZL_
File/UI/JPN/Tutorial/tutorial_017.g1t.ZL_
File/UI/JPN/Tutorial/tutorial_018.g1t.ZL_
File/UI/JPN/Tutorial/tutorial_019.g1t.ZL_
File/UI/JPN/Tutorial/tutorial_020.g1t.ZL_
File/UI/JPN/Tutorial/tutorial_021.g1t.ZL_
File/UI/JPN/Tutorial/tutorial_022.g1t.ZL_
File/UI/JPN/Tutorial/tutorial_023.g1t.ZL_
File/UI/JPN/Tutorial/tutorial_024.g1t.ZL_
File/UI/JPN/Tutorial/tutorial_025.g1t.ZL_
File/UI/JPN/Tutorial/tutorial_026.g1t.ZL_
File/UI/JPN/Tutorial/tutorial_027.g1t.ZL_
File/UI/JPN/Tutorial/tutorial_028.g1t.ZL_
File/UI/JPN/Tutorial/tutorial_029.g1t.ZL_
File/UI/JPN/Tutorial/tutorial_030.g1t.ZL_
File/UI/JPN/Tutorial/tutorial_031.g1t.ZL_
File/UI/JPN/Tutorial/tutorial_032.g1t.ZL_
File/UI/JPN/Tutorial/tutorial_033.g1t.ZL_
File/UI/JPN/Tutorial/tutorial_034.g1t.ZL_
File/UI/JPN/Tutorial/tutorial_035.g1t.ZL_
File/UI/JPN/Tutorial/tutorial_036.g1t.ZL_
File/UI/JPN/Tutorial/tutorial_037.g1t.ZL_
File/UI/JPN/Tutorial/tutorial_038.g1t.ZL_
File/UI/JPN/Tutorial/tutorial_039.g1t.ZL_
File/UI/JPN/Tutorial/tutorial_040.g1t.ZL_
File/UI/JPN/Tutorial/tutorial_041.g1t.ZL_
File/UI/JPN/Tutorial/tutorial_042.g1t.ZL_
File/UI/JPN/Tutorial/tutorial_043.g1t.ZL_
File/UI/JPN/Tutorial/tutorial_044.g1t.ZL_
File/UI/JPN/Tutorial/tutorial_045.g1t.ZL_
File/UI/JPN/Tutorial/tutorial_046.g1t.ZL_
File/UI/JPN/Tutorial/tutorial_047.g1t.ZL_
File/UI/JPN/Tutorial/tutorial_048.g1t.ZL_
File/UI/JPN/Tutorial/tutorial_049.g1t.ZL_
File/UI/JPN/Tutorial/tutorial_050.g1t.ZL_
File/UI/JPN/Tutorial/tutorial_051.g1t.ZL_
File/UI/JPN/Tutorial/tutorial_052.g1t.ZL_
File/UI/JPN/Tutorial/tutorial_053.g1t.ZL_
File/UI/JPN/Tutorial/tutorial_054.g1t.ZL_
File/UI/JPN/Tutorial/tutorial_055.g1t.ZL_
File/UI/JPN/Tutorial/tutorial_056.g1t.ZL_
File/UI/JPN/Tutorial/tutorial_057.g1t.ZL_
File/UI/JPN/Tutorial/tutorial_058.g1t.ZL_
File/UI/JPN/Tutorial/tutorial_059.g1t.ZL_
File/UI/JPN/Tutorial/tutorial_060.g1t.ZL_
File/UI/JPN/Tutorial/tutorial_061.g1t.ZL_
File/UI/JPN/Tutorial/tutorial_062.g1t.ZL_
File/UI/JPN/Tutorial/tutorial_063.g1t.ZL_
File/UI/JPN/Tutorial/tutorial_064.g1t.ZL_
File/UI/JPN/Tutorial/tutorial_065.g1t.ZL_
File/UI/JPN/Tutorial/tutorial_066.g1t.ZL_
File/UI/JPN/Tutorial/tutorial_067.g1t.ZL_
File/UI/JPN/Tutorial/tutorial_068.g1t.ZL_
File/UI/JPN/Tutorial/tutorial_069.g1t.ZL_
File/UI/JPN/Tutorial/tutorial_070.g1t.ZL_
File/UI/JPN/Tutorial/tutorial_071.g1t.ZL_
File/UI/JPN/Tutorial/tutorial_072.g1t.ZL_
File/UI/JPN/Tutorial/tutorial_073.g1t.ZL_
File/UI/JPN/Tutorial/tutorial_074.g1t.ZL_
File/UI/JPN/Tutorial/tutorial_075.g1t.ZL_
File/UI/JPN/Tutorial/tutorial_076.g1t.ZL_
File/UI/JPN/Tutorial/tutorial_077.g1t.ZL_
File/UI/JPN/Tutorial/tutorial_078.g1t.ZL_
File/UI/JPN/Tutorial/tutorial_079.g1t.ZL_
File/UI/JPN/Tutorial/tutorial_080.g1t.ZL_
File/UI/JPN/Tutorial/tutorial_081.g1t.ZL_
File/UI/JPN/Tutorial/tutorial_082.g1t.ZL_
File/UI/JPN/Tutorial/tutorial_083.g1t.ZL_
File/UI/JPN/Tutorial/tutorial_084.g1t.ZL_
File/UI/JPN/Tutorial/tutorial_085.g1t.ZL_
File/UI/JPN/Tutorial/tutorial_086.g1t.ZL_
File/UI/JPN/Tutorial/tutorial_087.g1t.ZL_
File/UI/JPN/Tutorial/tutorial_088.g1t.ZL_
File/UI/JPN/Tutorial/tutorial_089.g1t.ZL_
File/UI/JPN/Tutorial/tutorial_090.g1t.ZL_
File/UI/JPN/Tutorial/tutorial_091.g1t.ZL_
File/UI/JPN/Tutorial/tutorial_092.g1t.ZL_
File/UI/JPN/Tutorial/tutorial_093.g1t.ZL_
File/UI/JPN/Tutorial/tutorial_094.g1t.ZL_
File/UI/JPN/Tutorial/tutorial_095.g1t.ZL_
File/UI/JPN/Tutorial/tutorial_096.g1t.ZL_
File/UI/JPN/Tutorial/tutorial_097.g1t.ZL_
File/UI/JPN/Tutorial/tutorial_098.g1t.ZL_
File/UI/JPN/Tutorial/tutorial_099.g1t.ZL_
File/UI/JPN/Tutorial/tutorial_100.g1t.ZL_
File/UI/JPN/Tutorial/tutorial_101.g1t.ZL_
File/UI/JPN/Tutorial/tutorial_102.g1t.ZL_
File/UI/JPN/Tutorial/tutorial_103.g1t.ZL_
File/UI/JPN/Tutorial/tutorial_104.g1t.ZL_
File/UI/JPN/Tutorial/tutorial_105.g1t.ZL_
File/UI/JPN/Tutorial/tutorial_106.g1t.ZL_
File/UI/JPN/Tutorial/tutorial_107.g1t.ZL_
File/UI/JPN/Tutorial/tutorial_108.g1t.ZL_
File/UI/JPN/Tutorial/tutorial_109.g1t.ZL_
File/UI/JPN/Tutorial/tutorial_110.g1t.ZL_
File/UI/JPN/Tutorial/tutorial_111.g1t.ZL_
File/UI/JPN/Tutorial/tutorial_112.g1t.ZL_
File/UI/JPN/Tutorial/tutorial_113.g1t.ZL_
File/UI/JPN/Tutorial/tutorial_114.g1t.ZL_
File/UI/JPN/Tutorial/tutorial_115.g1t.ZL_
File/UI/JPN/Tutorial/tutorial_116.g1t.ZL_
File/UI/JPN/Tutorial/tutorial_117.g1t.ZL_
File/UI/JPN/Tutorial/tutorial_118.g1t.ZL_
File/UI/JPN/Tutorial/tutorial_119.g1t.ZL_
File/UI/JPN/Warning.g1t.ZL_
File/UI/JPN/StaffRoll/staffroll_00.g1t.ZL_
File/UI/JPN/StaffRoll/staffroll_01.g1t.ZL_
File/UI/JPN/StaffRoll/staffroll_02.g1t.ZL_
File/UI/JPN/StaffRoll/staffroll_03.g1t.ZL_
File/UI/JPN/StaffRoll/staffroll_04.g1t.ZL_
File/UI/JPN/StaffRoll/staffroll_05.g1t.ZL_
File/UI/JPN/StaffRoll/staffroll_06.g1t.ZL_
File/UI/JPN/StaffRoll/staffroll_07.g1t.ZL_
File/UI/JPN/StaffRoll/staffroll_08.g1t.ZL_
File/UI/JPN/StaffRoll/staffroll_09.g1t.ZL_
File/UI/JPN/StaffRoll/staffroll_10.g1t.ZL_
File/UI/JPN/StaffRoll/staffroll_11.g1t.ZL_
File/UI/JPN/StaffRoll/staffroll_12.g1t.ZL_
File/UI/JPN/StaffRoll/staffroll_13.g1t.ZL_
File/UI/JPN/StaffRoll/staffroll_14.g1t.ZL_
File/UI/JPN/StaffRoll/staffroll_15.g1t.ZL_
File/UI/JPN/StaffRoll/staffroll_16.g1t.ZL_
File/UI/JPN/StaffRoll/staffroll_17.g1t.ZL_
File/UI/JPN/StaffRoll/staffroll_copylight.g1t.ZL_
File/UI/JPN/StaffRoll/staffroll_omega.g1t.ZL_
File/UI/JPN/StaffRoll/staffroll_producer.g1t.ZL_
File/Scenario/SCDATA/JPN/SCM_000_TEXT_MESSAGE.bin
File/Scenario/SCDATA/JPN/SCM_001_TEXT_MESSAGE.bin
File/Scenario/SCDATA/JPN/SCM_002_TEXT_MESSAGE.bin
File/Scenario/SCDATA/JPN/SCM_003_TEXT_MESSAGE.bin
File/Scenario/SCDATA/JPN/SCM_004_TEXT_MESSAGE.bin
File/Scenario/SCDATA/JPN/SCM_005_TEXT_MESSAGE.bin
File/Scenario/SCDATA/JPN/SCM_006_TEXT_MESSAGE.bin
File/Scenario/SCDATA/JPN/SCM_007_TEXT_MESSAGE.bin
File/Scenario/SCDATA/JPN/SCM_008_TEXT_MESSAGE.bin
File/Scenario/SCDATA/JPN/SCM_009_TEXT_MESSAGE.bin
File/Scenario/SCDATA/JPN/SCM_010_TEXT_MESSAGE.bin
File/Scenario/SCDATA/JPN/SCM_011_TEXT_MESSAGE.bin
File/Scenario/SCDATA/JPN/SCM_012_TEXT_MESSAGE.bin
File/Scenario/SCDATA/JPN/SCM_013_TEXT_MESSAGE.bin
File/Scenario/SCDATA/JPN/SCM_014_TEXT_MESSAGE.bin
File/Scenario/SCDATA/JPN/SCM_015_TEXT_MESSAGE.bin
File/Scenario/SCDATA/JPN/SCM_016_TEXT_MESSAGE.bin
File/Scenario/SCDATA/JPN/SCM_017_TEXT_MESSAGE.bin
File/Scenario/SCDATA/JPN/SCM_018_TEXT_MESSAGE.bin
File/Scenario/SCDATA/JPN/SCM_019_TEXT_MESSAGE.bin
File/Scenario/SCDATA/JPN/SCM_020_TEXT_MESSAGE.bin
File/Scenario/SCDATA/JPN/SCM_021_TEXT_MESSAGE.bin
File/Scenario/SCDATA/JPN/SCM_022_TEXT_MESSAGE.bin
File/Scenario/SCDATA/JPN/SCM_023_TEXT_MESSAGE.bin
File/Scenario/SCDATA/JPN/SCM_024_TEXT_MESSAGE.bin
File/Scenario/SCDATA/JPN/SCM_025_TEXT_MESSAGE.bin
File/Scenario/SCDATA/JPN/SCM_026_TEXT_MESSAGE.bin
File/Scenario/SCDATA/JPN/SCM_027_TEXT_MESSAGE.bin
File/Scenario/SCDATA/JPN/SCM_028_TEXT_MESSAGE.bin
File/Scenario/SCDATA/JPN/SCM_029_TEXT_MESSAGE.bin
File/Scenario/SCDATA/JPN/SCS_000_TEXT_MESSAGE.bin
File/Scenario/SCDATA/JPN/SCS_001_TEXT_MESSAGE.bin
File/Scenario/SCDATA/JPN/SCS_002_TEXT_MESSAGE.bin
File/Scenario/SCDATA/JPN/SCS_003_TEXT_MESSAGE.bin
File/Scenario/SCDATA/JPN/SCS_004_TEXT_MESSAGE.bin
File/Scenario/SCDATA/JPN/SCS_005_TEXT_MESSAGE.bin
File/Scenario/SCDATA/JPN/SCS_006_TEXT_MESSAGE.bin
File/Scenario/SCDATA/JPN/SCS_007_TEXT_MESSAGE.bin
File/Scenario/SCDATA/JPN/SCS_008_TEXT_MESSAGE.bin
File/Scenario/SCDATA/JPN/SCS_009_TEXT_MESSAGE.bin
File/Scenario/SCDATA/JPN/SCS_010_TEXT_MESSAGE.bin
File/Scenario/SCDATA/JPN/SCS_011_TEXT_MESSAGE.bin
File/Scenario/SCDATA/JPN/SCS_012_TEXT_MESSAGE.bin
File/Scenario/SCDATA/JPN/SCS_013_TEXT_MESSAGE.bin
File/Scenario/SCDATA/JPN/SCS_014_TEXT_MESSAGE.bin
File/Scenario/SCDATA/JPN/SCS_015_TEXT_MESSAGE.bin
File/Scenario/SCDATA/JPN/SCS_016_TEXT_MESSAGE.bin
File/Scenario/SCDATA/JPN/SCS_017_TEXT_MESSAGE.bin
File/Scenario/SCDATA/JPN/SCS_018_TEXT_MESSAGE.bin
File/Scenario/SCDATA/JPN/SCS_019_TEXT_MESSAGE.bin
File/Scenario/SCDATA/JPN/SCS_020_TEXT_MESSAGE.bin
File/Scenario/SCDATA/JPN/SCS_021_TEXT_MESSAGE.bin
File/Scenario/SCDATA/JPN/SCS_022_TEXT_MESSAGE.bin
File/Scenario/SCDATA/JPN/SCS_023_TEXT_MESSAGE.bin
File/Scenario/SCDATA/JPN/SCS_024_TEXT_MESSAGE.bin
File/Scenario/SCDATA/JPN/SCS_025_TEXT_MESSAGE.bin
File/Scenario/SCDATA/JPN/SCS_026_TEXT_MESSAGE.bin
File/Scenario/SCDATA/JPN/SCS_027_TEXT_MESSAGE.bin
File/Scenario/SCDATA/JPN/SCS_028_TEXT_MESSAGE.bin
File/Scenario/SCDATA/JPN/SCS_029_TEXT_MESSAGE.bin
File/Scenario/SCDATA/JPN/SCS_030_TEXT_MESSAGE.bin
File/Scenario/SCDATA/JPN/SCS_031_TEXT_MESSAGE.bin
File/Scenario/SCDATA/JPN/SCS_032_TEXT_MESSAGE.bin
File/Scenario/SCDATA/JPN/SCS_033_TEXT_MESSAGE.bin
File/Scenario/SCDATA/JPN/SCS_034_TEXT_MESSAGE.bin
File/Scenario/SCDATA/JPN/SCS_035_TEXT_MESSAGE.bin
File/Scenario/SCDATA/JPN/SCS_036_TEXT_MESSAGE.bin
File/Scenario/SCDATA/JPN/SCS_037_TEXT_MESSAGE.bin
File/Scenario/SCDATA/JPN/SCS_038_TEXT_MESSAGE.bin
File/Scenario/SCDATA/JPN/SCS_039_TEXT_MESSAGE.bin
File/Scenario/SCDATA/JPN/SCS_040_TEXT_MESSAGE.bin
File/Scenario/SCDATA/JPN/SCS_041_TEXT_MESSAGE.bin
File/Scenario/SCDATA/JPN/SCS_042_TEXT_MESSAGE.bin
File/Scenario/SCDATA/JPN/SCS_043_TEXT_MESSAGE.bin
File/Scenario/SCDATA/JPN/SCS_044_TEXT_MESSAGE.bin
File/Scenario/SCDATA/JPN/SCS_045_TEXT_MESSAGE.bin
File/Scenario/SCDATA/JPN/SCS_046_TEXT_MESSAGE.bin
File/Scenario/SCDATA/JPN/SCS_047_TEXT_MESSAGE.bin
File/Scenario/SCDATA/JPN/SCS_048_TEXT_MESSAGE.bin
File/Scenario/SCDATA/JPN/SCS_049_TEXT_MESSAGE.bin
File/Scenario/SCDATA/JPN/SCS_050_TEXT_MESSAGE.bin
File/Scenario/SCDATA/JPN/SCS_051_TEXT_MESSAGE.bin
File/Scenario/SCDATA/JPN/SCS_052_TEXT_MESSAGE.bin
File/Scenario/SCDATA/JPN/SCS_053_TEXT_MESSAGE.bin
File/Scenario/SCDATA/JPN/SCS_054_TEXT_MESSAGE.bin
File/Scenario/SCDATA/JPN/SCS_055_TEXT_MESSAGE.bin
File/Scenario/SCDATA/JPN/SCS_056_TEXT_MESSAGE.bin
File/Scenario/SCDATA/JPN/SCS_057_TEXT_MESSAGE.bin
File/Scenario/SCDATA/JPN/SCS_058_TEXT_MESSAGE.bin
File/Scenario/SCDATA/JPN/SCS_059_TEXT_MESSAGE.bin
File/Scenario/SCDATA/JPN/SCS_060_TEXT_MESSAGE.bin
File/Scenario/SCDATA/JPN/SCS_061_TEXT_MESSAGE.bin
File/Scenario/SCDATA/JPN/SCS_062_TEXT_MESSAGE.bin
File/Scenario/SCDATA/JPN/SCS_063_TEXT_MESSAGE.bin
File/Scenario/SCDATA/JPN/SCS_064_TEXT_MESSAGE.bin
File/Scenario/SCDATA/JPN/SCS_065_TEXT_MESSAGE.bin
File/Scenario/SCDATA/JPN/SCS_066_TEXT_MESSAGE.bin
File/Scenario/SCDATA/JPN/SCS_067_TEXT_MESSAGE.bin
File/Scenario/SCDATA/JPN/SCS_068_TEXT_MESSAGE.bin
File/Scenario/SCDATA/JPN/SCS_069_TEXT_MESSAGE.bin
File/Scenario/SCDATA/JPN/SCS_070_TEXT_MESSAGE.bin
File/Scenario/SCDATA/JPN/SCS_071_TEXT_MESSAGE.bin
File/Scenario/SCDATA/JPN/SCO_000_TEXT_MESSAGE.bin
File/Scenario/SCDATA/JPN/SCO_001_TEXT_MESSAGE.bin
File/Scenario/SCDATA/JPN/SCO_002_TEXT_MESSAGE.bin
File/Scenario/SCDATA/JPN/SCO_003_TEXT_MESSAGE.bin
File/Scenario/SCDATA/JPN/SCO_004_TEXT_MESSAGE.bin
File/Scenario/SCDATA/JPN/SCO_005_TEXT_MESSAGE.bin
File/Scenario/SCDATA/JPN/SCO_006_TEXT_MESSAGE.bin
File/Scenario/SCDATA/JPN/SCO_007_TEXT_MESSAGE.bin
File/Scenario/SCDATA/JPN/SCO_008_TEXT_MESSAGE.bin
File/Scenario/SCDATA/JPN/SCO_009_TEXT_MESSAGE.bin
File/Scenario/SCDATA/JPN/SCM_000_VOICE_MESSAGE.bin
File/Scenario/SCDATA/JPN/SCM_001_VOICE_MESSAGE.bin
File/Scenario/SCDATA/JPN/SCM_002_VOICE_MESSAGE.bin
File/Scenario/SCDATA/JPN/SCM_003_VOICE_MESSAGE.bin
File/Scenario/SCDATA/JPN/SCM_004_VOICE_MESSAGE.bin
File/Scenario/SCDATA/JPN/SCM_005_VOICE_MESSAGE.bin
File/Scenario/SCDATA/JPN/SCM_006_VOICE_MESSAGE.bin
File/Scenario/SCDATA/JPN/SCM_007_VOICE_MESSAGE.bin
File/Scenario/SCDATA/JPN/SCM_008_VOICE_MESSAGE.bin
File/Scenario/SCDATA/JPN/SCM_009_VOICE_MESSAGE.bin
File/Scenario/SCDATA/JPN/SCM_010_VOICE_MESSAGE.bin
File/Scenario/SCDATA/JPN/SCM_011_VOICE_MESSAGE.bin
File/Scenario/SCDATA/JPN/SCM_012_VOICE_MESSAGE.bin
File/Scenario/SCDATA/JPN/SCM_013_VOICE_MESSAGE.bin
File/Scenario/SCDATA/JPN/SCM_014_VOICE_MESSAGE.bin
File/Scenario/SCDATA/JPN/SCM_015_VOICE_MESSAGE.bin
File/Scenario/SCDATA/JPN/SCM_016_VOICE_MESSAGE.bin
File/Scenario/SCDATA/JPN/SCM_017_VOICE_MESSAGE.bin
File/Scenario/SCDATA/JPN/SCM_018_VOICE_MESSAGE.bin
File/Scenario/SCDATA/JPN/SCM_019_VOICE_MESSAGE.bin
File/Scenario/SCDATA/JPN/SCM_020_VOICE_MESSAGE.bin
File/Scenario/SCDATA/JPN/SCM_021_VOICE_MESSAGE.bin
File/Scenario/SCDATA/JPN/SCM_022_VOICE_MESSAGE.bin
File/Scenario/SCDATA/JPN/SCM_023_VOICE_MESSAGE.bin
File/Scenario/SCDATA/JPN/SCM_024_VOICE_MESSAGE.bin
File/Scenario/SCDATA/JPN/SCM_025_VOICE_MESSAGE.bin
File/Scenario/SCDATA/JPN/SCM_026_VOICE_MESSAGE.bin
File/Scenario/SCDATA/JPN/SCM_027_VOICE_MESSAGE.bin
File/Scenario/SCDATA/JPN/SCM_028_VOICE_MESSAGE.bin
File/Scenario/SCDATA/JPN/SCM_029_VOICE_MESSAGE.bin
File/Scenario/SCDATA/JPN/SCS_000_VOICE_MESSAGE.bin
File/Scenario/SCDATA/JPN/SCS_001_VOICE_MESSAGE.bin
File/Scenario/SCDATA/JPN/SCS_002_VOICE_MESSAGE.bin
File/Scenario/SCDATA/JPN/SCS_003_VOICE_MESSAGE.bin
File/Scenario/SCDATA/JPN/SCS_004_VOICE_MESSAGE.bin
File/Scenario/SCDATA/JPN/SCS_005_VOICE_MESSAGE.bin
File/Scenario/SCDATA/JPN/SCS_006_VOICE_MESSAGE.bin
File/Scenario/SCDATA/JPN/SCS_007_VOICE_MESSAGE.bin
File/Scenario/SCDATA/JPN/SCS_008_VOICE_MESSAGE.bin
File/Scenario/SCDATA/JPN/SCS_009_VOICE_MESSAGE.bin
File/Scenario/SCDATA/JPN/SCS_010_VOICE_MESSAGE.bin
File/Scenario/SCDATA/JPN/SCS_011_VOICE_MESSAGE.bin
File/Scenario/SCDATA/JPN/SCS_012_VOICE_MESSAGE.bin
File/Scenario/SCDATA/JPN/SCS_013_VOICE_MESSAGE.bin
File/Scenario/SCDATA/JPN/SCS_014_VOICE_MESSAGE.bin
File/Scenario/SCDATA/JPN/SCS_015_VOICE_MESSAGE.bin
File/Scenario/SCDATA/JPN/SCS_016_VOICE_MESSAGE.bin
File/Scenario/SCDATA/JPN/SCS_017_VOICE_MESSAGE.bin
File/Scenario/SCDATA/JPN/SCS_018_VOICE_MESSAGE.bin
File/Scenario/SCDATA/JPN/SCS_019_VOICE_MESSAGE.bin
File/Scenario/SCDATA/JPN/SCS_020_VOICE_MESSAGE.bin
File/Scenario/SCDATA/JPN/SCS_021_VOICE_MESSAGE.bin
File/Scenario/SCDATA/JPN/SCS_022_VOICE_MESSAGE.bin
File/Scenario/SCDATA/JPN/SCS_023_VOICE_MESSAGE.bin
File/Scenario/SCDATA/JPN/SCS_024_VOICE_MESSAGE.bin
File/Scenario/SCDATA/JPN/SCS_025_VOICE_MESSAGE.bin
File/Scenario/SCDATA/JPN/SCS_026_VOICE_MESSAGE.bin
File/Scenario/SCDATA/JPN/SCS_027_VOICE_MESSAGE.bin
File/Scenario/SCDATA/JPN/SCS_028_VOICE_MESSAGE.bin
File/Scenario/SCDATA/JPN/SCS_029_VOICE_MESSAGE.bin
File/Scenario/SCDATA/JPN/SCS_030_VOICE_MESSAGE.bin
File/Scenario/SCDATA/JPN/SCS_031_VOICE_MESSAGE.bin
File/Scenario/SCDATA/JPN/SCS_032_VOICE_MESSAGE.bin
File/Scenario/SCDATA/JPN/SCS_033_VOICE_MESSAGE.bin
File/Scenario/SCDATA/JPN/SCS_034_VOICE_MESSAGE.bin
File/Scenario/SCDATA/JPN/SCS_035_VOICE_MESSAGE.bin
File/Scenario/SCDATA/JPN/SCS_036_VOICE_MESSAGE.bin
File/Scenario/SCDATA/JPN/SCS_037_VOICE_MESSAGE.bin
File/Scenario/SCDATA/JPN/SCS_038_VOICE_MESSAGE.bin
File/Scenario/SCDATA/JPN/SCS_039_VOICE_MESSAGE.bin
File/Scenario/SCDATA/JPN/SCS_040_VOICE_MESSAGE.bin
File/Scenario/SCDATA/JPN/SCS_041_VOICE_MESSAGE.bin
File/Scenario/SCDATA/JPN/SCS_042_VOICE_MESSAGE.bin
File/Scenario/SCDATA/JPN/SCS_043_VOICE_MESSAGE.bin
File/Scenario/SCDATA/JPN/SCS_044_VOICE_MESSAGE.bin
File/Scenario/SCDATA/JPN/SCS_045_VOICE_MESSAGE.bin
File/Scenario/SCDATA/JPN/SCS_046_VOICE_MESSAGE.bin
File/Scenario/SCDATA/JPN/SCS_047_VOICE_MESSAGE.bin
File/Scenario/SCDATA/JPN/SCS_048_VOICE_MESSAGE.bin
File/Scenario/SCDATA/JPN/SCS_049_VOICE_MESSAGE.bin
File/Scenario/SCDATA/JPN/SCS_050_VOICE_MESSAGE.bin
File/Scenario/SCDATA/JPN/SCS_051_VOICE_MESSAGE.bin
File/Scenario/SCDATA/JPN/SCS_052_VOICE_MESSAGE.bin
File/Scenario/SCDATA/JPN/SCS_053_VOICE_MESSAGE.bin
File/Scenario/SCDATA/JPN/SCS_054_VOICE_MESSAGE.bin
File/Scenario/SCDATA/JPN/SCS_055_VOICE_MESSAGE.bin
File/Scenario/SCDATA/JPN/SCS_056_VOICE_MESSAGE.bin
File/Scenario/SCDATA/JPN/SCS_057_VOICE_MESSAGE.bin
File/Scenario/SCDATA/JPN/SCS_058_VOICE_MESSAGE.bin
File/Scenario/SCDATA/JPN/SCS_059_VOICE_MESSAGE.bin
File/Scenario/SCDATA/JPN/SCS_060_VOICE_MESSAGE.bin
File/Scenario/SCDATA/JPN/SCS_061_VOICE_MESSAGE.bin
File/Scenario/SCDATA/JPN/SCS_062_VOICE_MESSAGE.bin
File/Scenario/SCDATA/JPN/SCS_063_VOICE_MESSAGE.bin
File/Scenario/SCDATA/JPN/SCS_064_VOICE_MESSAGE.bin
File/Scenario/SCDATA/JPN/SCS_065_VOICE_MESSAGE.bin
File/Scenario/SCDATA/JPN/SCS_066_VOICE_MESSAGE.bin
File/Scenario/SCDATA/JPN/SCS_067_VOICE_MESSAGE.bin
File/Scenario/SCDATA/JPN/SCS_068_VOICE_MESSAGE.bin
File/Scenario/SCDATA/JPN/SCS_069_VOICE_MESSAGE.bin
File/Scenario/SCDATA/JPN/SCS_070_VOICE_MESSAGE.bin
File/Scenario/SCDATA/JPN/SCS_071_VOICE_MESSAGE.bin
File/Scenario/SCDATA/JPN/SCO_000_VOICE_MESSAGE.bin
File/Scenario/SCDATA/JPN/SCO_001_VOICE_MESSAGE.bin
File/Scenario/SCDATA/JPN/SCO_002_VOICE_MESSAGE.bin
File/Scenario/SCDATA/JPN/SCO_003_VOICE_MESSAGE.bin
File/Scenario/SCDATA/JPN/SCO_004_VOICE_MESSAGE.bin
File/Scenario/SCDATA/JPN/SCO_005_VOICE_MESSAGE.bin
File/Scenario/SCDATA/JPN/SCO_006_VOICE_MESSAGE.bin
File/Scenario/SCDATA/JPN/SCO_007_VOICE_MESSAGE.bin
File/Scenario/SCDATA/JPN/SCO_008_VOICE_MESSAGE.bin
File/Scenario/SCDATA/JPN/SCO_009_VOICE_MESSAGE.bin
File/Scenario/CharacterScenario/TEXT/JPN/SS_VoiceText.bin
File/Scenario/SystemMessage/JPN/SYSMES.BIN
File/Daily/Message/JPN/DailyMessage.bin.ZL_
File/Event/Talk/TEXT/JPN/TK_VoiceText.bin
File/Event/Subtitle/TEXT/JPN/MV_VoiceText.bin
File/Event/STAFFROLL/TEXT/JPN/TEXT_SR000.bin
File/System/JP/ICON0.PNG
File/Debug/Dummy/dummy_region.bin
