File/String/TCH/DataStrUI.bin.ZL_
File/String/TCH/DataStrCharacter.bin.ZL_
File/String/TCH/DataStrCharaEpisode.bin.ZL_
File/String/TCH/DataStrScenario.bin.ZL_
File/String/TCH/DataStrDaily.bin.ZL_
File/String/TCH/DataStrJournal.bin.ZL_
File/String/TCH/DataStrAdvancement.bin.ZL_
File/String/TCH/DataStrGallery.bin.ZL_
File/String/TCH/DataStrPlatform.bin.ZL_
File/String/TCH/DataStrEudc.bin.ZL_
File/String/TCH/DataStrExpedition.bin.ZL_
File/String/TCH/DataStrTag.bin.ZL_
File/String/TCH/DataStrDLCList.bin.ZL_
File/String/TCH/DataStrDLC.bin.ZL_
File/String/HAN/DataStrUI.bin.ZL_
File/String/HAN/DataStrCharacter.bin.ZL_
File/String/HAN/DataStrCharaEpisode.bin.ZL_
File/String/HAN/DataStrScenario.bin.ZL_
File/String/HAN/DataStrDaily.bin.ZL_
File/String/HAN/DataStrJournal.bin.ZL_
File/String/HAN/DataStrAdvancement.bin.ZL_
File/String/HAN/DataStrGallery.bin.ZL_
File/String/HAN/DataStrPlatform.bin.ZL_
File/String/HAN/DataStrEudc.bin.ZL_
File/String/HAN/DataStrExpedition.bin.ZL_
File/String/HAN/DataStrTag.bin.ZL_
File/String/HAN/DataStrDLCList.bin.ZL_
File/String/HAN/DataStrDLC.bin.ZL_
File/UI/TCH/CommonParts.g1t.ZL_
File/UI/TCH/CommonPartsLayout.bin
File/UI/HAN/CommonParts.g1t.ZL_
File/UI/HAN/CommonPartsLayout.bin
File/UI/TCH/Battle.g1t.ZL_
File/UI/TCH/BattleLayout.bin
File/UI/HAN/Battle.g1t.ZL_
File/UI/HAN/BattleLayout.bin
File/UI/TCH/Daily.g1t.ZL_
File/UI/TCH/DailyLayout.bin
File/UI/HAN/Daily.g1t.ZL_
File/UI/HAN/DailyLayout.bin
File/UI/TCH/Manual/manual_00_E.g1t.ZL_
File/UI/TCH/Manual/manual_01_E.g1t.ZL_
File/UI/TCH/Manual/manual_02_E.g1t.ZL_
File/UI/TCH/Manual/manual_03_E.g1t.ZL_
File/UI/TCH/Manual/manual_04_E.g1t.ZL_
File/UI/TCH/Manual/manual_05_E.g1t.ZL_
File/UI/TCH/Manual/manual_06_E.g1t.ZL_
File/UI/TCH/Manual/manual_07_E.g1t.ZL_
File/UI/TCH/Manual/manual_08_E.g1t.ZL_
File/UI/TCH/Manual/manual_09_E.g1t.ZL_
File/UI/TCH/Manual/manual_10_E.g1t.ZL_
File/UI/TCH/Manual/manual_11_E.g1t.ZL_
File/UI/TCH/Manual/manual_12_E.g1t.ZL_
File/UI/TCH/Manual/manual_13_E.g1t.ZL_
File/UI/TCH/Manual/manual_14_E.g1t.ZL_
File/UI/TCH/Manual/manual_15_E.g1t.ZL_
File/UI/HAN/Manual/manual_00_E.g1t.ZL_
File/UI/HAN/Manual/manual_01_E.g1t.ZL_
File/UI/HAN/Manual/manual_02_E.g1t.ZL_
File/UI/HAN/Manual/manual_03_E.g1t.ZL_
File/UI/HAN/Manual/manual_04_E.g1t.ZL_
File/UI/HAN/Manual/manual_05_E.g1t.ZL_
File/UI/HAN/Manual/manual_06_E.g1t.ZL_
File/UI/HAN/Manual/manual_07_E.g1t.ZL_
File/UI/HAN/Manual/manual_08_E.g1t.ZL_
File/UI/HAN/Manual/manual_09_E.g1t.ZL_
File/UI/HAN/Manual/manual_10_E.g1t.ZL_
File/UI/HAN/Manual/manual_11_E.g1t.ZL_
File/UI/HAN/Manual/manual_12_E.g1t.ZL_
File/UI/HAN/Manual/manual_13_E.g1t.ZL_
File/UI/HAN/Manual/manual_14_E.g1t.ZL_
File/UI/HAN/Manual/manual_15_E.g1t.ZL_
File/UI/TCH/OnlineInGame.g1t.ZL_
File/UI/TCH/OnlineInGameLayout.bin
File/UI/HAN/OnlineInGame.g1t.ZL_
File/UI/HAN/OnlineInGameLayout.bin
File/UI/TCH/Result.g1t.ZL_
File/UI/TCH/ResultLayout.bin
File/UI/HAN/Result.g1t.ZL_
File/UI/HAN/ResultLayout.bin
File/UI/TCH/Tutorial/tutorial_043.g1t.ZL_
File/UI/TCH/Tutorial/tutorial_110.g1t.ZL_
File/UI/TCH/Tutorial/tutorial_111.g1t.ZL_
File/UI/TCH/Tutorial/tutorial_112.g1t.ZL_
File/UI/TCH/Tutorial/tutorial_113.g1t.ZL_
File/UI/TCH/Tutorial/tutorial_114.g1t.ZL_
File/UI/TCH/Tutorial/tutorial_115.g1t.ZL_
File/UI/TCH/Tutorial/tutorial_116.g1t.ZL_
File/UI/TCH/Tutorial/tutorial_117.g1t.ZL_
File/UI/TCH/Tutorial/tutorial_118.g1t.ZL_
File/UI/TCH/Tutorial/tutorial_119.g1t.ZL_
File/UI/TCH/Tutorial/tutorial_120.g1t.ZL_
File/UI/TCH/Tutorial/tutorial_121.g1t.ZL_
File/UI/TCH/Tutorial/tutorial_122.g1t.ZL_
File/UI/TCH/Tutorial/tutorial_123.g1t.ZL_
File/UI/TCH/Tutorial/tutorial_124.g1t.ZL_
File/UI/TCH/Tutorial/tutorial_125.g1t.ZL_
File/UI/TCH/Tutorial/tutorial_126.g1t.ZL_
File/UI/TCH/Tutorial/tutorial_127.g1t.ZL_
File/UI/TCH/Tutorial/tutorial_128.g1t.ZL_
File/UI/TCH/Tutorial/tutorial_129.g1t.ZL_
File/UI/TCH/Tutorial/tutorial_130.g1t.ZL_
File/UI/TCH/Tutorial/tutorial_131.g1t.ZL_
File/UI/TCH/Tutorial/tutorial_132.g1t.ZL_
File/UI/TCH/Tutorial/tutorial_133.g1t.ZL_
File/UI/TCH/Tutorial/tutorial_134.g1t.ZL_
File/UI/TCH/Tutorial/tutorial_135.g1t.ZL_
File/UI/TCH/Tutorial/tutorial_136.g1t.ZL_
File/UI/TCH/Tutorial/tutorial_137.g1t.ZL_
File/UI/TCH/Tutorial/tutorial_138.g1t.ZL_
File/UI/TCH/Tutorial/tutorial_139.g1t.ZL_
File/UI/TCH/Tutorial/tutorial_140.g1t.ZL_
File/UI/TCH/Tutorial/tutorial_141.g1t.ZL_
File/UI/TCH/Tutorial/tutorial_142.g1t.ZL_
File/UI/TCH/Tutorial/tutorial_143.g1t.ZL_
File/UI/TCH/Tutorial/tutorial_144.g1t.ZL_
File/UI/TCH/Tutorial/tutorial_145.g1t.ZL_
File/UI/TCH/Tutorial/tutorial_146.g1t.ZL_
File/UI/TCH/Tutorial/tutorial_147.g1t.ZL_
File/UI/TCH/Tutorial/tutorial_148.g1t.ZL_
File/UI/TCH/Tutorial/tutorial_149.g1t.ZL_
File/UI/TCH/Tutorial/tutorial_150.g1t.ZL_
File/UI/TCH/Tutorial/tutorial_151.g1t.ZL_
File/UI/TCH/Tutorial/tutorial_152.g1t.ZL_
File/UI/TCH/Tutorial/tutorial_153.g1t.ZL_
File/UI/TCH/Tutorial/tutorial_154.g1t.ZL_
File/UI/TCH/Tutorial/tutorial_155.g1t.ZL_
File/UI/TCH/Tutorial/tutorial_156.g1t.ZL_
File/UI/TCH/Tutorial/tutorial_157.g1t.ZL_
File/UI/TCH/Tutorial/tutorial_158.g1t.ZL_
File/UI/TCH/Tutorial/tutorial_159.g1t.ZL_
File/UI/HAN/Tutorial/tutorial_043.g1t.ZL_
File/UI/HAN/Tutorial/tutorial_110.g1t.ZL_
File/UI/HAN/Tutorial/tutorial_111.g1t.ZL_
File/UI/HAN/Tutorial/tutorial_112.g1t.ZL_
File/UI/HAN/Tutorial/tutorial_113.g1t.ZL_
File/UI/HAN/Tutorial/tutorial_114.g1t.ZL_
File/UI/HAN/Tutorial/tutorial_115.g1t.ZL_
File/UI/HAN/Tutorial/tutorial_116.g1t.ZL_
File/UI/HAN/Tutorial/tutorial_117.g1t.ZL_
File/UI/HAN/Tutorial/tutorial_118.g1t.ZL_
File/UI/HAN/Tutorial/tutorial_119.g1t.ZL_
File/UI/HAN/Tutorial/tutorial_120.g1t.ZL_
File/UI/HAN/Tutorial/tutorial_121.g1t.ZL_
File/UI/HAN/Tutorial/tutorial_122.g1t.ZL_
File/UI/HAN/Tutorial/tutorial_123.g1t.ZL_
File/UI/HAN/Tutorial/tutorial_124.g1t.ZL_
File/UI/HAN/Tutorial/tutorial_125.g1t.ZL_
File/UI/HAN/Tutorial/tutorial_126.g1t.ZL_
File/UI/HAN/Tutorial/tutorial_127.g1t.ZL_
File/UI/HAN/Tutorial/tutorial_128.g1t.ZL_
File/UI/HAN/Tutorial/tutorial_129.g1t.ZL_
File/UI/HAN/Tutorial/tutorial_130.g1t.ZL_
File/UI/HAN/Tutorial/tutorial_131.g1t.ZL_
File/UI/HAN/Tutorial/tutorial_132.g1t.ZL_
File/UI/HAN/Tutorial/tutorial_133.g1t.ZL_
File/UI/HAN/Tutorial/tutorial_134.g1t.ZL_
File/UI/HAN/Tutorial/tutorial_135.g1t.ZL_
File/UI/HAN/Tutorial/tutorial_136.g1t.ZL_
File/UI/HAN/Tutorial/tutorial_137.g1t.ZL_
File/UI/HAN/Tutorial/tutorial_138.g1t.ZL_
File/UI/HAN/Tutorial/tutorial_139.g1t.ZL_
File/UI/HAN/Tutorial/tutorial_140.g1t.ZL_
File/UI/HAN/Tutorial/tutorial_141.g1t.ZL_
File/UI/HAN/Tutorial/tutorial_142.g1t.ZL_
File/UI/HAN/Tutorial/tutorial_143.g1t.ZL_
File/UI/HAN/Tutorial/tutorial_144.g1t.ZL_
File/UI/HAN/Tutorial/tutorial_145.g1t.ZL_
File/UI/HAN/Tutorial/tutorial_146.g1t.ZL_
File/UI/HAN/Tutorial/tutorial_147.g1t.ZL_
File/UI/HAN/Tutorial/tutorial_148.g1t.ZL_
File/UI/HAN/Tutorial/tutorial_149.g1t.ZL_
File/UI/HAN/Tutorial/tutorial_150.g1t.ZL_
File/UI/HAN/Tutorial/tutorial_151.g1t.ZL_
File/UI/HAN/Tutorial/tutorial_152.g1t.ZL_
File/UI/HAN/Tutorial/tutorial_153.g1t.ZL_
File/UI/HAN/Tutorial/tutorial_154.g1t.ZL_
File/UI/HAN/Tutorial/tutorial_155.g1t.ZL_
File/UI/HAN/Tutorial/tutorial_156.g1t.ZL_
File/UI/HAN/Tutorial/tutorial_157.g1t.ZL_
File/UI/HAN/Tutorial/tutorial_158.g1t.ZL_
File/UI/HAN/Tutorial/tutorial_159.g1t.ZL_
File/UI/TCH/StaffRoll/staffroll_01.g1t.ZL_
File/UI/TCH/StaffRoll/staffroll_04.g1t.ZL_
File/UI/TCH/StaffRoll/staffroll_00_E.g1t.ZL_
File/UI/TCH/StaffRoll/staffroll_01_E.g1t.ZL_
File/UI/TCH/StaffRoll/staffroll_02_E.g1t.ZL_
File/UI/TCH/StaffRoll/staffroll_03_E.g1t.ZL_
File/UI/TCH/StaffRoll/staffroll_04_E.g1t.ZL_
File/UI/TCH/StaffRoll/staffroll_05_E.g1t.ZL_
File/UI/TCH/StaffRoll/staffroll_06_E.g1t.ZL_
File/UI/TCH/StaffRoll/staffroll_07_E.g1t.ZL_
File/UI/TCH/StaffRoll/staffroll_08_E.g1t.ZL_
File/UI/TCH/StaffRoll/staffroll_09_E.g1t.ZL_
File/UI/TCH/StaffRoll/staffroll_10_E.g1t.ZL_
File/UI/TCH/StaffRoll/staffroll_11_E.g1t.ZL_
File/UI/TCH/StaffRoll/staffroll_12_E.g1t.ZL_
File/UI/TCH/StaffRoll/staffroll_13_E.g1t.ZL_
File/UI/TCH/StaffRoll/staffroll_14_E.g1t.ZL_
File/UI/TCH/StaffRoll/staffroll_15_E.g1t.ZL_
File/UI/TCH/StaffRoll/staffroll_16_E.g1t.ZL_
File/UI/TCH/StaffRoll/staffroll_17_E.g1t.ZL_
File/UI/TCH/StaffRoll/staffroll_18_E.g1t.ZL_
File/UI/TCH/StaffRoll/staffroll_19_E.g1t.ZL_
File/UI/TCH/StaffRoll/staffroll_20_E.g1t.ZL_
File/UI/TCH/StaffRoll/staffroll_21_E.g1t.ZL_
File/UI/TCH/StaffRoll/staffroll_22_E.g1t.ZL_
File/UI/TCH/StaffRoll/staffroll_23_E.g1t.ZL_
File/UI/TCH/StaffRoll/staffroll_24_E.g1t.ZL_
File/UI/TCH/StaffRoll/staffroll_25_E.g1t.ZL_
File/UI/TCH/StaffRoll/staffroll_copylight_E.g1t.ZL_
File/UI/TCH/StaffRoll/staffroll_generalproducer_E.g1t.ZL_
File/UI/TCH/StaffRoll/staffroll_producer_E.g1t.ZL_
File/UI/HAN/StaffRoll/staffroll_01.g1t.ZL_
File/UI/HAN/StaffRoll/staffroll_04.g1t.ZL_
File/UI/HAN/StaffRoll/staffroll_00_E.g1t.ZL_
File/UI/HAN/StaffRoll/staffroll_01_E.g1t.ZL_
File/UI/HAN/StaffRoll/staffroll_02_E.g1t.ZL_
File/UI/HAN/StaffRoll/staffroll_03_E.g1t.ZL_
File/UI/HAN/StaffRoll/staffroll_04_E.g1t.ZL_
File/UI/HAN/StaffRoll/staffroll_05_E.g1t.ZL_
File/UI/HAN/StaffRoll/staffroll_06_E.g1t.ZL_
File/UI/HAN/StaffRoll/staffroll_07_E.g1t.ZL_
File/UI/HAN/StaffRoll/staffroll_08_E.g1t.ZL_
File/UI/HAN/StaffRoll/staffroll_09_E.g1t.ZL_
File/UI/HAN/StaffRoll/staffroll_10_E.g1t.ZL_
File/UI/HAN/StaffRoll/staffroll_11_E.g1t.ZL_
File/UI/HAN/StaffRoll/staffroll_12_E.g1t.ZL_
File/UI/HAN/StaffRoll/staffroll_13_E.g1t.ZL_
File/UI/HAN/StaffRoll/staffroll_14_E.g1t.ZL_
File/UI/HAN/StaffRoll/staffroll_15_E.g1t.ZL_
File/UI/HAN/StaffRoll/staffroll_16_E.g1t.ZL_
File/UI/HAN/StaffRoll/staffroll_17_E.g1t.ZL_
File/UI/HAN/StaffRoll/staffroll_18_E.g1t.ZL_
File/UI/HAN/StaffRoll/staffroll_19_E.g1t.ZL_
File/UI/HAN/StaffRoll/staffroll_20_E.g1t.ZL_
File/UI/HAN/StaffRoll/staffroll_21_E.g1t.ZL_
File/UI/HAN/StaffRoll/staffroll_22_E.g1t.ZL_
File/UI/HAN/StaffRoll/staffroll_23_E.g1t.ZL_
File/UI/HAN/StaffRoll/staffroll_24_E.g1t.ZL_
File/UI/HAN/StaffRoll/staffroll_25_E.g1t.ZL_
File/UI/HAN/StaffRoll/staffroll_copylight_E.g1t.ZL_
File/UI/HAN/StaffRoll/staffroll_generalproducer_E.g1t.ZL_
File/UI/HAN/StaffRoll/staffroll_producer_E.g1t.ZL_
File/Scenario/SCDATA/TCH/SCC_000_TEXT_MESSAGE.bin
File/Scenario/SCDATA/TCH/SCC_001_TEXT_MESSAGE.bin
File/Scenario/SCDATA/TCH/SCC_002_TEXT_MESSAGE.bin
File/Scenario/SCDATA/TCH/SCC_003_TEXT_MESSAGE.bin
File/Scenario/SCDATA/TCH/SCC_004_TEXT_MESSAGE.bin
File/Scenario/SCDATA/TCH/SCC_005_TEXT_MESSAGE.bin
File/Scenario/SCDATA/TCH/SCC_006_TEXT_MESSAGE.bin
File/Scenario/SCDATA/TCH/SCC_007_TEXT_MESSAGE.bin
File/Scenario/SCDATA/TCH/SCC_008_TEXT_MESSAGE.bin
File/Scenario/SCDATA/TCH/SCC_009_TEXT_MESSAGE.bin
File/Scenario/SCDATA/TCH/SCC_010_TEXT_MESSAGE.bin
File/Scenario/SCDATA/TCH/SCC_011_TEXT_MESSAGE.bin
File/Scenario/SCDATA/TCH/SCC_012_TEXT_MESSAGE.bin
File/Scenario/SCDATA/TCH/SCC_013_TEXT_MESSAGE.bin
File/Scenario/SCDATA/TCH/SCC_014_TEXT_MESSAGE.bin
File/Scenario/SCDATA/TCH/SCC_015_TEXT_MESSAGE.bin
File/Scenario/SCDATA/TCH/SCC_016_TEXT_MESSAGE.bin
File/Scenario/SCDATA/TCH/SCC_017_TEXT_MESSAGE.bin
File/Scenario/SCDATA/TCH/SCC_018_TEXT_MESSAGE.bin
File/Scenario/SCDATA/TCH/SCC_019_TEXT_MESSAGE.bin
File/Scenario/SCDATA/TCH/SCC_020_TEXT_MESSAGE.bin
File/Scenario/SCDATA/TCH/SCC_021_TEXT_MESSAGE.bin
File/Scenario/SCDATA/TCH/SCC_022_TEXT_MESSAGE.bin
File/Scenario/SCDATA/TCH/SCC_023_TEXT_MESSAGE.bin
File/Scenario/SCDATA/TCH/SCC_024_TEXT_MESSAGE.bin
File/Scenario/SCDATA/TCH/SCC_025_TEXT_MESSAGE.bin
File/Scenario/SCDATA/TCH/SCW_000_TEXT_MESSAGE.bin
File/Scenario/SCDATA/TCH/SCW_001_TEXT_MESSAGE.bin
File/Scenario/SCDATA/TCH/SCW_002_TEXT_MESSAGE.bin
File/Scenario/SCDATA/TCH/SCW_003_TEXT_MESSAGE.bin
File/Scenario/SCDATA/TCH/SCW_004_TEXT_MESSAGE.bin
File/Scenario/SCDATA/TCH/SCW_005_TEXT_MESSAGE.bin
File/Scenario/SCDATA/TCH/SCW_006_TEXT_MESSAGE.bin
File/Scenario/SCDATA/TCH/SCW_007_TEXT_MESSAGE.bin
File/Scenario/SCDATA/TCH/SCW_008_TEXT_MESSAGE.bin
File/Scenario/SCDATA/TCH/SCW_009_TEXT_MESSAGE.bin
File/Scenario/SCDATA/TCH/SCW_010_TEXT_MESSAGE.bin
File/Scenario/SCDATA/TCH/SCW_011_TEXT_MESSAGE.bin
File/Scenario/SCDATA/TCH/SCW_012_TEXT_MESSAGE.bin
File/Scenario/SCDATA/TCH/SCW_013_TEXT_MESSAGE.bin
File/Scenario/SCDATA/TCH/SCW_014_TEXT_MESSAGE.bin
File/Scenario/SCDATA/TCH/SCW_015_TEXT_MESSAGE.bin
File/Scenario/SCDATA/TCH/SCW_016_TEXT_MESSAGE.bin
File/Scenario/SCDATA/TCH/SCW_017_TEXT_MESSAGE.bin
File/Scenario/SCDATA/TCH/SCW_018_TEXT_MESSAGE.bin
File/Scenario/SCDATA/TCH/SCW_019_TEXT_MESSAGE.bin
File/Scenario/SCDATA/TCH/SCW_020_TEXT_MESSAGE.bin
File/Scenario/SCDATA/TCH/SCW_021_TEXT_MESSAGE.bin
File/Scenario/SCDATA/TCH/SCW_022_TEXT_MESSAGE.bin
File/Scenario/SCDATA/TCH/SCW_023_TEXT_MESSAGE.bin
File/Scenario/SCDATA/TCH/SCW_024_TEXT_MESSAGE.bin
File/Scenario/SCDATA/TCH/SCW_025_TEXT_MESSAGE.bin
File/Scenario/SCDATA/TCH/SCW_026_TEXT_MESSAGE.bin
File/Scenario/SCDATA/TCH/SCW_027_TEXT_MESSAGE.bin
File/Scenario/SCDATA/TCH/SCW_028_TEXT_MESSAGE.bin
File/Scenario/SCDATA/TCH/SCW_029_TEXT_MESSAGE.bin
File/Scenario/SCDATA/TCH/SCW_030_TEXT_MESSAGE.bin
File/Scenario/SCDATA/TCH/SCW_031_TEXT_MESSAGE.bin
File/Scenario/SCDATA/TCH/SCW_032_TEXT_MESSAGE.bin
File/Scenario/SCDATA/TCH/SCW_033_TEXT_MESSAGE.bin
File/Scenario/SCDATA/TCH/SCW_034_TEXT_MESSAGE.bin
File/Scenario/SCDATA/TCH/SCW_035_TEXT_MESSAGE.bin
File/Scenario/SCDATA/TCH/SCW_036_TEXT_MESSAGE.bin
File/Scenario/SCDATA/TCH/SCW_037_TEXT_MESSAGE.bin
File/Scenario/SCDATA/TCH/SCW_038_TEXT_MESSAGE.bin
File/Scenario/SCDATA/TCH/SCW_039_TEXT_MESSAGE.bin
File/Scenario/SCDATA/TCH/SCW_040_TEXT_MESSAGE.bin
File/Scenario/SCDATA/TCH/SCW_041_TEXT_MESSAGE.bin
File/Scenario/SCDATA/TCH/SCW_042_TEXT_MESSAGE.bin
File/Scenario/SCDATA/TCH/SCW_043_TEXT_MESSAGE.bin
File/Scenario/SCDATA/TCH/SCW_044_TEXT_MESSAGE.bin
File/Scenario/SCDATA/TCH/SCW_045_TEXT_MESSAGE.bin
File/Scenario/SCDATA/TCH/SCW_046_TEXT_MESSAGE.bin
File/Scenario/SCDATA/TCH/SCW_047_TEXT_MESSAGE.bin
File/Scenario/SCDATA/HAN/SCC_000_TEXT_MESSAGE.bin
File/Scenario/SCDATA/HAN/SCC_001_TEXT_MESSAGE.bin
File/Scenario/SCDATA/HAN/SCC_002_TEXT_MESSAGE.bin
File/Scenario/SCDATA/HAN/SCC_003_TEXT_MESSAGE.bin
File/Scenario/SCDATA/HAN/SCC_004_TEXT_MESSAGE.bin
File/Scenario/SCDATA/HAN/SCC_005_TEXT_MESSAGE.bin
File/Scenario/SCDATA/HAN/SCC_006_TEXT_MESSAGE.bin
File/Scenario/SCDATA/HAN/SCC_007_TEXT_MESSAGE.bin
File/Scenario/SCDATA/HAN/SCC_008_TEXT_MESSAGE.bin
File/Scenario/SCDATA/HAN/SCC_009_TEXT_MESSAGE.bin
File/Scenario/SCDATA/HAN/SCC_010_TEXT_MESSAGE.bin
File/Scenario/SCDATA/HAN/SCC_011_TEXT_MESSAGE.bin
File/Scenario/SCDATA/HAN/SCC_012_TEXT_MESSAGE.bin
File/Scenario/SCDATA/HAN/SCC_013_TEXT_MESSAGE.bin
File/Scenario/SCDATA/HAN/SCC_014_TEXT_MESSAGE.bin
File/Scenario/SCDATA/HAN/SCC_015_TEXT_MESSAGE.bin
File/Scenario/SCDATA/HAN/SCC_016_TEXT_MESSAGE.bin
File/Scenario/SCDATA/HAN/SCC_017_TEXT_MESSAGE.bin
File/Scenario/SCDATA/HAN/SCC_018_TEXT_MESSAGE.bin
File/Scenario/SCDATA/HAN/SCC_019_TEXT_MESSAGE.bin
File/Scenario/SCDATA/HAN/SCC_020_TEXT_MESSAGE.bin
File/Scenario/SCDATA/HAN/SCC_021_TEXT_MESSAGE.bin
File/Scenario/SCDATA/HAN/SCC_022_TEXT_MESSAGE.bin
File/Scenario/SCDATA/HAN/SCC_023_TEXT_MESSAGE.bin
File/Scenario/SCDATA/HAN/SCC_024_TEXT_MESSAGE.bin
File/Scenario/SCDATA/HAN/SCC_025_TEXT_MESSAGE.bin
File/Scenario/SCDATA/HAN/SCW_000_TEXT_MESSAGE.bin
File/Scenario/SCDATA/HAN/SCW_001_TEXT_MESSAGE.bin
File/Scenario/SCDATA/HAN/SCW_002_TEXT_MESSAGE.bin
File/Scenario/SCDATA/HAN/SCW_003_TEXT_MESSAGE.bin
File/Scenario/SCDATA/HAN/SCW_004_TEXT_MESSAGE.bin
File/Scenario/SCDATA/HAN/SCW_005_TEXT_MESSAGE.bin
File/Scenario/SCDATA/HAN/SCW_006_TEXT_MESSAGE.bin
File/Scenario/SCDATA/HAN/SCW_007_TEXT_MESSAGE.bin
File/Scenario/SCDATA/HAN/SCW_008_TEXT_MESSAGE.bin
File/Scenario/SCDATA/HAN/SCW_009_TEXT_MESSAGE.bin
File/Scenario/SCDATA/HAN/SCW_010_TEXT_MESSAGE.bin
File/Scenario/SCDATA/HAN/SCW_011_TEXT_MESSAGE.bin
File/Scenario/SCDATA/HAN/SCW_012_TEXT_MESSAGE.bin
File/Scenario/SCDATA/HAN/SCW_013_TEXT_MESSAGE.bin
File/Scenario/SCDATA/HAN/SCW_014_TEXT_MESSAGE.bin
File/Scenario/SCDATA/HAN/SCW_015_TEXT_MESSAGE.bin
File/Scenario/SCDATA/HAN/SCW_016_TEXT_MESSAGE.bin
File/Scenario/SCDATA/HAN/SCW_017_TEXT_MESSAGE.bin
File/Scenario/SCDATA/HAN/SCW_018_TEXT_MESSAGE.bin
File/Scenario/SCDATA/HAN/SCW_019_TEXT_MESSAGE.bin
File/Scenario/SCDATA/HAN/SCW_020_TEXT_MESSAGE.bin
File/Scenario/SCDATA/HAN/SCW_021_TEXT_MESSAGE.bin
File/Scenario/SCDATA/HAN/SCW_022_TEXT_MESSAGE.bin
File/Scenario/SCDATA/HAN/SCW_023_TEXT_MESSAGE.bin
File/Scenario/SCDATA/HAN/SCW_024_TEXT_MESSAGE.bin
File/Scenario/SCDATA/HAN/SCW_025_TEXT_MESSAGE.bin
File/Scenario/SCDATA/HAN/SCW_026_TEXT_MESSAGE.bin
File/Scenario/SCDATA/HAN/SCW_027_TEXT_MESSAGE.bin
File/Scenario/SCDATA/HAN/SCW_028_TEXT_MESSAGE.bin
File/Scenario/SCDATA/HAN/SCW_029_TEXT_MESSAGE.bin
File/Scenario/SCDATA/HAN/SCW_030_TEXT_MESSAGE.bin
File/Scenario/SCDATA/HAN/SCW_031_TEXT_MESSAGE.bin
File/Scenario/SCDATA/HAN/SCW_032_TEXT_MESSAGE.bin
File/Scenario/SCDATA/HAN/SCW_033_TEXT_MESSAGE.bin
File/Scenario/SCDATA/HAN/SCW_034_TEXT_MESSAGE.bin
File/Scenario/SCDATA/HAN/SCW_035_TEXT_MESSAGE.bin
File/Scenario/SCDATA/HAN/SCW_036_TEXT_MESSAGE.bin
File/Scenario/SCDATA/HAN/SCW_037_TEXT_MESSAGE.bin
File/Scenario/SCDATA/HAN/SCW_038_TEXT_MESSAGE.bin
File/Scenario/SCDATA/HAN/SCW_039_TEXT_MESSAGE.bin
File/Scenario/SCDATA/HAN/SCW_040_TEXT_MESSAGE.bin
File/Scenario/SCDATA/HAN/SCW_041_TEXT_MESSAGE.bin
File/Scenario/SCDATA/HAN/SCW_042_TEXT_MESSAGE.bin
File/Scenario/SCDATA/HAN/SCW_043_TEXT_MESSAGE.bin
File/Scenario/SCDATA/HAN/SCW_044_TEXT_MESSAGE.bin
File/Scenario/SCDATA/HAN/SCW_045_TEXT_MESSAGE.bin
File/Scenario/SCDATA/HAN/SCW_046_TEXT_MESSAGE.bin
File/Scenario/SCDATA/HAN/SCW_047_TEXT_MESSAGE.bin
File/Scenario/SCDATA/TCH/SCC_000_VOICE_MESSAGE.bin
File/Scenario/SCDATA/TCH/SCC_001_VOICE_MESSAGE.bin
File/Scenario/SCDATA/TCH/SCC_002_VOICE_MESSAGE.bin
File/Scenario/SCDATA/TCH/SCC_003_VOICE_MESSAGE.bin
File/Scenario/SCDATA/TCH/SCC_004_VOICE_MESSAGE.bin
File/Scenario/SCDATA/TCH/SCC_005_VOICE_MESSAGE.bin
File/Scenario/SCDATA/TCH/SCC_006_VOICE_MESSAGE.bin
File/Scenario/SCDATA/TCH/SCC_007_VOICE_MESSAGE.bin
File/Scenario/SCDATA/TCH/SCC_008_VOICE_MESSAGE.bin
File/Scenario/SCDATA/TCH/SCC_009_VOICE_MESSAGE.bin
File/Scenario/SCDATA/TCH/SCC_010_VOICE_MESSAGE.bin
File/Scenario/SCDATA/TCH/SCC_011_VOICE_MESSAGE.bin
File/Scenario/SCDATA/TCH/SCC_012_VOICE_MESSAGE.bin
File/Scenario/SCDATA/TCH/SCC_013_VOICE_MESSAGE.bin
File/Scenario/SCDATA/TCH/SCC_014_VOICE_MESSAGE.bin
File/Scenario/SCDATA/TCH/SCC_015_VOICE_MESSAGE.bin
File/Scenario/SCDATA/TCH/SCC_016_VOICE_MESSAGE.bin
File/Scenario/SCDATA/TCH/SCC_017_VOICE_MESSAGE.bin
File/Scenario/SCDATA/TCH/SCC_018_VOICE_MESSAGE.bin
File/Scenario/SCDATA/TCH/SCC_019_VOICE_MESSAGE.bin
File/Scenario/SCDATA/TCH/SCC_020_VOICE_MESSAGE.bin
File/Scenario/SCDATA/TCH/SCC_021_VOICE_MESSAGE.bin
File/Scenario/SCDATA/TCH/SCC_022_VOICE_MESSAGE.bin
File/Scenario/SCDATA/TCH/SCC_023_VOICE_MESSAGE.bin
File/Scenario/SCDATA/TCH/SCC_024_VOICE_MESSAGE.bin
File/Scenario/SCDATA/TCH/SCC_025_VOICE_MESSAGE.bin
File/Scenario/SCDATA/TCH/SCW_000_VOICE_MESSAGE.bin
File/Scenario/SCDATA/TCH/SCW_001_VOICE_MESSAGE.bin
File/Scenario/SCDATA/TCH/SCW_002_VOICE_MESSAGE.bin
File/Scenario/SCDATA/TCH/SCW_003_VOICE_MESSAGE.bin
File/Scenario/SCDATA/TCH/SCW_004_VOICE_MESSAGE.bin
File/Scenario/SCDATA/TCH/SCW_005_VOICE_MESSAGE.bin
File/Scenario/SCDATA/TCH/SCW_006_VOICE_MESSAGE.bin
File/Scenario/SCDATA/TCH/SCW_007_VOICE_MESSAGE.bin
File/Scenario/SCDATA/TCH/SCW_008_VOICE_MESSAGE.bin
File/Scenario/SCDATA/TCH/SCW_009_VOICE_MESSAGE.bin
File/Scenario/SCDATA/TCH/SCW_010_VOICE_MESSAGE.bin
File/Scenario/SCDATA/TCH/SCW_011_VOICE_MESSAGE.bin
File/Scenario/SCDATA/TCH/SCW_012_VOICE_MESSAGE.bin
File/Scenario/SCDATA/TCH/SCW_013_VOICE_MESSAGE.bin
File/Scenario/SCDATA/TCH/SCW_014_VOICE_MESSAGE.bin
File/Scenario/SCDATA/TCH/SCW_015_VOICE_MESSAGE.bin
File/Scenario/SCDATA/TCH/SCW_016_VOICE_MESSAGE.bin
File/Scenario/SCDATA/TCH/SCW_017_VOICE_MESSAGE.bin
File/Scenario/SCDATA/TCH/SCW_018_VOICE_MESSAGE.bin
File/Scenario/SCDATA/TCH/SCW_019_VOICE_MESSAGE.bin
File/Scenario/SCDATA/TCH/SCW_020_VOICE_MESSAGE.bin
File/Scenario/SCDATA/TCH/SCW_021_VOICE_MESSAGE.bin
File/Scenario/SCDATA/TCH/SCW_022_VOICE_MESSAGE.bin
File/Scenario/SCDATA/TCH/SCW_023_VOICE_MESSAGE.bin
File/Scenario/SCDATA/TCH/SCW_024_VOICE_MESSAGE.bin
File/Scenario/SCDATA/TCH/SCW_025_VOICE_MESSAGE.bin
File/Scenario/SCDATA/TCH/SCW_026_VOICE_MESSAGE.bin
File/Scenario/SCDATA/TCH/SCW_027_VOICE_MESSAGE.bin
File/Scenario/SCDATA/TCH/SCW_028_VOICE_MESSAGE.bin
File/Scenario/SCDATA/TCH/SCW_029_VOICE_MESSAGE.bin
File/Scenario/SCDATA/TCH/SCW_030_VOICE_MESSAGE.bin
File/Scenario/SCDATA/TCH/SCW_031_VOICE_MESSAGE.bin
File/Scenario/SCDATA/TCH/SCW_032_VOICE_MESSAGE.bin
File/Scenario/SCDATA/TCH/SCW_033_VOICE_MESSAGE.bin
File/Scenario/SCDATA/TCH/SCW_034_VOICE_MESSAGE.bin
File/Scenario/SCDATA/TCH/SCW_035_VOICE_MESSAGE.bin
File/Scenario/SCDATA/TCH/SCW_036_VOICE_MESSAGE.bin
File/Scenario/SCDATA/TCH/SCW_037_VOICE_MESSAGE.bin
File/Scenario/SCDATA/TCH/SCW_038_VOICE_MESSAGE.bin
File/Scenario/SCDATA/TCH/SCW_039_VOICE_MESSAGE.bin
File/Scenario/SCDATA/TCH/SCW_040_VOICE_MESSAGE.bin
File/Scenario/SCDATA/TCH/SCW_041_VOICE_MESSAGE.bin
File/Scenario/SCDATA/TCH/SCW_042_VOICE_MESSAGE.bin
File/Scenario/SCDATA/TCH/SCW_043_VOICE_MESSAGE.bin
File/Scenario/SCDATA/TCH/SCW_044_VOICE_MESSAGE.bin
File/Scenario/SCDATA/TCH/SCW_045_VOICE_MESSAGE.bin
File/Scenario/SCDATA/TCH/SCW_046_VOICE_MESSAGE.bin
File/Scenario/SCDATA/TCH/SCW_047_VOICE_MESSAGE.bin
File/Scenario/SCDATA/HAN/SCC_000_VOICE_MESSAGE.bin
File/Scenario/SCDATA/HAN/SCC_001_VOICE_MESSAGE.bin
File/Scenario/SCDATA/HAN/SCC_002_VOICE_MESSAGE.bin
File/Scenario/SCDATA/HAN/SCC_003_VOICE_MESSAGE.bin
File/Scenario/SCDATA/HAN/SCC_004_VOICE_MESSAGE.bin
File/Scenario/SCDATA/HAN/SCC_005_VOICE_MESSAGE.bin
File/Scenario/SCDATA/HAN/SCC_006_VOICE_MESSAGE.bin
File/Scenario/SCDATA/HAN/SCC_007_VOICE_MESSAGE.bin
File/Scenario/SCDATA/HAN/SCC_008_VOICE_MESSAGE.bin
File/Scenario/SCDATA/HAN/SCC_009_VOICE_MESSAGE.bin
File/Scenario/SCDATA/HAN/SCC_010_VOICE_MESSAGE.bin
File/Scenario/SCDATA/HAN/SCC_011_VOICE_MESSAGE.bin
File/Scenario/SCDATA/HAN/SCC_012_VOICE_MESSAGE.bin
File/Scenario/SCDATA/HAN/SCC_013_VOICE_MESSAGE.bin
File/Scenario/SCDATA/HAN/SCC_014_VOICE_MESSAGE.bin
File/Scenario/SCDATA/HAN/SCC_015_VOICE_MESSAGE.bin
File/Scenario/SCDATA/HAN/SCC_016_VOICE_MESSAGE.bin
File/Scenario/SCDATA/HAN/SCC_017_VOICE_MESSAGE.bin
File/Scenario/SCDATA/HAN/SCC_018_VOICE_MESSAGE.bin
File/Scenario/SCDATA/HAN/SCC_019_VOICE_MESSAGE.bin
File/Scenario/SCDATA/HAN/SCC_020_VOICE_MESSAGE.bin
File/Scenario/SCDATA/HAN/SCC_021_VOICE_MESSAGE.bin
File/Scenario/SCDATA/HAN/SCC_022_VOICE_MESSAGE.bin
File/Scenario/SCDATA/HAN/SCC_023_VOICE_MESSAGE.bin
File/Scenario/SCDATA/HAN/SCC_024_VOICE_MESSAGE.bin
File/Scenario/SCDATA/HAN/SCC_025_VOICE_MESSAGE.bin
File/Scenario/SCDATA/HAN/SCW_000_VOICE_MESSAGE.bin
File/Scenario/SCDATA/HAN/SCW_001_VOICE_MESSAGE.bin
File/Scenario/SCDATA/HAN/SCW_002_VOICE_MESSAGE.bin
File/Scenario/SCDATA/HAN/SCW_003_VOICE_MESSAGE.bin
File/Scenario/SCDATA/HAN/SCW_004_VOICE_MESSAGE.bin
File/Scenario/SCDATA/HAN/SCW_005_VOICE_MESSAGE.bin
File/Scenario/SCDATA/HAN/SCW_006_VOICE_MESSAGE.bin
File/Scenario/SCDATA/HAN/SCW_007_VOICE_MESSAGE.bin
File/Scenario/SCDATA/HAN/SCW_008_VOICE_MESSAGE.bin
File/Scenario/SCDATA/HAN/SCW_009_VOICE_MESSAGE.bin
File/Scenario/SCDATA/HAN/SCW_010_VOICE_MESSAGE.bin
File/Scenario/SCDATA/HAN/SCW_011_VOICE_MESSAGE.bin
File/Scenario/SCDATA/HAN/SCW_012_VOICE_MESSAGE.bin
File/Scenario/SCDATA/HAN/SCW_013_VOICE_MESSAGE.bin
File/Scenario/SCDATA/HAN/SCW_014_VOICE_MESSAGE.bin
File/Scenario/SCDATA/HAN/SCW_015_VOICE_MESSAGE.bin
File/Scenario/SCDATA/HAN/SCW_016_VOICE_MESSAGE.bin
File/Scenario/SCDATA/HAN/SCW_017_VOICE_MESSAGE.bin
File/Scenario/SCDATA/HAN/SCW_018_VOICE_MESSAGE.bin
File/Scenario/SCDATA/HAN/SCW_019_VOICE_MESSAGE.bin
File/Scenario/SCDATA/HAN/SCW_020_VOICE_MESSAGE.bin
File/Scenario/SCDATA/HAN/SCW_021_VOICE_MESSAGE.bin
File/Scenario/SCDATA/HAN/SCW_022_VOICE_MESSAGE.bin
File/Scenario/SCDATA/HAN/SCW_023_VOICE_MESSAGE.bin
File/Scenario/SCDATA/HAN/SCW_024_VOICE_MESSAGE.bin
File/Scenario/SCDATA/HAN/SCW_025_VOICE_MESSAGE.bin
File/Scenario/SCDATA/HAN/SCW_026_VOICE_MESSAGE.bin
File/Scenario/SCDATA/HAN/SCW_027_VOICE_MESSAGE.bin
File/Scenario/SCDATA/HAN/SCW_028_VOICE_MESSAGE.bin
File/Scenario/SCDATA/HAN/SCW_029_VOICE_MESSAGE.bin
File/Scenario/SCDATA/HAN/SCW_030_VOICE_MESSAGE.bin
File/Scenario/SCDATA/HAN/SCW_031_VOICE_MESSAGE.bin
File/Scenario/SCDATA/HAN/SCW_032_VOICE_MESSAGE.bin
File/Scenario/SCDATA/HAN/SCW_033_VOICE_MESSAGE.bin
File/Scenario/SCDATA/HAN/SCW_034_VOICE_MESSAGE.bin
File/Scenario/SCDATA/HAN/SCW_035_VOICE_MESSAGE.bin
File/Scenario/SCDATA/HAN/SCW_036_VOICE_MESSAGE.bin
File/Scenario/SCDATA/HAN/SCW_037_VOICE_MESSAGE.bin
File/Scenario/SCDATA/HAN/SCW_038_VOICE_MESSAGE.bin
File/Scenario/SCDATA/HAN/SCW_039_VOICE_MESSAGE.bin
File/Scenario/SCDATA/HAN/SCW_040_VOICE_MESSAGE.bin
File/Scenario/SCDATA/HAN/SCW_041_VOICE_MESSAGE.bin
File/Scenario/SCDATA/HAN/SCW_042_VOICE_MESSAGE.bin
File/Scenario/SCDATA/HAN/SCW_043_VOICE_MESSAGE.bin
File/Scenario/SCDATA/HAN/SCW_044_VOICE_MESSAGE.bin
File/Scenario/SCDATA/HAN/SCW_045_VOICE_MESSAGE.bin
File/Scenario/SCDATA/HAN/SCW_046_VOICE_MESSAGE.bin
File/Scenario/SCDATA/HAN/SCW_047_VOICE_MESSAGE.bin
File/Scenario/SystemMessage/TCH/SYSMES.BIN
File/Scenario/SystemMessage/HAN/SYSMES.BIN
File/Scenario/InvitationEvent/TEXT/TCH/SS_VoiceText.bin
File/Scenario/InvitationEvent/TEXT/HAN/SS_VoiceText.bin
File/Daily/Message/TCH/DailyMessage.bin.ZL_
File/Daily/Message/HAN/DailyMessage.bin.ZL_
File/Event/Talk/TEXT/TCH/TK_VoiceText.bin
File/Event/Talk/TEXT/HAN/TK_VoiceText.bin
File/Event/Mix/Text/TCH/MX_VoiceText.bin
File/Event/Mix/Text/HAN/MX_VoiceText.bin
File/Event/Subtitle/TEXT/TCH/MV_VoiceText.bin
File/Event/Subtitle/TEXT/HAN/MV_VoiceText.bin
